Component: ARM Compiler 5.06 update 4 (build 422) Tool: armlink [4d35d2]

==============================================================================

Section Cross References

    main.o(i.assert_nrf_callback) refers to app_error.o(i.app_error_handler) for app_error_handler
    main.o(i.ble_evt_dispatch) refers to ble_conn_state.o(i.ble_conn_state_on_ble_evt) for ble_conn_state_on_ble_evt
    main.o(i.ble_evt_dispatch) refers to peer_manager.o(i.pm_on_ble_evt) for pm_on_ble_evt
    main.o(i.ble_evt_dispatch) refers to ble_conn_params.o(i.ble_conn_params_on_ble_evt) for ble_conn_params_on_ble_evt
    main.o(i.ble_evt_dispatch) refers to bsp_btn_ble.o(i.bsp_btn_ble_on_ble_evt) for bsp_btn_ble_on_ble_evt
    main.o(i.ble_evt_dispatch) refers to main.o(i.on_ble_evt) for on_ble_evt
    main.o(i.ble_evt_dispatch) refers to ble_advertising.o(i.ble_advertising_on_ble_evt) for ble_advertising_on_ble_evt
    main.o(i.ble_evt_dispatch) refers to ble_dfu.o(i.ble_dfu_on_ble_evt) for ble_dfu_on_ble_evt
    main.o(i.ble_evt_dispatch) refers to main.o(.bss) for .bss
    main.o(i.ble_stack_init) refers to softdevice_handler.o(i.softdevice_handler_init) for softdevice_handler_init
    main.o(i.ble_stack_init) refers to app_error.o(i.app_error_handler_bare) for app_error_handler_bare
    main.o(i.ble_stack_init) refers to softdevice_handler.o(i.softdevice_enable_get_default_config) for softdevice_enable_get_default_config
    main.o(i.ble_stack_init) refers to softdevice_handler.o(i.softdevice_enable) for softdevice_enable
    main.o(i.ble_stack_init) refers to softdevice_handler.o(i.softdevice_ble_evt_handler_set) for softdevice_ble_evt_handler_set
    main.o(i.ble_stack_init) refers to softdevice_handler.o(i.softdevice_sys_evt_handler_set) for softdevice_sys_evt_handler_set
    main.o(i.ble_stack_init) refers to main.o(.constdata) for .constdata
    main.o(i.ble_stack_init) refers to main.o(.bss) for .bss
    main.o(i.ble_stack_init) refers to main.o(i.ble_evt_dispatch) for ble_evt_dispatch
    main.o(i.ble_stack_init) refers to main.o(i.sys_evt_dispatch) for sys_evt_dispatch
    main.o(i.bsp_event_handler) refers to main.o(i.sleep_mode_enter) for sleep_mode_enter
    main.o(i.bsp_event_handler) refers to app_error.o(i.app_error_handler_bare) for app_error_handler_bare
    main.o(i.bsp_event_handler) refers to ble_advertising.o(i.ble_advertising_restart_without_whitelist) for ble_advertising_restart_without_whitelist
    main.o(i.bsp_event_handler) refers to main.o(.data) for .data
    main.o(i.conn_params_error_handler) refers to app_error.o(i.app_error_handler_bare) for app_error_handler_bare
    main.o(i.main) refers to bsp.o(i.bsp_init) for bsp_init
    main.o(i.main) refers to app_error.o(i.app_error_handler_bare) for app_error_handler_bare
    main.o(i.main) refers to bsp_btn_ble.o(i.bsp_btn_ble_init) for bsp_btn_ble_init
    main.o(i.main) refers to main.o(i.ble_stack_init) for ble_stack_init
    main.o(i.main) refers to main.o(i.peer_manager_init) for peer_manager_init
    main.o(i.main) refers to memseta.o(.text) for __aeabi_memclr4
    main.o(i.main) refers to ble_advertising.o(i.ble_advertising_init) for ble_advertising_init
    main.o(i.main) refers to ble_dfu.o(i.ble_dfu_init) for ble_dfu_init
    main.o(i.main) refers to ble_conn_params.o(i.ble_conn_params_init) for ble_conn_params_init
    main.o(i.main) refers to ble_advertising.o(i.ble_advertising_start) for ble_advertising_start
    main.o(i.main) refers to main.o(i.bsp_event_handler) for bsp_event_handler
    main.o(i.main) refers to main.o(.data) for .data
    main.o(i.main) refers to main.o(i.on_adv_evt) for on_adv_evt
    main.o(i.main) refers to main.o(i.ble_dfu_evt_handler) for ble_dfu_evt_handler
    main.o(i.main) refers to main.o(.bss) for .bss
    main.o(i.main) refers to main.o(i.on_conn_params_evt) for on_conn_params_evt
    main.o(i.main) refers to main.o(i.conn_params_error_handler) for conn_params_error_handler
    main.o(i.on_adv_evt) refers to bsp.o(i.bsp_indication_set) for bsp_indication_set
    main.o(i.on_adv_evt) refers to app_error.o(i.app_error_handler_bare) for app_error_handler_bare
    main.o(i.on_adv_evt) refers to main.o(i.sleep_mode_enter) for sleep_mode_enter
    main.o(i.on_ble_evt) refers to bsp.o(i.bsp_indication_set) for bsp_indication_set
    main.o(i.on_ble_evt) refers to app_error.o(i.app_error_handler_bare) for app_error_handler_bare
    main.o(i.on_ble_evt) refers to memcpya.o(.text) for __aeabi_memcpy
    main.o(i.on_ble_evt) refers to main.o(.data) for .data
    main.o(i.on_conn_params_evt) refers to app_error.o(i.app_error_handler_bare) for app_error_handler_bare
    main.o(i.on_conn_params_evt) refers to main.o(.data) for .data
    main.o(i.peer_manager_init) refers to peer_manager.o(i.pm_init) for pm_init
    main.o(i.peer_manager_init) refers to app_error.o(i.app_error_handler_bare) for app_error_handler_bare
    main.o(i.peer_manager_init) refers to peer_manager.o(i.pm_peers_delete) for pm_peers_delete
[...]
    .data                                    0x20002248   Section        2  fstorage.o(.data)
    m_flags                                  0x20002248   Data           1  fstorage.o(.data)
    m_retry_count                            0x20002249   Data           1  fstorage.o(.data)
    .data                                    0x2000224c   Section       20  softdevice_handler.o(.data)
    m_softdevice_enabled                     0x2000224c   Data           1  softdevice_handler.o(.data)
    m_suspended                              0x2000224d   Data           1  softdevice_handler.o(.data)
    m_ble_evt_buffer_size                    0x2000224e   Data           2  softdevice_handler.o(.data)
    m_evt_schedule_func                      0x20002250   Data           4  softdevice_handler.o(.data)
    mp_ble_evt_buffer                        0x20002254   Data           4  softdevice_handler.o(.data)
    m_ble_evt_handler                        0x20002258   Data           4  softdevice_handler.o(.data)
    m_sys_evt_handler                        0x2000225c   Data           4  softdevice_handler.o(.data)
    .data                                    0x20002260   Section        4  system_nrf52.o(.data)
    __tagsym$$used                           0x20002260   Number         0  system_nrf52.o(.data)
    fs_data                                  0x20002264   Section       16  nrf_dfu_flash_buttonless.o(fs_data)
    __tagsym$$used                           0x20002264   Number         0  nrf_dfu_flash_buttonless.o(fs_data)
    fs_dfu_config                            0x20002264   Data          16  nrf_dfu_flash_buttonless.o(fs_data)
    fs_data                                  0x20002274   Section       16  fds.o(fs_data)
    __tagsym$$used                           0x20002274   Number         0  fds.o(fs_data)
    fs_config                                0x20002274   Data          16  fds.o(fs_data)
    .bss                                     0x20002284   Section      104  main.o(.bss)
    BLE_EVT_BUFFER                           0x20002284   Data          80  main.o(.bss)
    m_dfus                                   0x200022d4   Data          24  main.o(.bss)
    .bss                                     0x200022ec   Section       32  bsp.o(.bss)
    m_leds_timer_id_data                     0x200022ec   Data          32  bsp.o(.bss)
    .bss                                     0x2000230c   Section       32  bsp.o(.bss)
    m_alert_timer_id_data                    0x2000230c   Data          32  bsp.o(.bss)
    .bss                                     0x2000232c   Section       12  bsp.o(.bss)
    m_events_list                            0x2000232c   Data          12  bsp.o(.bss)
    .bss                                     0x20002338   Section       32  bsp.o(.bss)
    m_button_timer_id_data                   0x20002338   Data          32  bsp.o(.bss)
    .bss                                     0x20002358   Section      179  ble_advertising.o(.bss)
    m_adv_modes_config                       0x20002358   Data          32  ble_advertising.o(.bss)
    m_advdata                                0x20002378   Data          60  ble_advertising.o(.bss)
    m_manuf_specific_data                    0x200023b4   Data          12  ble_advertising.o(.bss)
    m_manuf_data_array                       0x200023c0   Data          31  ble_advertising.o(.bss)
    m_service_data                           0x200023e0   Data          12  ble_advertising.o(.bss)
    m_service_data_array                     0x200023ec   Data          31  ble_advertising.o(.bss)
    .bss                                     0x2000240c   Section       32  ble_conn_params.o(.bss)
    m_conn_params_timer_id_data              0x2000240c   Data          32  ble_conn_params.o(.bss)
    .bss                                     0x2000242c   Section       28  ble_conn_params.o(.bss)
    m_conn_params_config                     0x2000242c   Data          28  ble_conn_params.o(.bss)
    .bss                                     0x20002448   Section       52  ble_conn_state.o(.bss)
    m_bcs                                    0x20002448   Data          52  ble_conn_state.o(.bss)
    .bss                                     0x2000247c   Section      112  id_manager.o(.bss)
    m_connections                            0x2000247c   Data          96  id_manager.o(.bss)
    m_wlisted_peers                          0x200024dc   Data          16  id_manager.o(.bss)
    .bss                                     0x200024ec   Section      816  peer_database.o(.bss)
    buffer_memory                            0x200024ec   Data         640  peer_database.o(.bss)
    m_write_buffer                           0x2000276c   Data          16  peer_database.o(.bss)
    m_write_buffer_records                   0x2000277c   Data         160  peer_database.o(.bss)
    .bss                                     0x2000281c   Section       64  peer_id.o(.bss)
    m_pi                                     0x2000281c   Data          64  peer_id.o(.bss)
    .bss                                     0x2000285c   Section       12  peer_manager.o(.bss)
    m_evt_handlers                           0x2000285c   Data          12  peer_manager.o(.bss)
    .bss                                     0x20002868   Section       64  security_dispatcher.o(.bss)
    m_peer_pk                                0x20002868   Data          64  security_dispatcher.o(.bss)
    .bss                                     0x200028a8   Section      696  nrf_dfu_settings.o(.bss)
    temp_dfu_settings                        0x200028a8   Data         348  nrf_dfu_settings.o(.bss)
    .bss                                     0x20002b60   Section       20  nrf_drv_clock.o(.bss)
    m_clock_cb                               0x20002b60   Data          20  nrf_drv_clock.o(.bss)
    .bss                                     0x20002b74   Section       88  nrf_drv_gpiote.o(.bss)
    m_cb                                     0x20002b74   Data          88  nrf_drv_gpiote.o(.bss)
    .bss                                     0x20002bcc   Section       32  nrf_drv_uart.o(.bss)
    m_cb                                     0x20002bcc   Data          32  nrf_drv_uart.o(.bss)
    .bss                                     0x20002bec   Section       32  app_button.o(.bss)
    m_detection_delay_timer_id_data          0x20002bec   Data          32  app_button.o(.bss)
    .bss                                     0x20002c0c   Section       12  app_util_platform.o(.bss)
    .bss                                     0x20002c18   Section      284  fds.o(.bss)
    desc                                     0x20002c18   Data          12  fds.o(.bss)
    m_cb_table                               0x20002c24   Data          32  fds.o(.bss)
    m_op_queue                               0x20002c44   Data         120  fds.o(.bss)
    m_chunk_queue                            0x20002cbc   Data          72  fds.o(.bss)
    m_pages                                  0x20002d04   Data          32  fds.o(.bss)
    m_gc                                     0x20002d24   Data          16  fds.o(.bss)
    .bss                                     0x20002d34   Section      104  fstorage.o(.bss)
    m_queue                                  0x20002d34   Data         104  fstorage.o(.bss)
    STACK                                    0x20002da0   Section     8192  arm_startup_nrf52.o(STACK)

    Global Symbols

    Symbol Name                              Value     Ov Type        Size  Object(Section)

    BuildAttributes$$THM_ISAv4$E$P$D$K$B$S$7EM$VFPi3$EXTD16$VFPS$VFMA$PE$A:L22UL41UL21$X:L11$S22US41US21$IEEE1$IW$USESV6$~STKCKD$USESV7$~SHL$OSPACE$EBA8$MICROLIB$REQ8$PRES8$EABIv2 0x00000000   Number         0  anon$$obj.o ABSOLUTE
    __ARM_use_no_argv                        0x00000000   Number         0  main.o ABSOLUTE
    __cpp_initialize__aeabi_                  - Undefined Weak Reference
    __cxa_finalize                            - Undefined Weak Reference
    _clock_init                               - Undefined Weak Reference
    _microlib_exit                            - Undefined Weak Reference
    __Vectors_Size                           0x00000200   Number         0  arm_startup_nrf52.o ABSOLUTE
    __Vectors                                0x0001f000   Data           4  arm_startup_nrf52.o(RESET)
    __Vectors_End                            0x0001f200   Data           0  arm_startup_nrf52.o(RESET)
    __main                                   0x0001f201   Thumb Code     0  entry.o(.ARM.Collect$$$$00000000)
    _main_stk                                0x0001f201   Thumb Code     0  entry2.o(.ARM.Collect$$$$00000001)
    _main_scatterload                        0x0001f205   Thumb Code     0  entry5.o(.ARM.Collect$$$$00000004)
    __main_after_scatterload                 0x0001f209   Thumb Code     0  entry5.o(.ARM.Collect$$$$00000004)
    _main_clock                              0x0001f209   Thumb Code     0  entry7b.o(.ARM.Collect$$$$00000008)
    _main_cpp_init                           0x0001f209   Thumb Code     0  entry8b.o(.ARM.Collect$$$$0000000A)
    _main_init                               0x0001f209   Thumb Code     0  entry9a.o(.ARM.Collect$$$$0000000B)
    __rt_final_cpp                           0x0001f211   Thumb Code     0  entry10a.o(.ARM.Collect$$$$0000000D)
    __rt_final_exit                          0x0001f211   Thumb Code     0  entry11a.o(.ARM.Collect$$$$0000000F)
    Reset_Handler                            0x0001f215   Thumb Code     8  arm_startup_nrf52.o(.text)
    NMI_Handler                              0x0001f21d   Thumb Code     2  arm_startup_nrf52.o(.text)
    HardFault_Handler                        0x0001f21f   Thumb Code     2  arm_startup_nrf52.o(.text)
    MemoryManagement_Handler                 0x0001f221   Thumb Code     2  arm_startup_nrf52.o(.text)
    BusFault_Handler                         0x0001f223   Thumb Code     2  arm_startup_nrf52.o(.text)
    UsageFault_Handler                       0x0001f225   Thumb Code     2  arm_startup_nrf52.o(.text)
    SVC_Handler                              0x0001f227   Thumb Code     2  arm_startup_nrf52.o(.text)
    DebugMon_Handler                         0x0001f229   Thumb Code     2  arm_startup_nrf52.o(.text)
    PendSV_Handler                           0x0001f22b   Thumb Code     2  arm_startup_nrf52.o(.text)
    SysTick_Handler                          0x0001f22d   Thumb Code     2  arm_startup_nrf52.o(.text)
    CCM_AAR_IRQHandler                       0x0001f22f   Thumb Code     0  arm_startup_nrf52.o(.text)
    COMP_LPCOMP_IRQHandler                   0x0001f22f   Thumb Code     0  arm_startup_nrf52.o(.text)
    ECB_IRQHandler                           0x0001f22f   Thumb Code     0  arm_startup_nrf52.o(.text)
    FPU_IRQHandler                           0x0001f22f   Thumb Code     0  arm_startup_nrf52.o(.text)
    I2S_IRQHandler                           0x0001f22f   Thumb Code     0  arm_startup_nrf52.o(.text)
    MWU_IRQHandler                           0x0001f22f   Thumb Code     0  arm_startup_nrf52.o(.text)
    NFCT_IRQHandler                          0x0001f22f   Thumb Code     0  arm_startup_nrf52.o(.text)
    PDM_IRQHandler                           0x0001f22f   Thumb Code     0  arm_startup_nrf52.o(.text)
    PWM0_IRQHandler                          0x0001f22f   Thumb Code     0  arm_startup_nrf52.o(.text)
    PWM1_IRQHandler                          0x0001f22f   Thumb Code     0  arm_startup_nrf52.o(.text)
    PWM2_IRQHandler                          0x0001f22f   Thumb Code     0  arm_startup_nrf52.o(.text)
    QDEC_IRQHandler                          0x0001f22f   Thumb Code     0  arm_startup_nrf52.o(.text)
    RADIO_IRQHandler                         0x0001f22f   Thumb Code     0  arm_startup_nrf52.o(.text)
    RNG_IRQHandler                           0x0001f22f   Thumb Code     0  arm_startup_nrf52.o(.text)
    RTC0_IRQHandler                          0x0001f22f   Thumb Code     0  arm_startup_nrf52.o(.text)
    RTC2_IRQHandler                          0x0001f22f   Thumb Code     0  arm_startup_nrf52.o(.text)
    SAADC_IRQHandler                         0x0001f22f   Thumb Code     0  arm_startup_nrf52.o(.text)
    SPIM0_SPIS0_TWIM0_TWIS0_SPI0_TWI0_IRQHandler 0x0001f22f   Thumb Code     0  arm_startup_nrf52.o(.text)
    SPIM1_SPIS1_TWIM1_TWIS1_SPI1_TWI1_IRQHandler 0x0001f22f   Thumb Code     0  arm_startup_nrf52.o(.text)
    SPIM2_SPIS2_SPI2_IRQHandler              0x0001f22f   Thumb Code     0  arm_startup_nrf52.o(.text)
    SWI1_EGU1_IRQHandler                     0x0001f22f   Thumb Code     0  arm_startup_nrf52.o(.text)
    SWI3_EGU3_IRQHandler                     0x0001f22f   Thumb Code     0  arm_startup_nrf52.o(.text)
    SWI4_EGU4_IRQHandler                     0x0001f22f   Thumb Code     0  arm_startup_nrf52.o(.text)
    SWI5_EGU5_IRQHandler                     0x0001f22f   Thumb Code     0  arm_startup_nrf52.o(.text)
    TEMP_IRQHandler                          0x0001f22f   Thumb Code     0  arm_startup_nrf52.o(.text)
    TIMER0_IRQHandler                        0x0001f22f   Thumb Code     0  arm_startup_nrf52.o(.text)
    TIMER1_IRQHandler                        0x0001f22f   Thumb Code     0  arm_startup_nrf52.o(.text)
    TIMER2_IRQHandler                        0x0001f22f   Thumb Code     0  arm_startup_nrf52.o(.text)
    TIMER3_IRQHandler                        0x0001f22f   Thumb Code     0  arm_startup_nrf52.o(.text)
    TIMER4_IRQHandler                        0x0001f22f   Thumb Code     0  arm_startup_nrf52.o(.text)
    WDT_IRQHandler                           0x0001f22f   Thumb Code     0  arm_startup_nrf52.o(.text)
    __aeabi_memcpy                           0x0001f239   Thumb Code    36  memcpya.o(.text)
    __aeabi_memcpy4                          0x0001f239   Thumb Code     0  memcpya.o(.text)
    __aeabi_memcpy8                          0x0001f239   Thumb Code     0  memcpya.o(.text)
    __aeabi_memset                           0x0001f25d   Thumb Code    14  memseta.o(.text)
    __aeabi_memset4                          0x0001f25d   Thumb Code     0  memseta.o(.text)
    __aeabi_memset8                          0x0001f25d   Thumb Code     0  memseta.o(.text)
    __aeabi_memclr                           0x0001f26b   Thumb Code     4  memseta.o(.text)
    __aeabi_memclr4                          0x0001f26b   Thumb Code     0  memseta.o(.text)
    __aeabi_memclr8                          0x0001f26b   Thumb Code     0  memseta.o(.text)
    _memset$wrapper                          0x0001f26f   Thumb Code    18  memseta.o(.text)
    memcmp                                   0x0001f281   Thumb Code    26  memcmp.o(.text)
    __scatterload                            0x0001f29d   Thumb Code    28  init.o(.text)
    __scatterload_rt2                        0x0001f29d   Thumb Code     0  init.o(.text)
    __decompress                             0x0001f2c1   Thumb Code     0  __dczerorl2.o(.text)
    __decompress1                            0x0001f2c1   Thumb Code    86  __dczerorl2.o(.text)
    GPIOTE_IRQHandler                        0x0001f319   Thumb Code   362  nrf_drv_gpiote.o(i.GPIOTE_IRQHandler)
    POWER_CLOCK_IRQHandler                   0x0001f4fd   Thumb Code    84  nrf_drv_clock.o(i.POWER_CLOCK_IRQHandler)
    RTC1_IRQHandler                          0x0001f555   Thumb Code    32  app_timer.o(i.RTC1_IRQHandler)
    SWI0_EGU0_IRQHandler                     0x0001f579   Thumb Code     4  app_timer.o(i.SWI0_EGU0_IRQHandler)
    SWI2_EGU2_IRQHandler                     0x0001f57d   Thumb Code    32  softdevice_handler.o(i.SWI2_EGU2_IRQHandler)
    SystemInit                               0x0001f5a1   Thumb Code   700  system_nrf52.o(i.SystemInit)
    UARTE0_UART0_IRQHandler                  0x0001f89d   Thumb Code    20  nrf_drv_uart.o(i.UARTE0_UART0_IRQHandler)
    __scatterload_copy                       0x0001f8b9   Thumb Code    14  handlers.o(i.__scatterload_copy)
    __scatterload_null                       0x0001f8c7   Thumb Code     2  handlers.o(i.__scatterload_null)
    __scatterload_zeroinit                   0x0001f8c9   Thumb Code    14  handlers.o(i.__scatterload_zeroinit)
    addr_compare                             0x0001f8fd   Thumb Code    38  id_manager.o(i.addr_compare)
    adv_data_encode                          0x0001f923   Thumb Code   386  ble_advdata.o(i.adv_data_encode)
    ah                                       0x0001fb33   Thumb Code    82  id_manager.o(i.ah)
    app_button_enable                        0x0001fb8d   Thumb Code    32  app_button.o(i.app_button_enable)
    app_button_init                          0x0001fbb1   Thumb Code    96  app_button.o(i.app_button_init)
    app_error_fault_handler                  0x0001fc21   Thumb Code    26  app_error_weak.o(i.app_error_fault_handler)
    app_error_handler_bare                   0x0001fc45   Thumb Code    22  app_error.o(i.app_error_handler_bare)
    app_sched_execute                        0x0001fc5d   Thumb Code    58  app_scheduler.o(i.app_sched_execute)
    app_timer_create                         0x0001fc9d   Thumb Code    32  app_timer.o(i.app_timer_create)
    app_timer_start                          0x0001fcc1   Thumb Code   128  app_timer.o(i.app_timer_start)
    app_timer_stop                           0x0001fd49   Thumb Code    26  app_timer.o(i.app_timer_stop)
    app_util_critical_region_enter           0x0001fd69   Thumb Code    64  app_util_platform.o(i.app_util_critical_region_enter)
    app_util_critical_region_exit            0x0001fdb1   Thumb Code    46  app_util_platform.o(i.app_util_critical_region_exit)
    ble_advdata_set                          0x0001fe85   Thumb Code   104  ble_advdata.o(i.ble_advdata_set)
    ble_advertising_init                     0x0001feed   Thumb Code   278  ble_advertising.o(i.ble_advertising_init)
    ble_advertising_on_ble_evt               0x0002000d   Thumb Code    88  ble_advertising.o(i.ble_advertising_on_ble_evt)
    ble_advertising_on_sys_evt               0x00020069   Thumb Code    46  ble_advertising.o(i.ble_advertising_on_sys_evt)
    ble_advertising_restart_without_whitelist 0x0002009d   Thumb Code    50  ble_advertising.o(i.ble_advertising_restart_without_whitelist)
    ble_advertising_start                    0x000200d9   Thumb Code   250  ble_advertising.o(i.ble_advertising_start)
    ble_conn_params_init                     0x000201dd   Thumb Code    72  ble_conn_params.o(i.ble_conn_params_init)
    ble_conn_params_on_ble_evt               0x00020235   Thumb Code   120  ble_conn_params.o(i.ble_conn_params_on_ble_evt)
    ble_conn_state_conn_handles              0x000202b9   Thumb Code    10  ble_conn_state.o(i.ble_conn_state_conn_handles)
    ble_conn_state_encrypted                 0x000202c9   Thumb Code    12  ble_conn_state.o(i.ble_conn_state_encrypted)
    ble_conn_state_mitm_protected            0x000202d9   Thumb Code    12  ble_conn_state.o(i.ble_conn_state_mitm_protected)
    ble_conn_state_on_ble_evt                0x000202e9   Thumb Code   264  ble_conn_state.o(i.ble_conn_state_on_ble_evt)
    ble_conn_state_role                      0x000203f5   Thumb Code    42  ble_conn_state.o(i.ble_conn_state_role)
    ble_conn_state_user_flag_acquire         0x00020425   Thumb Code    40  ble_conn_state.o(i.ble_conn_state_user_flag_acquire)
    ble_conn_state_user_flag_collection      0x00020451   Thumb Code    20  ble_conn_state.o(i.ble_conn_state_user_flag_collection)
    ble_conn_state_user_flag_get             0x00020469   Thumb Code    36  ble_conn_state.o(i.ble_conn_state_user_flag_get)
    ble_conn_state_user_flag_set             0x00020491   Thumb Code    40  ble_conn_state.o(i.ble_conn_state_user_flag_set)
    ble_dfu_init                             0x00020521   Thumb Code   108  ble_dfu.o(i.ble_dfu_init)
    ble_dfu_on_ble_evt                       0x00020595   Thumb Code   182  ble_dfu.o(i.ble_dfu_on_ble_evt)
    ble_srv_is_notification_enabled          0x0002068d   Thumb Code     8  ble_srv_common.o(i.ble_srv_is_notification_enabled)
    bsp_board_button_idx_to_pin              0x00020701   Thumb Code     6  boards.o(i.bsp_board_button_idx_to_pin)
    bsp_board_button_state_get               0x0002070d   Thumb Code    28  boards.o(i.bsp_board_button_state_get)
    bsp_board_led_invert                     0x0002072d   Thumb Code    32  boards.o(i.bsp_board_led_invert)
    bsp_board_led_off                        0x00020751   Thumb Code    10  boards.o(i.bsp_board_led_off)
    bsp_board_led_on                         0x00020761   Thumb Code    10  boards.o(i.bsp_board_led_on)
    bsp_board_led_state_get                  0x00020771   Thumb Code    28  boards.o(i.bsp_board_led_state_get)
    bsp_board_leds_init                      0x00020791   Thumb Code    38  boards.o(i.bsp_board_leds_init)
    bsp_board_leds_off                       0x000207bd   Thumb Code    18  boards.o(i.bsp_board_leds_off)
    bsp_board_leds_on                        0x000207cf   Thumb Code    18  boards.o(i.bsp_board_leds_on)
    bsp_board_pin_to_button_idx              0x000207e1   Thumb Code    30  boards.o(i.bsp_board_pin_to_button_idx)
    bsp_btn_ble_init                         0x00020805   Thumb Code    52  bsp_btn_ble.o(i.bsp_btn_ble_init)
    bsp_btn_ble_on_ble_evt                   0x0002083d   Thumb Code   106  bsp_btn_ble.o(i.bsp_btn_ble_on_ble_evt)
    bsp_btn_ble_sleep_mode_prepare           0x000208ad   Thumb Code    30  bsp_btn_ble.o(i.bsp_btn_ble_sleep_mode_prepare)
    bsp_button_is_pressed                    0x00020961   Thumb Code     4  bsp.o(i.bsp_button_is_pressed)
    bsp_event_to_button_action_assign        0x000209a9   Thumb Code    64  bsp.o(i.bsp_event_to_button_action_assign)
    bsp_indication_set                       0x000209ed   Thumb Code    20  bsp.o(i.bsp_indication_set)
    bsp_init                                 0x00020a05   Thumb Code   132  bsp.o(i.bsp_init)
    bsp_wakeup_button_enable                 0x00020c11   Thumb Code    16  bsp.o(i.bsp_wakeup_button_enable)
    chunk_queue_next                         0x00020cbd   Thumb Code    20  fds.o(i.chunk_queue_next)
    crc32_compute                            0x00020ec9   Thumb Code    54  crc32.o(i.crc32_compute)
    fds_file_delete                          0x000212b5   Thumb Code    70  fds.o(i.fds_file_delete)
    fds_gc                                   0x00021301   Thumb Code    58  fds.o(i.fds_gc)
    fds_init                                 0x00021345   Thumb Code   130  fds.o(i.fds_init)
    fds_record_close                         0x000213cd   Thumb Code    54  fds.o(i.fds_record_close)
    fds_record_find                          0x00021409   Thumb Code    14  fds.o(i.fds_record_find)
    fds_record_find_by_key                   0x00021417   Thumb Code    16  fds.o(i.fds_record_find_by_key)
    fds_record_find_in_file                  0x00021427   Thumb Code    16  fds.o(i.fds_record_find_in_file)
    fds_record_id_from_desc                  0x00021437   Thumb Code    16  fds.o(i.fds_record_id_from_desc)
    fds_record_open                          0x00021449   Thumb Code    60  fds.o(i.fds_record_open)
    fds_record_update                        0x00021489   Thumb Code    14  fds.o(i.fds_record_update)
    fds_record_write                         0x00021497   Thumb Code     8  fds.o(i.fds_record_write)
    fds_record_write_reserved                0x0002149f   Thumb Code    12  fds.o(i.fds_record_write_reserved)
    fds_register                             0x000214ad   Thumb Code    26  fds.o(i.fds_register)
    fds_reserve                              0x000214d1   Thumb Code    46  fds.o(i.fds_reserve)
    fds_reserve_cancel                       0x00021505   Thumb Code    60  fds.o(i.fds_reserve_cancel)
    flash_callback                           0x000215f9   Thumb Code    24  ble_dfu.o(i.flash_callback)
    fs_erase                                 0x00021615   Thumb Code   110  fstorage.o(i.fs_erase)
    fs_init                                  0x000216b9   Thumb Code   164  fstorage.o(i.fs_init)
    fs_queue_is_full                         0x00021769   Thumb Code    16  fstorage.o(i.fs_queue_is_full)
    fs_queued_op_count_get                   0x0002177d   Thumb Code    16  fstorage.o(i.fs_queued_op_count_get)
    fs_store                                 0x00021791   Thumb Code   124  fstorage.o(i.fs_store)
    fs_sys_event_handler                     0x00021811   Thumb Code    96  fstorage.o(i.fs_sys_event_handler)
    gcm_ble_evt_handler                      0x00021a55   Thumb Code   232  gatt_cache_manager.o(i.gcm_ble_evt_handler)
    gcm_gscm_evt_handler                     0x00021b41   Thumb Code   102  gatt_cache_manager.o(i.gcm_gscm_evt_handler)
    gcm_im_evt_handler                       0x00021bad   Thumb Code    44  gatt_cache_manager.o(i.gcm_im_evt_handler)
    gcm_init                                 0x00021bdd   Thumb Code    66  gatt_cache_manager.o(i.gcm_init)
    gcm_local_database_has_changed           0x00021c25   Thumb Code    78  gatt_cache_manager.o(i.gcm_local_database_has_changed)
    gcm_smd_evt_handler                      0x00021c79   Thumb Code    14  gatt_cache_manager.o(i.gcm_smd_evt_handler)
    get_connection_by_conn_handle            0x00021c89   Thumb Code    48  id_manager.o(i.get_connection_by_conn_handle)
    get_free_connection                      0x00021cc1   Thumb Code    40  id_manager.o(i.get_free_connection)
    gscm_db_change_notification_done         0x00021d49   Thumb Code    22  gatts_cache_manager.o(i.gscm_db_change_notification_done)
    gscm_init                                0x00021d65   Thumb Code    16  gatts_cache_manager.o(i.gscm_init)
    gscm_local_database_has_changed          0x00021d79   Thumb Code    22  gatts_cache_manager.o(i.gscm_local_database_has_changed)
    gscm_local_db_cache_apply                0x00021d95   Thumb Code   106  gatts_cache_manager.o(i.gscm_local_db_cache_apply)
    gscm_local_db_cache_update               0x00021dff   Thumb Code   128  gatts_cache_manager.o(i.gscm_local_db_cache_update)
    gscm_pdb_evt_handler                     0x00021e81   Thumb Code    80  gatts_cache_manager.o(i.gscm_pdb_evt_handler)
    gscm_service_changed_ind_needed          0x00021ed5   Thumb Code    26  gatts_cache_manager.o(i.gscm_service_changed_ind_needed)
    gscm_service_changed_ind_send            0x00021ef1   Thumb Code    40  gatts_cache_manager.o(i.gscm_service_changed_ind_send)
    im_address_resolve                       0x00021f33   Thumb Code    70  id_manager.o(i.im_address_resolve)
    im_ble_addr_get                          0x00021f79   Thumb Code    42  id_manager.o(i.im_ble_addr_get)
    im_ble_evt_handler                       0x00021fa9   Thumb Code   174  id_manager.o(i.im_ble_evt_handler)
    im_conn_handle_get                       0x00022059   Thumb Code    40  id_manager.o(i.im_conn_handle_get)
    im_init                                  0x00022085   Thumb Code    54  id_manager.o(i.im_init)
    im_is_duplicate_bonding_data             0x000220c5   Thumb Code    52  id_manager.o(i.im_is_duplicate_bonding_data)
    im_master_id_is_valid                    0x000220f9   Thumb Code    24  id_manager.o(i.im_master_id_is_valid)
    im_master_ids_compare                    0x00022111   Thumb Code    42  id_manager.o(i.im_master_ids_compare)
    im_new_peer_id                           0x0002213b   Thumb Code     4  id_manager.o(i.im_new_peer_id)
    im_pdb_evt_handler                       0x0002213f   Thumb Code   114  id_manager.o(i.im_pdb_evt_handler)
    im_peer_free                             0x000221b1   Thumb Code    38  id_manager.o(i.im_peer_free)
    im_peer_id_get_by_conn_handle            0x000221d9   Thumb Code    28  id_manager.o(i.im_peer_id_get_by_conn_handle)
    im_peer_id_get_by_master_id              0x000221f9   Thumb Code    60  id_manager.o(i.im_peer_id_get_by_master_id)
    intern_softdevice_events_execute         0x000222f5   Thumb Code   114  softdevice_handler.o(i.intern_softdevice_events_execute)
    is_valid_irk                             0x00022389   Thumb Code    20  id_manager.o(i.is_valid_irk)
    main                                     0x00022945   Thumb Code   318  main.o(i.main)
    new_connection                           0x00022bb5   Thumb Code    80  id_manager.o(i.new_connection)
    next_id_get                              0x00022c0d   Thumb Code    48  peer_id.o(i.next_id_get)
    nrf_dfu_flash_erase                      0x00022d85   Thumb Code    60  nrf_dfu_flash_buttonless.o(i.nrf_dfu_flash_erase)
    nrf_dfu_flash_init                       0x00022dc9   Thumb Code    10  nrf_dfu_flash_buttonless.o(i.nrf_dfu_flash_init)
    nrf_dfu_flash_store                      0x00022dd9   Thumb Code    58  nrf_dfu_flash_buttonless.o(i.nrf_dfu_flash_store)
    nrf_dfu_settings_calculate_crc           0x00022e1d   Thumb Code    10  nrf_dfu_settings.o(i.nrf_dfu_settings_calculate_crc)
    nrf_dfu_settings_init                    0x00022e2d   Thumb Code    72  nrf_dfu_settings.o(i.nrf_dfu_settings_init)
    nrf_dfu_settings_write                   0x00022e81   Thumb Code    98  nrf_dfu_settings.o(i.nrf_dfu_settings_write)
    nrf_drv_clock_init                       0x00022ef9   Thumb Code    64  nrf_drv_clock.o(i.nrf_drv_clock_init)
    nrf_drv_clock_on_sd_enable               0x00022f41   Thumb Code    44  nrf_drv_clock.o(i.nrf_drv_clock_on_sd_enable)
    nrf_drv_clock_on_soc_event               0x00022f71   Thumb Code    10  nrf_drv_clock.o(i.nrf_drv_clock_on_soc_event)
    nrf_drv_common_irq_enable                0x00022f7b   Thumb Code    56  nrf_drv_common.o(i.nrf_drv_common_irq_enable)
    nrf_drv_gpiote_in_event_enable           0x00022fb5   Thumb Code   156  nrf_drv_gpiote.o(i.nrf_drv_gpiote_in_event_enable)
    nrf_drv_gpiote_in_init                   0x00023059   Thumb Code   172  nrf_drv_gpiote.o(i.nrf_drv_gpiote_in_init)
    nrf_drv_gpiote_in_is_set                 0x00023111   Thumb Code    20  nrf_drv_gpiote.o(i.nrf_drv_gpiote_in_is_set)
    nrf_drv_gpiote_init                      0x00023125   Thumb Code    84  nrf_drv_gpiote.o(i.nrf_drv_gpiote_init)
    nrf_drv_gpiote_is_init                   0x00023181   Thumb Code    14  nrf_drv_gpiote.o(i.nrf_drv_gpiote_is_init)
    pdb_init                                 0x000237b9   Thumb Code    66  peer_database.o(i.pdb_init)
    pdb_next_deleted_peer_id_get             0x00023809   Thumb Code     4  peer_database.o(i.pdb_next_deleted_peer_id_get)
    pdb_next_peer_id_get                     0x0002380d   Thumb Code     4  peer_database.o(i.pdb_next_peer_id_get)
    pdb_pds_evt_handler                      0x00023811   Thumb Code   294  peer_database.o(i.pdb_pds_evt_handler)
    pdb_peer_allocate                        0x00023941   Thumb Code     4  peer_database.o(i.pdb_peer_allocate)
    pdb_peer_data_load                       0x00023945   Thumb Code    16  peer_database.o(i.pdb_peer_data_load)
    pdb_peer_data_ptr_get                    0x00023955   Thumb Code     6  peer_database.o(i.pdb_peer_data_ptr_get)
    pdb_peer_free                            0x0002395b   Thumb Code    68  peer_database.o(i.pdb_peer_free)
    pdb_raw_store                            0x0002399f   Thumb Code     8  peer_database.o(i.pdb_raw_store)
    pdb_write_buf_get                        0x000239a9   Thumb Code   260  peer_database.o(i.pdb_write_buf_get)
    pdb_write_buf_release                    0x00023ab1   Thumb Code    40  peer_database.o(i.pdb_write_buf_release)
    pdb_write_buf_store                      0x00023ad9   Thumb Code   188  peer_database.o(i.pdb_write_buf_store)
    pdb_write_buf_store_prepare              0x00023b9d   Thumb Code    98  peer_database.o(i.pdb_write_buf_store_prepare)
    pds_init                                 0x00023c11   Thumb Code    98  peer_data_storage.o(i.pds_init)
    pds_next_deleted_peer_id_get             0x00023c7d   Thumb Code     4  peer_data_storage.o(i.pds_next_deleted_peer_id_get)
    pds_next_peer_id_get                     0x00023c81   Thumb Code     4  peer_data_storage.o(i.pds_next_peer_id_get)
    pds_peer_data_iterate                    0x00023c85   Thumb Code    74  peer_data_storage.o(i.pds_peer_data_iterate)
    pds_peer_data_iterate_prepare            0x00023cd5   Thumb Code    10  peer_data_storage.o(i.pds_peer_data_iterate_prepare)
    pds_peer_data_read                       0x00023ce5   Thumb Code   104  peer_data_storage.o(i.pds_peer_data_read)
    pds_peer_data_store                      0x00023d4d   Thumb Code   162  peer_data_storage.o(i.pds_peer_data_store)
    pds_peer_id_allocate                     0x00023def   Thumb Code     8  peer_data_storage.o(i.pds_peer_id_allocate)
    pds_peer_id_free                         0x00023df7   Thumb Code    22  peer_data_storage.o(i.pds_peer_id_free)
    pds_peer_id_is_allocated                 0x00023e0d   Thumb Code     4  peer_data_storage.o(i.pds_peer_id_is_allocated)
    pds_space_reserve                        0x00023e11   Thumb Code    46  peer_data_storage.o(i.pds_space_reserve)
    pds_space_reserve_cancel                 0x00023e3f   Thumb Code    16  peer_data_storage.o(i.pds_space_reserve_cancel)
    peer_id_allocate                         0x00023f41   Thumb Code     6  peer_id.o(i.peer_id_allocate)
    peer_id_delete                           0x00023f4d   Thumb Code    32  peer_id.o(i.peer_id_delete)
    peer_id_free                             0x00023f71   Thumb Code    24  peer_id.o(i.peer_id_free)
    peer_id_get_next_deleted                 0x00023f8d   Thumb Code     6  peer_id.o(i.peer_id_get_next_deleted)
    peer_id_get_next_used                    0x00023f99   Thumb Code    42  peer_id.o(i.peer_id_get_next_used)
    peer_id_init                             0x00023fc9   Thumb Code    36  peer_id.o(i.peer_id_init)
    peer_id_is_allocated                     0x00023ff1   Thumb Code    16  peer_id.o(i.peer_id_is_allocated)
    peer_id_is_deleted                       0x00024005   Thumb Code    16  peer_id.o(i.peer_id_is_deleted)
    pm_buffer_block_acquire                  0x000240e1   Thumb Code    92  pm_buffer.o(i.pm_buffer_block_acquire)
    pm_buffer_init                           0x0002413d   Thumb Code    64  pm_buffer.o(i.pm_buffer_init)
    pm_buffer_ptr_get                        0x0002417d   Thumb Code    40  pm_buffer.o(i.pm_buffer_ptr_get)
    pm_buffer_release                        0x000241a5   Thumb Code    46  pm_buffer.o(i.pm_buffer_release)
    pm_conn_sec_config_reply                 0x000241d3   Thumb Code     4  peer_manager.o(i.pm_conn_sec_config_reply)
    pm_gcm_evt_handler                       0x0002423b   Thumb Code   136  peer_manager.o(i.pm_gcm_evt_handler)
    pm_im_evt_handler                        0x000242c5   Thumb Code    74  peer_manager.o(i.pm_im_evt_handler)
    pm_init                                  0x00024315   Thumb Code    96  peer_manager.o(i.pm_init)
    pm_local_database_has_changed            0x00024379   Thumb Code    14  peer_manager.o(i.pm_local_database_has_changed)
    pm_mutex_init                            0x0002438d   Thumb Code    14  pm_mutex.o(i.pm_mutex_init)
    pm_mutex_lock                            0x0002439b   Thumb Code    26  pm_mutex.o(i.pm_mutex_lock)
    pm_mutex_lock_first_available            0x000243b5   Thumb Code    54  pm_mutex.o(i.pm_mutex_lock_first_available)
    pm_mutex_lock_status_get                 0x000243eb   Thumb Code    24  pm_mutex.o(i.pm_mutex_lock_status_get)
    pm_mutex_unlock                          0x00024403   Thumb Code    58  pm_mutex.o(i.pm_mutex_unlock)
    pm_on_ble_evt                            0x0002443d   Thumb Code    36  peer_manager.o(i.pm_on_ble_evt)
    pm_pdb_evt_handler                       0x00024465   Thumb Code   338  peer_manager.o(i.pm_pdb_evt_handler)
    pm_peer_delete                           0x000245bd   Thumb Code    14  peer_manager.o(i.pm_peer_delete)
    pm_peer_rank_highest                     0x000245d1   Thumb Code   182  peer_manager.o(i.pm_peer_rank_highest)
    pm_peer_ranks_get                        0x00024691   Thumb Code   176  peer_manager.o(i.pm_peer_ranks_get)
    pm_peers_delete                          0x00024749   Thumb Code    50  peer_manager.o(i.pm_peers_delete)
    pm_register                              0x00024781   Thumb Code    34  peer_manager.o(i.pm_register)
    pm_sec_params_set                        0x000247ad   Thumb Code    14  peer_manager.o(i.pm_sec_params_set)
    pm_sm_evt_handler                        0x000247c1   Thumb Code   346  peer_manager.o(i.pm_sm_evt_handler)
    sdk_mapped_flags_bulk_update_by_key      0x00024ee1   Thumb Code    68  sdk_mapped_flags.o(i.sdk_mapped_flags_bulk_update_by_key)
    sdk_mapped_flags_first_key_index_get     0x00024f25   Thumb Code    34  sdk_mapped_flags.o(i.sdk_mapped_flags_first_key_index_get)
    sdk_mapped_flags_get_by_key              0x00024f57   Thumb Code    38  sdk_mapped_flags.o(i.sdk_mapped_flags_get_by_key)
    sdk_mapped_flags_key_list_get            0x00024f7d   Thumb Code    74  sdk_mapped_flags.o(i.sdk_mapped_flags_key_list_get)
    sdk_mapped_flags_update_by_key           0x00024fc7   Thumb Code    14  sdk_mapped_flags.o(i.sdk_mapped_flags_update_by_key)
    sm_ble_evt_handler                       0x00025429   Thumb Code    18  security_manager.o(i.sm_ble_evt_handler)
    sm_conn_sec_config_reply                 0x00025441   Thumb Code    18  security_manager.o(i.sm_conn_sec_config_reply)
    sm_init                                  0x00025459   Thumb Code    76  security_manager.o(i.sm_init)
    sm_pdb_evt_handler                       0x000254a9   Thumb Code    52  security_manager.o(i.sm_pdb_evt_handler)
    sm_sec_params_set                        0x000254e1   Thumb Code    38  security_manager.o(i.sm_sec_params_set)
    sm_smd_evt_handler                       0x0002550d   Thumb Code   116  security_manager.o(i.sm_smd_evt_handler)
    smd_ble_evt_handler                      0x00025585   Thumb Code   226  security_dispatcher.o(i.smd_ble_evt_handler)
    smd_init                                 0x00025671   Thumb Code    56  security_dispatcher.o(i.smd_init)
    smd_link_secure                          0x000256ad   Thumb Code    48  security_dispatcher.o(i.smd_link_secure)
    smd_params_reply                         0x000256dd   Thumb Code   262  security_dispatcher.o(i.smd_params_reply)
    smd_pdb_evt_handler                      0x00025871   Thumb Code    48  security_dispatcher.o(i.smd_pdb_evt_handler)
    softdevice_ble_evt_handler_set           0x000258a5   Thumb Code    14  softdevice_handler.o(i.softdevice_ble_evt_handler_set)
    softdevice_enable                        0x000258b9   Thumb Code    14  softdevice_handler.o(i.softdevice_enable)
    softdevice_enable_get_default_config     0x000258cd   Thumb Code    38  softdevice_handler.o(i.softdevice_enable_get_default_config)
    softdevice_fault_handler                 0x000258f3   Thumb Code     4  softdevice_handler.o(i.softdevice_fault_handler)
    softdevice_handler_init                  0x000258f9   Thumb Code    92  softdevice_handler.o(i.softdevice_handler_init)
    softdevice_handler_is_enabled            0x0002595d   Thumb Code     6  softdevice_handler.o(i.softdevice_handler_is_enabled)
    softdevice_sys_evt_handler_set           0x00025969   Thumb Code    14  softdevice_handler.o(i.softdevice_sys_evt_handler_set)
    Region$$Table$$Base                      0x00026338   Number         0  anon$$obj.o(Region$$Table)
    Region$$Table$$Limit                     0x00026358   Number         0  anon$$obj.o(Region$$Table)
    m_mbr_params_page                        0x0007e000   Data        4096  nrf_dfu_settings.o(.ARM.__AT_0x0007E000)
    m_dfu_settings_buffer                    0x0007f000   Data        4096  nrf_dfu_settings.o(.ARM.__AT_0x0007F000)
    m_uicr_mbr_params_page_address           0x10001018   Data           4  nrf_dfu_settings.o(.ARM.__AT_0x10001018)
    Image$$RW_IRAM1$$Base                    0x20002128   Number         0  anon$$obj.o ABSOLUTE
    p_m_dfu                                  0x20002184   Data           4  ble_dfu.o(.data)
    SystemCoreClock                          0x20002260   Data           4  system_nrf52.o(.data)
    fs_data$$Base                            0x20002264   Number         0  nrf_dfu_flash_buttonless.o(fs_data)
    fs_data$$Limit                           0x20002284   Number         0  fds.o(fs_data)
    s_dfu_settings                           0x20002a04   Data         348  nrf_dfu_settings.o(.bss)
    nrf_nvic_state                           0x20002c0c   Data          12  app_util_platform.o(.bss)
    __initial_sp                             0x20004da0   Data           0  arm_startup_nrf52.o(STACK)



==============================================================================

Memory Map of the image

  Image Entry point : 0x0001f201

  Load Region LR_IROM1 (Base: 0x0001f000, Size: 0x000074b4, Max: 0x00061000, ABSOLUTE, COMPRESSED[0x00007388])

    Execution Region ER_IROM1 (Base: 0x0001f000, Size: 0x00007358, Max: 0x00061000, ABSOLUTE)

    Base Addr    Size         Type   Attr      Idx    E Section Name        Object

    0x0001f000   0x00000200   Data   RO         4725    RESET               arm_startup_nrf52.o
    0x0001f200   0x00000000   Code   RO         4766  * .ARM.Collect$$$$00000000  mc_w.l(entry.o)
    0x0001f200   0x00000004   Code   RO         4781    .ARM.Collect$$$$00000001  mc_w.l(entry2.o)
    0x0001f204   0x00000004   Code   RO         4784    .ARM.Collect$$$$00000004  mc_w.l(entry5.o)
    0x0001f208   0x00000000   Code   RO         4786    .ARM.Collect$$$$00000008  mc_w.l(entry7b.o)
    0x0001f208   0x00000000   Code   RO         4788    .ARM.Collect$$$$0000000A  mc_w.l(entry8b.o)
    0x0001f208   0x00000008   Code   RO         4789    .ARM.Collect$$$$0000000B  mc_w.l(entry9a.o)
    0x0001f210   0x00000000   Code   RO         4791    .ARM.Collect$$$$0000000D  mc_w.l(entry10a.o)
    0x0001f210   0x00000000   Code   RO         4793    .ARM.Collect$$$$0000000F  mc_w.l(entry11a.o)
    0x0001f210   0x00000004   Code   RO         4782    .ARM.Collect$$$$00002712  mc_w.l(entry2.o)
    0x0001f214   0x00000024   Code   RO         4726    .text               arm_startup_nrf52.o
    0x0001f238   0x00000024   Code   RO         4769    .text               mc_w.l(memcpya.o)
    0x0001f25c   0x00000024   Code   RO         4771    .text               mc_w.l(memseta.o)
    0x0001f280   0x0000001a   Code   RO         4775    .text               mc_w.l(memcmp.o)
    0x0001f29a   0x00000002   PAD
    0x0001f29c   0x00000024   Code   RO         4795    .text               mc_w.l(init.o)
    0x0001f2c0   0x00000056   Code   RO         4805    .text               mc_w.l(__dczerorl2.o)
    0x0001f316   0x00000002   PAD
    0x0001f318   0x00000174   Code   RO         2921    i.GPIOTE_IRQHandler  nrf_drv_gpiote.o
    0x0001f48c   0x00000016   Code   RO         3570    i.NVIC_ClearPendingIRQ  app_timer.o
    0x0001f4a2   0x00000016   Code   RO         4578    i.NVIC_DisableIRQ   softdevice_handler.o
    0x0001f4b8   0x00000016   Code   RO         3571    i.NVIC_EnableIRQ    app_timer.o
    0x0001f4ce   0x00000016   Code   RO         4579    i.NVIC_EnableIRQ    softdevice_handler.o
    0x0001f4e4   0x00000016   Code   RO         3572    i.NVIC_SetPendingIRQ  app_timer.o
    0x0001f4fa   0x00000002   PAD
    0x0001f4fc   0x00000058   Code   RO         2714    i.POWER_CLOCK_IRQHandler  nrf_drv_clock.o
    0x0001f554   0x00000024   Code   RO         3574    i.RTC1_IRQHandler   app_timer.o
    0x0001f578   0x00000004   Code   RO         3575    i.SWI0_EGU0_IRQHandler  app_timer.o
    0x0001f57c   0x00000024   Code   RO         4580    i.SWI2_EGU2_IRQHandler  softdevice_handler.o
    0x0001f5a0   0x000002fc   Code   RO         4734    i.SystemInit        system_nrf52.o
    0x0001f89c   0x0000001c   Code   RO         3164    i.UARTE0_UART0_IRQHandler  nrf_drv_uart.o
    0x0001f8b8   0x0000000e   Code   RO         4799    i.__scatterload_copy  mc_w.l(handlers.o)
    0x0001f8c6   0x00000002   Code   RO         4800    i.__scatterload_null  mc_w.l(handlers.o)
    0x0001f8c8   0x0000000e   Code   RO         4801    i.__scatterload_zeroinit  mc_w.l(handlers.o)
    0x0001f8d6   0x00000002   PAD
    0x0001f8d8   0x00000024   Code   RO         4581    i.__sd_nvic_app_accessible_irq  softdevice_handler.o
    0x0001f8fc   0x00000026   Code   RO         1407    i.addr_compare      id_manager.o
    0x0001f922   0x00000182   Code   RO          737    i.adv_data_encode   ble_advdata.o
    0x0001faa4   0x00000058   Code   RO          817    i.adv_mode_next_avail_get  ble_advertising.o
    0x0001fafc   0x00000036   Code   RO          655    i.advertising_buttons_configure  bsp_btn_ble.o
    0x0001fb32   0x00000052   Code   RO         1408    i.ah                id_manager.o
    0x0001fb84   0x00000006   Code   RO          540    i.alert_timer_handler  bsp.o
    0x0001fb8a   0x00000002   PAD
    0x0001fb8c   0x00000024   Code   RO         3397    i.app_button_enable  app_button.o
    0x0001fbb0   0x00000070   Code   RO         3398    i.app_button_init   app_button.o
    0x0001fc20   0x00000024   Code   RO         3498    i.app_error_fault_handler  app_error_weak.o
    0x0001fc44   0x00000016   Code   RO         3459    i.app_error_handler_bare  app_error.o
    0x0001fc5a   0x00000002   PAD
    0x0001fc5c   0x00000040   Code   RO         3523    i.app_sched_execute  app_scheduler.o
    0x0001fc9c   0x00000024   Code   RO         3578    i.app_timer_create  app_timer.o
    0x0001fcc0   0x00000088   Code   RO         3580    i.app_timer_start   app_timer.o
    0x0001fd48   0x00000020   Code   RO         3581    i.app_timer_stop    app_timer.o
    0x0001fd68   0x00000048   Code   RO         3726    i.app_util_critical_region_enter  app_util_platform.o
    0x0001fdb0   0x00000034   Code   RO         3727    i.app_util_critical_region_exit  app_util_platform.o
    0x0001fde4   0x000000a0   Code   RO         2392    i.auth_status_success_process  security_dispatcher.o
    0x0001fe84   0x00000068   Code   RO          738    i.ble_advdata_set   ble_advdata.o
    0x0001feec   0x00000120   Code   RO          818    i.ble_advertising_init  ble_advertising.o
    0x0002000c   0x0000005c   Code   RO          819    i.ble_advertising_on_ble_evt  ble_advertising.o
    0x00020068   0x00000034   Code   RO          820    i.ble_advertising_on_sys_evt  ble_advertising.o
    0x0002009c   0x0000003c   Code   RO          822    i.ble_advertising_restart_without_whitelist  ble_advertising.o
    0x000200d8   0x00000104   Code   RO          823    i.ble_advertising_start  ble_advertising.o
    0x000201dc   0x00000058   Code   RO          896    i.ble_conn_params_init  ble_conn_params.o
    0x00020234   0x00000084   Code   RO          897    i.ble_conn_params_on_ble_evt  ble_conn_params.o
    0x000202b8   0x00000010   Code   RO          966    i.ble_conn_state_conn_handles  ble_conn_state.o
    0x000202c8   0x00000010   Code   RO          967    i.ble_conn_state_encrypted  ble_conn_state.o
    0x000202d8   0x00000010   Code   RO          969    i.ble_conn_state_mitm_protected  ble_conn_state.o
    0x000202e8   0x0000010c   Code   RO          973    i.ble_conn_state_on_ble_evt  ble_conn_state.o
    0x000203f4   0x00000030   Code   RO          975    i.ble_conn_state_role  ble_conn_state.o
    0x00020424   0x0000002c   Code   RO          977    i.ble_conn_state_user_flag_acquire  ble_conn_state.o
    0x00020450   0x00000018   Code   RO          978    i.ble_conn_state_user_flag_collection  ble_conn_state.o
    0x00020468   0x00000028   Code   RO          979    i.ble_conn_state_user_flag_get  ble_conn_state.o
    0x00020490   0x0000002c   Code   RO          980    i.ble_conn_state_user_flag_set  ble_conn_state.o
    0x000204bc   0x00000060   Code   RO          739    i.ble_device_addr_encode  ble_advdata.o
    0x0002051c   0x00000002   Code   RO            5    i.ble_dfu_evt_handler  main.o
    0x0002051e   0x00000002   PAD
    0x00020520   0x00000074   Code   RO         1097    i.ble_dfu_init      ble_dfu.o
    0x00020594   0x000000c0   Code   RO         1098    i.ble_dfu_on_ble_evt  ble_dfu.o
    0x00020654   0x00000038   Code   RO            6    i.ble_evt_dispatch  main.o
    0x0002068c   0x00000008   Code   RO         1163    i.ble_srv_is_notification_enabled  ble_srv_common.o
    0x00020694   0x0000006c   Code   RO            7    i.ble_stack_init    main.o
    0x00020700   0x0000000c   Code   RO          424    i.bsp_board_button_idx_to_pin  boards.o
    0x0002070c   0x00000020   Code   RO          425    i.bsp_board_button_state_get  boards.o
    0x0002072c   0x00000024   Code   RO          428    i.bsp_board_led_invert  boards.o
    0x00020750   0x00000010   Code   RO          429    i.bsp_board_led_off  boards.o
    0x00020760   0x00000010   Code   RO          430    i.bsp_board_led_on  boards.o
    0x00020770   0x00000020   Code   RO          431    i.bsp_board_led_state_get  boards.o
    0x00020790   0x0000002c   Code   RO          432    i.bsp_board_leds_init  boards.o
    0x000207bc   0x00000012   Code   RO          433    i.bsp_board_leds_off  boards.o
    0x000207ce   0x00000012   Code   RO          434    i.bsp_board_leds_on  boards.o
    0x000207e0   0x00000024   Code   RO          435    i.bsp_board_pin_to_button_idx  boards.o
    0x00020804   0x00000038   Code   RO          656    i.bsp_btn_ble_init  bsp_btn_ble.o
    0x0002083c   0x00000070   Code   RO          657    i.bsp_btn_ble_on_ble_evt  bsp_btn_ble.o
    0x000208ac   0x0000001e   Code   RO          658    i.bsp_btn_ble_sleep_mode_prepare  bsp_btn_ble.o
    0x000208ca   0x00000002   PAD
    0x000208cc   0x00000094   Code   RO          541    i.bsp_button_event_handler  bsp.o
    0x00020960   0x00000004   Code   RO          542    i.bsp_button_is_pressed  bsp.o
    0x00020964   0x00000044   Code   RO            8    i.bsp_event_handler  main.o
    0x000209a8   0x00000044   Code   RO          545    i.bsp_event_to_button_action_assign  bsp.o
    0x000209ec   0x00000018   Code   RO          546    i.bsp_indication_set  bsp.o
    0x00020a04   0x00000098   Code   RO          547    i.bsp_init          bsp.o
    0x00020a9c   0x00000174   Code   RO          548    i.bsp_led_indication  bsp.o
    0x00020c10   0x00000010   Code   RO          550    i.bsp_wakeup_button_enable  bsp.o
    0x00020c20   0x00000008   Code   RO          551    i.button_timer_handler  bsp.o
    0x00020c28   0x0000001c   Code   RO         2922    i.channel_free      nrf_drv_gpiote.o
    0x00020c44   0x00000048   Code   RO         2923    i.channel_port_alloc  nrf_drv_gpiote.o
    0x00020c8c   0x00000010   Code   RO         2924    i.channel_port_get  nrf_drv_gpiote.o
    0x00020c9c   0x00000020   Code   RO         4135    i.check_config      fstorage.o
    0x00020cbc   0x00000018   Code   RO         3829    i.chunk_queue_next  fds.o
    0x00020cd4   0x00000038   Code   RO         1940    i.claim             peer_id.o
    0x00020d0c   0x00000028   Code   RO         2715    i.clock_clk_started_notify  nrf_drv_clock.o
    0x00020d34   0x000000ac   Code   RO         3583    i.compare_reg_update  app_timer.o
    0x00020de0   0x00000088   Code   RO          740    i.conn_int_encode   ble_advdata.o
    0x00020e68   0x00000004   Code   RO            9    i.conn_params_error_handler  main.o
    0x00020e6c   0x0000005c   Code   RO          899    i.conn_params_negotiation  ble_conn_params.o
    0x00020ec8   0x0000003c   Code   RO         3805    i.crc32_compute     crc32.o
    0x00020f04   0x00000014   Code   RO         2633    i.delay_operation   nrf_dfu_settings.o
    0x00020f18   0x00000080   Code   RO         3830    i.delete_execute    fds.o
    0x00020f98   0x00000060   Code   RO         3400    i.detection_delay_timeout_handler  app_button.o
    0x00020ff8   0x00000018   Code   RO         2634    i.dfu_settings_write_callback  nrf_dfu_settings.o
    0x00021010   0x00000040   Code   RO         3584    i.elapsed_ticks_acquire  app_timer.o
    0x00021050   0x00000030   Code   RO         2393    i.encryption_failure  security_dispatcher.o
    0x00021080   0x0000006a   Code   RO         3831    i.event_prepare     fds.o
    0x000210ea   0x00000002   PAD
    0x000210ec   0x00000020   Code   RO         3832    i.event_send        fds.o
    0x0002110c   0x00000034   Code   RO         2507    i.events_send_from_err_code  security_manager.o
    0x00021140   0x0000000c   Code   RO         1220    i.evt_send          gatt_cache_manager.o
    0x0002114c   0x0000001c   Code   RO         1409    i.evt_send          id_manager.o
    0x00021168   0x0000002c   Code   RO         2030    i.evt_send          peer_manager.o
    0x00021194   0x0000001c   Code   RO         2394    i.evt_send          security_dispatcher.o
    0x000211b0   0x0000000c   Code   RO         2508    i.evt_send          security_manager.o
    0x000211bc   0x000000f8   Code   RO         1633    i.fds_evt_handler   peer_data_storage.o
    0x000212b4   0x0000004c   Code   RO         3834    i.fds_file_delete   fds.o
    0x00021300   0x00000044   Code   RO         3835    i.fds_gc            fds.o
    0x00021344   0x00000088   Code   RO         3836    i.fds_init          fds.o
    0x000213cc   0x0000003c   Code   RO         3837    i.fds_record_close  fds.o
    0x00021408   0x0000000e   Code   RO         3839    i.fds_record_find   fds.o
    0x00021416   0x00000010   Code   RO         3840    i.fds_record_find_by_key  fds.o
    0x00021426   0x00000010   Code   RO         3841    i.fds_record_find_in_file  fds.o
    0x00021436   0x00000010   Code   RO         3842    i.fds_record_id_from_desc  fds.o
    0x00021446   0x00000002   PAD
    0x00021448   0x00000040   Code   RO         3844    i.fds_record_open   fds.o
    0x00021488   0x0000000e   Code   RO         3845    i.fds_record_update  fds.o
    0x00021496   0x00000008   Code   RO         3846    i.fds_record_write  fds.o
    0x0002149e   0x0000000c   Code   RO         3847    i.fds_record_write_reserved  fds.o
    0x000214aa   0x00000002   PAD
    0x000214ac   0x00000024   Code   RO         3848    i.fds_register      fds.o
    0x000214d0   0x00000034   Code   RO         3849    i.fds_reserve       fds.o
    0x00021504   0x00000044   Code   RO         3850    i.fds_reserve_cancel  fds.o
    0x00021548   0x00000014   Code   RO         1634    i.file_id_within_pm_range  peer_data_storage.o
    0x0002155c   0x00000010   Code   RO         3852    i.flag_clear        fds.o
    0x0002156c   0x00000012   Code   RO         2395    i.flag_id_init      security_dispatcher.o
    0x0002157e   0x00000012   Code   RO         2509    i.flag_id_init      security_manager.o
    0x00021590   0x00000010   Code   RO         3853    i.flag_set          fds.o
    0x000215a0   0x00000058   Code   RO         2510    i.flags_set_from_err_code  security_manager.o
    0x000215f8   0x0000001c   Code   RO         1099    i.flash_callback    ble_dfu.o
    0x00021614   0x00000074   Code   RO         4136    i.fs_erase          fstorage.o
    0x00021688   0x00000006   Code   RO         3854    i.fs_event_handler  fds.o
    0x0002168e   0x00000002   PAD
    0x00021690   0x00000028   Code   RO          343    i.fs_evt_handler    nrf_dfu_flash_buttonless.o
    0x000216b8   0x000000b0   Code   RO         4138    i.fs_init           fstorage.o
    0x00021768   0x00000014   Code   RO         4140    i.fs_queue_is_full  fstorage.o
    0x0002177c   0x00000014   Code   RO         4141    i.fs_queued_op_count_get  fstorage.o
    0x00021790   0x00000080   Code   RO         4142    i.fs_store          fstorage.o
    0x00021810   0x00000068   Code   RO         4143    i.fs_sys_event_handler  fstorage.o
    0x00021878   0x00000070   Code   RO         3855    i.gc_execute        fds.o
    0x000218e8   0x00000048   Code   RO         3856    i.gc_next_page      fds.o
    0x00021930   0x0000004c   Code   RO         3857    i.gc_page_erase     fds.o
    0x0002197c   0x00000034   Code   RO         3858    i.gc_record_copy    fds.o
    0x000219b0   0x00000024   Code   RO         3859    i.gc_record_find_next  fds.o
    0x000219d4   0x00000080   Code   RO         3860    i.gc_state_advance  fds.o
    0x00021a54   0x000000ec   Code   RO         1221    i.gcm_ble_evt_handler  gatt_cache_manager.o
    0x00021b40   0x0000006c   Code   RO         1222    i.gcm_gscm_evt_handler  gatt_cache_manager.o
    0x00021bac   0x00000030   Code   RO         1223    i.gcm_im_evt_handler  gatt_cache_manager.o
    0x00021bdc   0x00000048   Code   RO         1224    i.gcm_init          gatt_cache_manager.o
    0x00021c24   0x00000054   Code   RO         1225    i.gcm_local_database_has_changed  gatt_cache_manager.o
    0x00021c78   0x0000000e   Code   RO         1228    i.gcm_smd_evt_handler  gatt_cache_manager.o
    0x00021c86   0x00000002   PAD
    0x00021c88   0x00000038   Code   RO         1410    i.get_connection_by_conn_handle  id_manager.o
    0x00021cc0   0x00000030   Code   RO         1411    i.get_free_connection  id_manager.o
    0x00021cf0   0x00000058   Code   RO         3401    i.gpiote_event_handler  app_button.o
    0x00021d48   0x0000001c   Code   RO         1325    i.gscm_db_change_notification_done  gatts_cache_manager.o
    0x00021d64   0x00000014   Code   RO         1326    i.gscm_init         gatts_cache_manager.o
    0x00021d78   0x0000001c   Code   RO         1327    i.gscm_local_database_has_changed  gatts_cache_manager.o
    0x00021d94   0x0000006a   Code   RO         1328    i.gscm_local_db_cache_apply  gatts_cache_manager.o
    0x00021dfe   0x00000080   Code   RO         1330    i.gscm_local_db_cache_update  gatts_cache_manager.o
    0x00021e7e   0x00000002   PAD
    0x00021e80   0x00000054   Code   RO         1331    i.gscm_pdb_evt_handler  gatts_cache_manager.o
    0x00021ed4   0x0000001a   Code   RO         1332    i.gscm_service_changed_ind_needed  gatts_cache_manager.o
    0x00021eee   0x00000002   PAD
    0x00021ef0   0x0000002c   Code   RO         1333    i.gscm_service_changed_ind_send  gatts_cache_manager.o
    0x00021f1c   0x00000016   Code   RO         3861    i.header_is_valid   fds.o
    0x00021f32   0x00000046   Code   RO         1412    i.im_address_resolve  id_manager.o
    0x00021f78   0x00000030   Code   RO         1413    i.im_ble_addr_get   id_manager.o
    0x00021fa8   0x000000ae   Code   RO         1414    i.im_ble_evt_handler  id_manager.o
    0x00022056   0x00000002   PAD
    0x00022058   0x0000002c   Code   RO         1415    i.im_conn_handle_get  id_manager.o
    0x00022084   0x00000040   Code   RO         1419    i.im_init           id_manager.o
    0x000220c4   0x00000034   Code   RO         1420    i.im_is_duplicate_bonding_data  id_manager.o
    0x000220f8   0x00000018   Code   RO         1421    i.im_master_id_is_valid  id_manager.o
    0x00022110   0x0000002a   Code   RO         1422    i.im_master_ids_compare  id_manager.o
    0x0002213a   0x00000004   Code   RO         1423    i.im_new_peer_id    id_manager.o
    0x0002213e   0x00000072   Code   RO         1424    i.im_pdb_evt_handler  id_manager.o
    0x000221b0   0x00000026   Code   RO         1425    i.im_peer_free      id_manager.o
    0x000221d6   0x00000002   PAD
    0x000221d8   0x00000020   Code   RO         1426    i.im_peer_id_get_by_conn_handle  id_manager.o
    0x000221f8   0x0000003c   Code   RO         1427    i.im_peer_id_get_by_master_id  id_manager.o
    0x00022234   0x000000c0   Code   RO         3862    i.init_execute      fds.o
    0x000222f4   0x00000078   Code   RO         4582    i.intern_softdevice_events_execute  softdevice_handler.o
    0x0002236c   0x0000001c   Code   RO          900    i.is_conn_params_ok  ble_conn_params.o
    0x00022388   0x00000014   Code   RO         1432    i.is_valid_irk      id_manager.o
    0x0002239c   0x0000000c   Code   RO         3863    i.is_word_aligned   fds.o
    0x000223a8   0x00000014   Code   RO          552    i.leds_timer_handler  bsp.o
    0x000223bc   0x00000098   Code   RO         2511    i.link_secure       security_manager.o
    0x00022454   0x00000086   Code   RO         2396    i.link_secure_central  security_dispatcher.o
    0x000224da   0x000000c8   Code   RO         2397    i.link_secure_central_existing_peer  security_dispatcher.o
    0x000225a2   0x0000006c   Code   RO         2398    i.link_secure_central_new_peer  security_dispatcher.o
    0x0002260e   0x00000002   PAD
    0x00022610   0x00000058   Code   RO         2399    i.link_secure_failure  security_dispatcher.o
    0x00022668   0x0000005c   Code   RO         2512    i.link_secure_pending_process  security_manager.o
    0x000226c4   0x000000a8   Code   RO         3585    i.list_deletions_handler  app_timer.o
    0x0002276c   0x000000b8   Code   RO         3586    i.list_insertions_handler  app_timer.o
    0x00022824   0x00000074   Code   RO         1229    i.local_db_apply_in_evt  gatt_cache_manager.o
    0x00022898   0x00000078   Code   RO         1230    i.local_db_update_in_evt  gatt_cache_manager.o
    0x00022910   0x00000032   Code   RO         2339    i.lock_by_mask      pm_mutex.o
    0x00022942   0x00000002   PAD
    0x00022944   0x00000170   Code   RO           10    i.main              main.o
    0x00022ab4   0x00000064   Code   RO          741    i.manuf_specific_data_encode  ble_advdata.o
    0x00022b18   0x0000009c   Code   RO          742    i.name_encode       ble_advdata.o
    0x00022bb4   0x00000058   Code   RO         1433    i.new_connection    id_manager.o
    0x00022c0c   0x00000030   Code   RO         1941    i.next_id_get       peer_id.o
    0x00022c3c   0x00000010   Code   RO         2925    i.nrf_bitmask_bit_is_set  nrf_drv_gpiote.o
    0x00022c4c   0x0000000e   Code   RO         2719    i.nrf_clock_event_check  nrf_drv_clock.o
    0x00022c5a   0x00000010   Code   RO         2720    i.nrf_clock_event_clear  nrf_drv_clock.o
    0x00022c6a   0x00000002   PAD
    0x00022c6c   0x0000008c   Code   RO         2635    i.nrf_delay_us      nrf_dfu_settings.o
    0x00022cf8   0x0000008c   Code   RO         3587    i.nrf_delay_us      app_timer.o
    0x00022d84   0x00000044   Code   RO          344    i.nrf_dfu_flash_erase  nrf_dfu_flash_buttonless.o
    0x00022dc8   0x00000010   Code   RO          346    i.nrf_dfu_flash_init  nrf_dfu_flash_buttonless.o
    0x00022dd8   0x00000044   Code   RO          347    i.nrf_dfu_flash_store  nrf_dfu_flash_buttonless.o
    0x00022e1c   0x00000010   Code   RO         2636    i.nrf_dfu_settings_calculate_crc  nrf_dfu_settings.o
    0x00022e2c   0x00000054   Code   RO         2637    i.nrf_dfu_settings_init  nrf_dfu_settings.o
    0x00022e80   0x00000078   Code   RO         2638    i.nrf_dfu_settings_write  nrf_dfu_settings.o
    0x00022ef8   0x00000048   Code   RO         2727    i.nrf_drv_clock_init  nrf_drv_clock.o
    0x00022f40   0x00000030   Code   RO         2734    i.nrf_drv_clock_on_sd_enable  nrf_drv_clock.o
    0x00022f70   0x0000000a   Code   RO         2735    i.nrf_drv_clock_on_soc_event  nrf_drv_clock.o
    0x00022f7a   0x00000038   Code   RO         2885    i.nrf_drv_common_irq_enable  nrf_drv_common.o
    0x00022fb2   0x00000002   PAD
    0x00022fb4   0x000000a4   Code   RO         2930    i.nrf_drv_gpiote_in_event_enable  nrf_drv_gpiote.o
    0x00023058   0x000000b8   Code   RO         2931    i.nrf_drv_gpiote_in_init  nrf_drv_gpiote.o
    0x00023110   0x00000014   Code   RO         2932    i.nrf_drv_gpiote_in_is_set  nrf_drv_gpiote.o
    0x00023124   0x0000005c   Code   RO         2934    i.nrf_drv_gpiote_init  nrf_drv_gpiote.o
    0x00023180   0x00000014   Code   RO         2935    i.nrf_drv_gpiote_is_init  nrf_drv_gpiote.o
    0x00023194   0x00000024   Code   RO          437    i.nrf_gpio_cfg      boards.o
    0x000231b8   0x00000024   Code   RO         2949    i.nrf_gpio_cfg      nrf_drv_gpiote.o
    0x000231dc   0x00000022   Code   RO          553    i.nrf_gpio_cfg_sense_set  bsp.o
    0x000231fe   0x00000022   Code   RO         2951    i.nrf_gpio_cfg_sense_set  nrf_drv_gpiote.o
    0x00023220   0x00000016   Code   RO          438    i.nrf_gpio_pin_write  boards.o
    0x00023236   0x00000002   PAD
    0x00023238   0x00000028   Code   RO         2952    i.nrf_gpio_ports_read  nrf_drv_gpiote.o
    0x00023260   0x00000014   Code   RO         2953    i.nrf_gpiote_event_clear  nrf_drv_gpiote.o
    0x00023274   0x00000010   Code   RO         2954    i.nrf_gpiote_event_is_set  nrf_drv_gpiote.o
    0x00023284   0x0000000a   Code   RO         3186    i.nrf_uart_event_check  nrf_drv_uart.o
    0x0002328e   0x0000000c   Code   RO         3187    i.nrf_uart_event_clear  nrf_drv_uart.o
    0x0002329a   0x0000000c   Code   RO         3188    i.nrf_uart_int_enable_check  nrf_drv_uart.o
    0x000232a6   0x0000000a   Code   RO         3189    i.nrf_uarte_event_check  nrf_drv_uart.o
    0x000232b0   0x0000000c   Code   RO         3190    i.nrf_uarte_event_clear  nrf_drv_uart.o
    0x000232bc   0x00000024   Code   RO           11    i.on_adv_evt        main.o
    0x000232e0   0x000000bc   Code   RO           12    i.on_ble_evt        main.o
    0x0002339c   0x0000001c   Code   RO           13    i.on_conn_params_evt  main.o
    0x000233b8   0x000000b8   Code   RO         1100    i.on_ctrlpt_write   ble_dfu.o
    0x00023470   0x00000054   Code   RO         4144    i.on_operation_success  fstorage.o
    0x000234c4   0x00000080   Code   RO         3864    i.op_enqueue        fds.o
    0x00023544   0x00000012   Code   RO         3865    i.page_offsets_update  fds.o
    0x00023556   0x00000002   PAD
    0x00023558   0x00000064   Code   RO         3866    i.page_scan         fds.o
    0x000235bc   0x0000001c   Code   RO         3867    i.page_tag_write_data  fds.o
    0x000235d8   0x00000024   Code   RO         3868    i.page_tag_write_swap  fds.o
    0x000235fc   0x000000f8   Code   RO         3869    i.pages_init        fds.o
    0x000236f4   0x0000006c   Code   RO         2400    i.pairing_failure   security_dispatcher.o
    0x00023760   0x0000003c   Code   RO         2513    i.params_reply_pending_process  security_manager.o
    0x0002379c   0x0000001c   Code   RO         1777    i.pdb_evt_send      peer_database.o
    0x000237b8   0x00000050   Code   RO         1778    i.pdb_init          peer_database.o
    0x00023808   0x00000004   Code   RO         1780    i.pdb_next_deleted_peer_id_get  peer_database.o
    0x0002380c   0x00000004   Code   RO         1781    i.pdb_next_peer_id_get  peer_database.o
    0x00023810   0x00000130   Code   RO         1782    i.pdb_pds_evt_handler  peer_database.o
    0x00023940   0x00000004   Code   RO         1783    i.pdb_peer_allocate  peer_database.o
    0x00023944   0x00000010   Code   RO         1784    i.pdb_peer_data_load  peer_database.o
    0x00023954   0x00000006   Code   RO         1785    i.pdb_peer_data_ptr_get  peer_database.o
    0x0002395a   0x00000044   Code   RO         1786    i.pdb_peer_free     peer_database.o
    0x0002399e   0x00000008   Code   RO         1787    i.pdb_raw_store     peer_database.o
    0x000239a6   0x00000002   PAD
    0x000239a8   0x00000108   Code   RO         1788    i.pdb_write_buf_get  peer_database.o
    0x00023ab0   0x00000028   Code   RO         1789    i.pdb_write_buf_release  peer_database.o
    0x00023ad8   0x000000c4   Code   RO         1790    i.pdb_write_buf_store  peer_database.o
    0x00023b9c   0x00000068   Code   RO         1791    i.pdb_write_buf_store_prepare  peer_database.o
    0x00023c04   0x0000000c   Code   RO         1635    i.pds_evt_send      peer_data_storage.o
    0x00023c10   0x0000006c   Code   RO         1636    i.pds_init          peer_data_storage.o
    0x00023c7c   0x00000004   Code   RO         1637    i.pds_next_deleted_peer_id_get  peer_data_storage.o
    0x00023c80   0x00000004   Code   RO         1638    i.pds_next_peer_id_get  peer_data_storage.o
    0x00023c84   0x00000050   Code   RO         1641    i.pds_peer_data_iterate  peer_data_storage.o
    0x00023cd4   0x00000010   Code   RO         1642    i.pds_peer_data_iterate_prepare  peer_data_storage.o
    0x00023ce4   0x00000068   Code   RO         1643    i.pds_peer_data_read  peer_data_storage.o
    0x00023d4c   0x000000a2   Code   RO         1644    i.pds_peer_data_store  peer_data_storage.o
    0x00023dee   0x00000008   Code   RO         1645    i.pds_peer_id_allocate  peer_data_storage.o
    0x00023df6   0x00000016   Code   RO         1646    i.pds_peer_id_free  peer_data_storage.o
    0x00023e0c   0x00000004   Code   RO         1647    i.pds_peer_id_is_allocated  peer_data_storage.o
    0x00023e10   0x0000002e   Code   RO         1648    i.pds_space_reserve  peer_data_storage.o
    0x00023e3e   0x00000010   Code   RO         1649    i.pds_space_reserve_cancel  peer_data_storage.o
    0x00023e4e   0x00000006   Code   RO         1792    i.peer_data_const_point_to_buffer  peer_database.o
    0x00023e54   0x00000080   Code   RO         1650    i.peer_data_delete  peer_data_storage.o
    0x00023ed4   0x00000030   Code   RO         1651    i.peer_data_find    peer_data_storage.o
    0x00023f04   0x00000020   Code   RO         1652    i.peer_data_id_is_valid  peer_data_storage.o
    0x00023f24   0x0000001a   Code   RO         1793    i.peer_data_point_to_buffer  peer_database.o
    0x00023f3e   0x00000002   PAD
    0x00023f40   0x0000000c   Code   RO         1942    i.peer_id_allocate  peer_id.o
    0x00023f4c   0x00000024   Code   RO         1943    i.peer_id_delete    peer_id.o
    0x00023f70   0x0000001c   Code   RO         1944    i.peer_id_free      peer_id.o
    0x00023f8c   0x0000000c   Code   RO         1945    i.peer_id_get_next_deleted  peer_id.o
    0x00023f98   0x00000030   Code   RO         1946    i.peer_id_get_next_used  peer_id.o
    0x00023fc8   0x00000028   Code   RO         1947    i.peer_id_init      peer_id.o
    0x00023ff0   0x00000014   Code   RO         1948    i.peer_id_is_allocated  peer_id.o
    0x00024004   0x00000014   Code   RO         1949    i.peer_id_is_deleted  peer_id.o
    0x00024018   0x0000001c   Code   RO         1434    i.peer_id_set       id_manager.o
    0x00024034   0x0000007c   Code   RO           14    i.peer_manager_init  main.o
    0x000240b0   0x00000018   Code   RO         2955    i.pin_in_use_by_port  nrf_drv_gpiote.o
    0x000240c8   0x00000018   Code   RO         2956    i.pin_in_use_by_te  nrf_drv_gpiote.o
    0x000240e0   0x0000005c   Code   RO         2297    i.pm_buffer_block_acquire  pm_buffer.o
    0x0002413c   0x00000040   Code   RO         2298    i.pm_buffer_init    pm_buffer.o
    0x0002417c   0x00000028   Code   RO         2299    i.pm_buffer_ptr_get  pm_buffer.o
    0x000241a4   0x0000002e   Code   RO         2300    i.pm_buffer_release  pm_buffer.o
    0x000241d2   0x00000004   Code   RO         2032    i.pm_conn_sec_config_reply  peer_manager.o
    0x000241d6   0x00000064   Code   RO           15    i.pm_evt_handler    main.o
    0x0002423a   0x00000088   Code   RO         2036    i.pm_gcm_evt_handler  peer_manager.o
    0x000242c2   0x00000002   PAD
    0x000242c4   0x00000050   Code   RO         2039    i.pm_im_evt_handler  peer_manager.o
    0x00024314   0x00000064   Code   RO         2040    i.pm_init           peer_manager.o
    0x00024378   0x00000014   Code   RO         2042    i.pm_local_database_has_changed  peer_manager.o
    0x0002438c   0x0000000e   Code   RO         2340    i.pm_mutex_init     pm_mutex.o
    0x0002439a   0x0000001a   Code   RO         2341    i.pm_mutex_lock     pm_mutex.o
    0x000243b4   0x00000036   Code   RO         2342    i.pm_mutex_lock_first_available  pm_mutex.o
    0x000243ea   0x00000018   Code   RO         2343    i.pm_mutex_lock_status_get  pm_mutex.o
    0x00024402   0x0000003a   Code   RO         2344    i.pm_mutex_unlock   pm_mutex.o
    0x0002443c   0x00000028   Code   RO         2044    i.pm_on_ble_evt     peer_manager.o
    0x00024464   0x00000158   Code   RO         2045    i.pm_pdb_evt_handler  peer_manager.o
    0x000245bc   0x00000014   Code   RO         2056    i.pm_peer_delete    peer_manager.o
    0x000245d0   0x000000c0   Code   RO         2059    i.pm_peer_rank_highest  peer_manager.o
    0x00024690   0x000000b8   Code   RO         2060    i.pm_peer_ranks_get  peer_manager.o
    0x00024748   0x00000038   Code   RO         2061    i.pm_peers_delete   peer_manager.o
    0x00024780   0x0000002c   Code   RO         2064    i.pm_register       peer_manager.o
    0x000247ac   0x00000014   Code   RO         2066    i.pm_sec_params_set  peer_manager.o
    0x000247c0   0x00000160   Code   RO         2067    i.pm_sm_evt_handler  peer_manager.o
    0x00024920   0x0000002c   Code   RO         4145    i.queue_advance     fstorage.o
    0x0002494c   0x00000038   Code   RO         4146    i.queue_get_next_free  fstorage.o
    0x00024984   0x000000bc   Code   RO         3870    i.queue_process     fds.o
    0x00024a40   0x00000070   Code   RO         4147    i.queue_process     fstorage.o
    0x00024ab0   0x00000020   Code   RO         3871    i.queue_start       fds.o
    0x00024ad0   0x0000001c   Code   RO         4148    i.queue_start       fstorage.o
    0x00024aec   0x00000088   Code   RO         3872    i.record_find       fds.o
    0x00024b74   0x0000009c   Code   RO         3873    i.record_find_by_desc  fds.o
    0x00024c10   0x0000004c   Code   RO         3874    i.record_find_next  fds.o
    0x00024c5c   0x00000034   Code   RO         3875    i.record_header_flag_dirty  fds.o
    0x00024c90   0x00000014   Code   RO         1653    i.record_key_within_pm_range  peer_data_storage.o
    0x00024ca4   0x0000005c   Code   RO         3876    i.record_write_chunk  fds.o
    0x00024d00   0x00000010   Code   RO         1951    i.release           peer_id.o
    0x00024d10   0x0000003c   Code   RO         3588    i.rtc1_stop         app_timer.o
    0x00024d4c   0x00000032   Code   RO         3192    i.rx_byte           nrf_drv_uart.o
    0x00024d7e   0x000000d8   Code   RO         1101    i.rx_char_add       ble_dfu.o
    0x00024e56   0x00000018   Code   RO         3193    i.rx_done_event     nrf_drv_uart.o
    0x00024e6e   0x00000002   PAD
    0x00024e70   0x00000070   Code   RO         4584    i.sd_nvic_EnableIRQ  softdevice_handler.o
    0x00024ee0   0x00000044   Code   RO         4294    i.sdk_mapped_flags_bulk_update_by_key  sdk_mapped_flags.o
    0x00024f24   0x00000022   Code   RO         4295    i.sdk_mapped_flags_first_key_index_get  sdk_mapped_flags.o
    0x00024f46   0x00000010   Code   RO         4296    i.sdk_mapped_flags_get_by_index  sdk_mapped_flags.o
    0x00024f56   0x00000026   Code   RO         4297    i.sdk_mapped_flags_get_by_key  sdk_mapped_flags.o
    0x00024f7c   0x0000004a   Code   RO         4298    i.sdk_mapped_flags_key_list_get  sdk_mapped_flags.o
    0x00024fc6   0x0000000e   Code   RO         4300    i.sdk_mapped_flags_update_by_key  sdk_mapped_flags.o
    0x00024fd4   0x000000b2   Code   RO         2401    i.sec_info_request_process  security_dispatcher.o
    0x00025086   0x00000076   Code   RO         2514    i.sec_params_verify  security_manager.o
    0x000250fc   0x00000054   Code   RO         2402    i.sec_proc_start    security_dispatcher.o
    0x00025150   0x00000020   Code   RO         2403    i.sec_start_send    security_dispatcher.o
    0x00025170   0x0000004c   Code   RO         4149    i.send_event        fstorage.o
    0x000251bc   0x00000058   Code   RO         1231    i.service_changed_pending_flags_check  gatt_cache_manager.o
    0x00025214   0x00000044   Code   RO         1334    i.service_changed_pending_set  gatts_cache_manager.o
    0x00025258   0x00000094   Code   RO         1232    i.service_changed_send_in_evt  gatt_cache_manager.o
    0x000252ec   0x00000088   Code   RO          743    i.service_data_encode  ble_advdata.o
    0x00025374   0x00000048   Code   RO          825    i.set_adv_mode_fast  ble_advertising.o
    0x000253bc   0x00000044   Code   RO          826    i.set_adv_mode_slow  ble_advertising.o
    0x00025400   0x00000028   Code   RO           16    i.sleep_mode_enter  main.o
    0x00025428   0x00000018   Code   RO         2515    i.sm_ble_evt_handler  security_manager.o
    0x00025440   0x00000018   Code   RO         2516    i.sm_conn_sec_config_reply  security_manager.o
    0x00025458   0x00000050   Code   RO         2517    i.sm_init           security_manager.o
    0x000254a8   0x00000038   Code   RO         2520    i.sm_pdb_evt_handler  security_manager.o
    0x000254e0   0x0000002c   Code   RO         2522    i.sm_sec_params_set  security_manager.o
    0x0002550c   0x00000078   Code   RO         2523    i.sm_smd_evt_handler  security_manager.o
    0x00025584   0x000000ec   Code   RO         2404    i.smd_ble_evt_handler  security_dispatcher.o
    0x00025670   0x0000003c   Code   RO         2405    i.smd_init          security_dispatcher.o
    0x000256ac   0x00000030   Code   RO         2406    i.smd_link_secure   security_dispatcher.o
    0x000256dc   0x0000010c   Code   RO         2407    i.smd_params_reply  security_dispatcher.o
    0x000257e8   0x00000088   Code   RO         2524    i.smd_params_reply_perform  security_manager.o
    0x00025870   0x00000034   Code   RO         2408    i.smd_pdb_evt_handler  security_dispatcher.o
    0x000258a4   0x00000014   Code   RO         4585    i.softdevice_ble_evt_handler_set  softdevice_handler.o
    0x000258b8   0x00000014   Code   RO         4586    i.softdevice_enable  softdevice_handler.o
    0x000258cc   0x00000026   Code   RO         4587    i.softdevice_enable_get_default_config  softdevice_handler.o
    0x000258f2   0x00000004   Code   RO         4588    i.softdevice_fault_handler  softdevice_handler.o
    0x000258f6   0x00000002   PAD
    0x000258f8   0x00000064   Code   RO         4589    i.softdevice_handler_init  softdevice_handler.o
    0x0002595c   0x0000000c   Code   RO         4590    i.softdevice_handler_is_enabled  softdevice_handler.o
    0x00025968   0x00000014   Code   RO         4595    i.softdevice_sys_evt_handler_set  softdevice_handler.o
    0x0002597c   0x00000012   Code   RO           17    i.sys_evt_dispatch  main.o
    0x0002598e   0x00000002   PAD
    0x00025990   0x0000008c   Code   RO         3589    i.timer_list_handler  app_timer.o
    0x00025a1c   0x0000003c   Code   RO         3590    i.timer_list_insert  app_timer.o
    0x00025a58   0x00000048   Code   RO         3591    i.timer_stop_op_schedule  app_timer.o
    0x00025aa0   0x00000084   Code   RO         3592    i.timer_timeouts_check  app_timer.o
    0x00025b24   0x00000020   Code   RO         3195    i.tx_byte           nrf_drv_uart.o
    0x00025b44   0x0000001c   Code   RO         3196    i.tx_done_event     nrf_drv_uart.o
    0x00025b60   0x0000011e   Code   RO         3197    i.uart_irq_handler  nrf_drv_uart.o
    0x00025c7e   0x000000f0   Code   RO         3198    i.uarte_irq_handler  nrf_drv_uart.o
    0x00025d6e   0x0000000a   Code   RO          744    i.uint16_encode     ble_advdata.o
    0x00025d78   0x00000060   Code   RO          901    i.update_timeout_handler  ble_conn_params.o
    0x00025dd8   0x00000018   Code   RO          982    i.user_flag_is_acquired  ble_conn_state.o
    0x00025df0   0x00000030   Code   RO         3593    i.user_op_alloc     app_timer.o
    0x00025e20   0x00000030   Code   RO          745    i.uuid_list_encode  ble_advdata.o
    0x00025e50   0x0000009e   Code   RO          746    i.uuid_list_sized_encode  ble_advdata.o
    0x00025eee   0x00000012   Code   RO         2639    i.wait_for_queue    nrf_dfu_settings.o
    0x00025f00   0x00000024   Code   RO         1794    i.write_buf_length_words_set  peer_database.o
    0x00025f24   0x00000024   Code   RO         1795    i.write_buffer_record_find  peer_database.o
    0x00025f48   0x0000002c   Code   RO         1796    i.write_buffer_record_find_next  peer_database.o
    0x00025f74   0x0000001e   Code   RO         1797    i.write_buffer_record_invalidate  peer_database.o
    0x00025f92   0x00000002   PAD
    0x00025f94   0x0000002c   Code   RO         1798    i.write_buffer_record_release  peer_database.o
    0x00025fc0   0x00000124   Code   RO         3877    i.write_enqueue     fds.o
    0x000260e4   0x000000f0   Code   RO         3878    i.write_execute     fds.o
    0x000261d4   0x00000014   Code   RO         3879    i.write_space_free  fds.o
    0x000261e8   0x00000054   Code   RO         3880    i.write_space_reserve  fds.o
    0x0002623c   0x00000004   Data   RO           19    .constdata          main.o
    0x00026240   0x00000008   Data   RO          439    .constdata          boards.o
    0x00026248   0x0000002c   Data   RO          558    .constdata          bsp.o
    0x00026274   0x00000004   Data   RO          904    .constdata          ble_conn_params.o
    0x00026278   0x00000010   Data   RO         1102    .constdata          ble_dfu.o
    0x00026288   0x00000004   Data   RO         1335    .constdata          gatts_cache_manager.o
    0x0002628c   0x00000010   Data   RO         1336    .constdata          gatts_cache_manager.o
    0x0002629c   0x00000004   Data   RO         1337    .constdata          gatts_cache_manager.o
    0x000262a0   0x00000008   Data   RO         1437    .constdata          id_manager.o
    0x000262a8   0x00000004   Data   RO         1654    .constdata          peer_data_storage.o
    0x000262ac   0x00000014   Data   RO         1800    .constdata          peer_database.o
    0x000262c0   0x00000010   Data   RO         2071    .constdata          peer_manager.o
    0x000262d0   0x00000044   Data   RO         2410    .constdata          security_dispatcher.o
    0x00026314   0x00000004   Data   RO         2525    .constdata          security_manager.o
    0x00026318   0x00000004   Data   RO         2958    .constdata          nrf_drv_gpiote.o
    0x0002631c   0x00000008   Data   RO         3403    .constdata          app_button.o
    0x00026324   0x00000014   Data   RO         3882    .constdata          fds.o
    0x00026338   0x00000020   Data   RO         4797    Region$$Table       anon$$obj.o


    Execution Region RW_IRAM1 (Base: 0x20002128, Size: 0x00002c78, Max: 0x0000ded8, ABSOLUTE, COMPRESSED[0x00000030])

    Base Addr    Size         Type   Attr      Idx    E Section Name        Object

    0x20002128   0x00000006   Data   RW           20    .data               main.o
    0x2000212e   0x00000002   PAD
    0x20002130   0x00000004   Data   RW          349    .data               nrf_dfu_flash_buttonless.o
    0x20002134   0x00000014   Data   RW          559    .data               bsp.o
    0x20002148   0x00000008   Data   RW          659    .data               bsp_btn_ble.o
    0x20002150   0x0000001f   Data   RW          828    .data               ble_advertising.o
    0x2000216f   0x00000001   PAD
    0x20002170   0x00000014   Data   RW          905    .data               ble_conn_params.o
    0x20002184   0x00000004   Data   RW         1103    .data               ble_dfu.o
    0x20002188   0x0000000c   Data   RW         1233    .data               gatt_cache_manager.o
    0x20002194   0x0000000c   Data   RW         1338    .data               gatts_cache_manager.o
    0x200021a0   0x00000003   Data   RW         1438    .data               id_manager.o
    0x200021a3   0x00000001   PAD
    0x200021a4   0x0000000c   Data   RW         1655    .data               peer_data_storage.o
    0x200021b0   0x00000008   Data   RW         1801    .data               peer_database.o
    0x200021b8   0x00000010   Data   RW         2072    .data               peer_manager.o
    0x200021c8   0x00000004   Data   RW         2411    .data               security_dispatcher.o
    0x200021cc   0x00000015   Data   RW         2526    .data               security_manager.o
    0x200021e1   0x00000003   PAD
    0x200021e4   0x00000008   Data   RW         2644    .data               nrf_dfu_settings.o
    0x200021ec   0x00000014   Data   RW         3404    .data               app_button.o
    0x20002200   0x00000010   Data   RW         3526    .data               app_scheduler.o
    0x20002210   0x00000020   Data   RW         3594    .data               app_timer.o
    0x20002230   0x00000018   Data   RW         3883    .data               fds.o
    0x20002248   0x00000002   Data   RW         4151    .data               fstorage.o
    0x2000224a   0x00000002   PAD
    0x2000224c   0x00000014   Data   RW         4596    .data               softdevice_handler.o
    0x20002260   0x00000004   Data   RW         4735    .data               system_nrf52.o
    0x20002264   0x00000010   Data   RW          350    fs_data             nrf_dfu_flash_buttonless.o
    0x20002274   0x00000010   Data   RW         3884    fs_data             fds.o
    0x20002284   0x00000068   Zero   RW           18    .bss                main.o
    0x200022ec   0x00000020   Zero   RW          554    .bss                bsp.o
    0x2000230c   0x00000020   Zero   RW          555    .bss                bsp.o
    0x2000232c   0x0000000c   Zero   RW          556    .bss                bsp.o
    0x20002338   0x00000020   Zero   RW          557    .bss                bsp.o
    0x20002358   0x000000b3   Zero   RW          827    .bss                ble_advertising.o
    0x2000240b   0x00000001   PAD
    0x2000240c   0x00000020   Zero   RW          902    .bss                ble_conn_params.o
    0x2000242c   0x0000001c   Zero   RW          903    .bss                ble_conn_params.o
    0x20002448   0x00000034   Zero   RW          983    .bss                ble_conn_state.o
    0x2000247c   0x00000070   Zero   RW         1436    .bss                id_manager.o
    0x200024ec   0x00000330   Zero   RW         1799    .bss                peer_database.o
    0x2000281c   0x00000040   Zero   RW         1952    .bss                peer_id.o
    0x2000285c   0x0000000c   Zero   RW         2070    .bss                peer_manager.o
    0x20002868   0x00000040   Zero   RW         2409    .bss                security_dispatcher.o
    0x200028a8   0x000002b8   Zero   RW         2643    .bss                nrf_dfu_settings.o
    0x20002b60   0x00000014   Zero   RW         2737    .bss                nrf_drv_clock.o
    0x20002b74   0x00000058   Zero   RW         2957    .bss                nrf_drv_gpiote.o
    0x20002bcc   0x00000020   Zero   RW         3199    .bss                nrf_drv_uart.o
    0x20002bec   0x00000020   Zero   RW         3402    .bss                app_button.o
    0x20002c0c   0x0000000c   Zero   RW         3730    .bss                app_util_platform.o
    0x20002c18   0x0000011c   Zero   RW         3881    .bss                fds.o
    0x20002d34   0x00000068   Zero   RW         4150    .bss                fstorage.o
    0x20002d9c   0x00000004   PAD
    0x20002da0   0x00002000   Zero   RW         4723    STACK               arm_startup_nrf52.o



  Load Region LR$$.ARM.__AT_0x0007E000 (Base: 0x0007e000, Size: 0x00000000, Max: 0x00001000, ABSOLUTE)

    Execution Region ER$$.ARM.__AT_0x0007E000 (Base: 0x0007e000, Size: 0x00001000, Max: 0x00001000, ABSOLUTE, UNINIT)

    Base Addr    Size         Type   Attr      Idx    E Section Name        Object

    0x0007e000   0x00001000   Zero   RW         2640    .ARM.__AT_0x0007E000  nrf_dfu_settings.o



  Load Region LR$$.ARM.__AT_0x0007F000 (Base: 0x0007f000, Size: 0x00000000, Max: 0x00001000, ABSOLUTE)

    Execution Region ER$$.ARM.__AT_0x0007F000 (Base: 0x0007f000, Size: 0x00001000, Max: 0x00001000, ABSOLUTE, UNINIT)

    Base Addr    Size         Type   Attr      Idx    E Section Name        Object

    0x0007f000   0x00001000   Zero   RW         2641    .ARM.__AT_0x0007F000  nrf_dfu_settings.o



  Load Region LR$$.ARM.__AT_0x10001018 (Base: 0x10001018, Size: 0x00000004, Max: 0x00000004, ABSOLUTE)

    Execution Region ER$$.ARM.__AT_0x10001018 (Base: 0x10001018, Size: 0x00000004, Max: 0x00000004, ABSOLUTE, UNINIT)

    Base Addr    Size         Type   Attr      Idx    E Section Name        Object

    0x10001018   0x00000004   Data   RW         2642    .ARM.__AT_0x10001018  nrf_dfu_settings.o


==============================================================================

Image component sizes


      Code (inc. data)   RO Data    RW Data    ZI Data      Debug   Object Name

       332         34          8         20         32      10542   app_button.o
        22          0          0          0          0       2337   app_error.o
        36         10          0          0          0        794   app_error_weak.o
        64          6          0         16          0      18612   app_scheduler.o
      1550        104          0         32          0      47782   app_timer.o
       124         14          0          0         12       9738   app_util_platform.o
        36          8        512          0       8192        972   arm_startup_nrf52.o
      1330          0          0          0          0      31388   ble_advdata.o
       980         70          0         31        179      10589   ble_advertising.o
       436         54          4         20         60       6176   ble_conn_params.o
       540         44          0          0         52      10621   ble_conn_state.o
       736         30         16          4          0      33702   ble_dfu.o
         8          0          0          0          0       1550   ble_srv_common.o
       318         42          8          0          0      14068   boards.o
       852         78         44         20        108      15479   bsp.o
       252         10          0          8          0       5245   bsp_btn_ble.o
        60          6          0          0          0       1608   crc32.o
      3612        332         20         40        284      49382   fds.o
       996         78          0          2        104      14670   fstorage.o
      1046         52          0         12          0      16972   gatt_cache_manager.o
       532         34         24         12          0      10115   gatts_cache_manager.o
      1154         56          8          3        112      21861   id_manager.o
      1140        106          4          6        104     150755   main.o
       192         30          0         20          0       7137   nrf_dfu_flash_buttonless.o
       422         58          0         12       8888       8838   nrf_dfu_settings.o
       288         22          0          0         20      13356   nrf_drv_clock.o
        56          0          0          0          0      27603   nrf_drv_common.o
      1178         84          4          0         88      31484   nrf_drv_gpiote.o
       744          8          0          0         32      25232   nrf_drv_uart.o
      1082         42          4         12          0      18680   peer_data_storage.o
      1348         66         20          8        816      25780   peer_database.o
       336         38          0          0         64       9731   peer_id.o
      1636        120         16         16         12      18955   peer_manager.o
       242          0          0          0          0       4707   pm_buffer.o
       226          0          0          0          0       5705   pm_mutex.o
       244          0          0          0          0       6672   sdk_mapped_flags.o
      1850         66         68          4         64      22020   security_dispatcher.o
      1076         74          4         21          0      18008   security_manager.o
       562         52          0         20          0      44724   softdevice_handler.o
       764         64          0          4          0       3095   system_nrf52.o

    ----------------------------------------------------------------------
     28456       1892        796        352      19228     776685   Object Totals
         0          0         32          0          0          0   (incl. Generated)
        54          0          0          9          5          0   (incl. Padding)

    ----------------------------------------------------------------------

      Code (inc. data)   RO Data    RW Data    ZI Data      Debug   Library Member Name

        86          0          0          0          0          0   __dczerorl2.o
         0          0          0          0          0          0   entry.o
         0          0          0          0          0          0   entry10a.o
         0          0          0          0          0          0   entry11a.o
         8          4          0          0          0          0   entry2.o
         4          0          0          0          0          0   entry5.o
         0          0          0          0          0          0   entry7b.o
         0          0          0          0          0          0   entry8b.o
         8          4          0          0          0          0   entry9a.o
        30          0          0          0          0          0   handlers.o
        36          8          0          0          0         68   init.o
        26          0          0          0          0         80   memcmp.o
        36          0          0          0          0         68   memcpya.o
        36          0          0          0          0        108   memseta.o

    ----------------------------------------------------------------------
       276         16          0          0          0        324   Library Totals
         6          0          0          0          0          0   (incl. Padding)

    ----------------------------------------------------------------------

      Code (inc. data)   RO Data    RW Data    ZI Data      Debug   Library Name

       270         16          0          0          0        324   mc_w.l

    ----------------------------------------------------------------------
       276         16          0          0          0        324   Library Totals

    ----------------------------------------------------------------------

==============================================================================


      Code (inc. data)   RO Data    RW Data    ZI Data      Debug   

     28732       1908        796        352      19228     739189   Grand Totals
     28732       1908        796         52      19228     739189   ELF Image Totals (compressed)
     28732       1908        796         52          0          0   ROM Totals

==============================================================================

    Total RO  Size (Code + RO Data)                29528 (  28.84kB)
    Total RW  Size (RW Data + ZI Data)             19580 (  19.12kB)
    Total ROM Size (Code + RO Data + RW Data)      29580 (  28.89kB)

==============================================================================

