<html>
<body>
<pre>
<h1>µVision Build Log</h1>
<h2>Tool Versions:</h2>
IDE-Version: µVision V5.23.0.0
Copyright (C) 2017 ARM Ltd and ARM Germany GmbH. All rights reserved.
License Information: Raghunathreddy Jangam, Bird brain, LIC=----
 
Tool Versions:
Toolchain:       MDK-Lite  Version: 5.23
Toolchain Path:  C:\Keil_v5\ARM\ARMCC\Bin
C Compiler:      Armcc.exe V5.06 update 4 (build 422)
Assembler:       Armasm.exe V5.06 update 4 (build 422)
Linker/Locator:  ArmLink.exe V5.06 update 4 (build 422)
Library Manager: ArmAr.exe V5.06 update 4 (build 422)
Hex Converter:   FromElf.exe V5.06 update 4 (build 422)
CPU DLL:         
Dialog DLL:      
Target DLL:      Segger\JL2CM3.dll V2.99.23.0
Dialog DLL:      TCM.DLL V1.27.0.0
 
<h2>Project:</h2>
C:\Users\raghu\Downloads\nRF5_SDK_12.3.0_d7731ad\nRF5_SDK_12.3.0_d7731ad\examples\ble_peripheral\experimental_ble_app_buttonless_dfu\pca10040\s132\arm5_no_packs\ble_app_buttonless_dfu_pca10040_s132.uvprojx
Project File Date:  08/15/2017

<h2>Output:</h2>
*** Using Compiler 'V5.06 update 4 (build 422)', folder: 'C:\Keil_v5\ARM\ARMCC\Bin'
Rebuild target 'nrf52832_xxaa'
compiling boards.c...
compiling nrf_dfu_flash_buttonless.c...
compiling main.c...
..\..\..\main.c(298): warning:  #177-D: function "timers_init"  was declared but never referenced
  static void timers_init(void)
..\..\..\main.c: 1 warning, 0 errors
compiling bsp.c...
compiling bsp_btn_ble.c...
compiling bsp_nfc.c...
compiling ble_conn_params.c...
compiling ble_advdata.c...
compiling ble_advertising.c...
compiling ble_conn_state.c...
compiling ble_srv_common.c...
compiling ble_dfu.c...
compiling gatts_cache_manager.c...
compiling gatt_cache_manager.c...
compiling id_manager.c...
compiling peer_data.c...
compiling peer_database.c...
compiling peer_data_storage.c...
compiling pm_buffer.c...
compiling peer_id.c...
compiling peer_manager.c...
compiling pm_mutex.c...
compiling security_dispatcher.c...
compiling security_manager.c...
compiling nrf_dfu_settings.c...
compiling nrf_drv_common.c...
compiling nrf_drv_clock.c...
compiling nrf_drv_gpiote.c...
compiling app_button.c...
compiling nrf_drv_uart.c...
compiling app_error.c...
compiling app_error_weak.c...
compiling app_scheduler.c...
compiling app_timer.c...
compiling app_util_platform.c...
compiling crc16.c...
compiling crc32.c...
compiling hardfault_implementation.c...
compiling fstorage.c...
compiling sdk_errors.c...
compiling fds.c...
compiling sensorsim.c...
compiling nrf_assert.c...
compiling sdk_mapped_flags.c...
compiling RTT_Syscalls_KEIL.c...
compiling nrf_log_backend_serial.c...
compiling SEGGER_RTT_printf.c...
compiling nrf_log_frontend.c...
assembling arm_startup_nrf52.s...
compiling SEGGER_RTT.c...
compiling softdevice_handler.c...
compiling system_nrf52.c...
linking...
Program Size: Code=28732 RO-data=796 RW-data=352 ZI-data=19228  
FromELF: creating hex file...
".\_build\nrf52832_xxaa.axf" - 0 Error(s), 1 Warning(s).

<h2>Software Packages used:</h2>

Package Vendor: ARM
                http://www.keil.com/pack/ARM.CMSIS.4.5.0.pack
                ARM::CMSIS:CORE:4.3.0
                CMSIS (Cortex Microcontroller Software Interface Standard)
   * Component: CORE Version: 4.3.0

Package Vendor: NordicSemiconductor
                http://developer.nordicsemi.com/nRF5_SDK/pieces/nRF_DeviceFamilyPack/NordicSemiconductor.nRF_DeviceFamilyPack.8.11.1.pack
                NordicSemiconductor::Device:Startup:8.11.1
                Nordic Semiconductor nRF ARM devices Device Family Pack.
   * Component: Startup Version: 8.11.1

<h2>Collection of Component include folders:</h2>
  .\RTE\_nrf52832_xxaa
  C:\Keil_v5\ARM\PACK\ARM\CMSIS\4.5.0\CMSIS\Include
  C:\Keil_v5\ARM\PACK\NordicSemiconductor\nRF_DeviceFamilyPack\8.11.1\Device\Include
  C:\Keil_v5\ARM\PACK\NordicSemiconductor\nRF_DeviceFamilyPack\8.14.1\Device\Include

<h2>Collection of Component Files used:</h2>

   * Component: ARM::CMSIS:CORE:4.3.0

   * Component: NordicSemiconductor::Device:Startup:8.11.1
      Source file:   Device\Source\arm\arm_startup_nrf52.s
      Source file:   Device\Source\system_nrf52.c
      Include file:  Device\Include\system_nrf52.h
Build Time Elapsed:  00:00:20
</pre>
</body>
</html>
