Component: ARM Compiler 5.06 update 4 (build 422) Tool: armlink [4d35d2]

==============================================================================

Section Cross References

    dfu-cc.pb.o(.constdata) refers to dfu-cc.pb.o(.constdata) for dfu_hash_fields
    dfu-cc.pb.o(.constdata) refers to dfu-cc.pb.o(.constdata) for dfu_init_command_is_debug_default
    dfu-cc.pb.o(.constdata) refers to dfu-cc.pb.o(.constdata) for dfu_init_command_fields
    dfu-cc.pb.o(.constdata) refers to dfu-cc.pb.o(.constdata) for dfu_reset_command_fields
    dfu-cc.pb.o(.constdata) refers to dfu-cc.pb.o(.constdata) for dfu_command_fields
    dfu-cc.pb.o(.constdata) refers to dfu-cc.pb.o(.constdata) for dfu_command_fields
    dfu-cc.pb.o(.constdata) refers to dfu-cc.pb.o(.constdata) for dfu_signed_command_fields
    dfu_req_handling.o(i.dfu_data_write_handler) refers to dfu_req_handling.o(.data) for .data
    dfu_req_handling.o(i.dfu_decode_commmand) refers to pb_decode.o(i.pb_istream_from_buffer) for pb_istream_from_buffer
    dfu_req_handling.o(i.dfu_decode_commmand) refers to pb_decode.o(i.pb_decode) for pb_decode
    dfu_req_handling.o(i.dfu_decode_commmand) refers to nrf_log_frontend.o(i.nrf_log_frontend_std_0) for nrf_log_frontend_std_0
    dfu_req_handling.o(i.dfu_decode_commmand) refers to nrf_dfu_settings.o(.bss) for s_dfu_settings
    dfu_req_handling.o(i.dfu_decode_commmand) refers to dfu_req_handling.o(.bss) for .bss
    dfu_req_handling.o(i.dfu_decode_commmand) refers to dfu_req_handling.o(i.pb_decoding_callback) for pb_decoding_callback
    dfu_req_handling.o(i.dfu_decode_commmand) refers to dfu_req_handling.o(.data) for .data
    dfu_req_handling.o(i.dfu_decode_commmand) refers to dfu-cc.pb.o(.constdata) for dfu_packet_fields
    dfu_req_handling.o(i.dfu_handle_prevalidate) refers to nrf_log_frontend.o(i.nrf_log_frontend_std_2) for nrf_log_frontend_std_2
    dfu_req_handling.o(i.dfu_handle_prevalidate) refers to nrf_log_frontend.o(i.nrf_log_frontend_std_0) for nrf_log_frontend_std_0
    dfu_req_handling.o(i.dfu_handle_prevalidate) refers to nrf_log_frontend.o(i.nrf_log_frontend_hexdump) for nrf_log_frontend_hexdump
    dfu_req_handling.o(i.dfu_handle_prevalidate) refers to nrf_crypto.o(i.nrf_crypto_hash_compute) for nrf_crypto_hash_compute
    dfu_req_handling.o(i.dfu_handle_prevalidate) refers to memcpya.o(.text) for __aeabi_memcpy
    dfu_req_handling.o(i.dfu_handle_prevalidate) refers to nrf_log_frontend.o(i.nrf_log_frontend_std_1) for nrf_log_frontend_std_1
    dfu_req_handling.o(i.dfu_handle_prevalidate) refers to nrf_crypto.o(i.nrf_crypto_verify) for nrf_crypto_verify
    dfu_req_handling.o(i.dfu_handle_prevalidate) refers to nrf_dfu_utils.o(i.nrf_dfu_find_cache) for nrf_dfu_find_cache
    dfu_req_handling.o(i.dfu_handle_prevalidate) refers to nrf_dfu_settings.o(.bss) for s_dfu_settings
    dfu_req_handling.o(i.dfu_handle_prevalidate) refers to dfu_req_handling.o(.bss) for .bss
    dfu_req_handling.o(i.dfu_handle_prevalidate) refers to dfu_req_handling.o(.data) for .data
    dfu_req_handling.o(i.dfu_handle_prevalidate) refers to dfu_req_handling.o(.constdata) for .constdata
    dfu_req_handling.o(i.dfu_handle_signed_command) refers to dfu_req_handling.o(i.dfu_handle_prevalidate) for dfu_handle_prevalidate
    dfu_req_handling.o(i.dfu_handle_signed_command) refers to nrf_log_frontend.o(i.nrf_log_frontend_std_0) for nrf_log_frontend_std_0
    dfu_req_handling.o(i.dfu_handle_signed_command) refers to nrf_dfu_settings.o(i.nrf_dfu_settings_write) for nrf_dfu_settings_write
    dfu_req_handling.o(i.dfu_handle_signed_command) refers to dfu_req_handling.o(.data) for .data
    dfu_req_handling.o(i.nrf_dfu_command_req) refers to nrf_log_frontend.o(i.nrf_log_frontend_std_0) for nrf_log_frontend_std_0
    dfu_req_handling.o(i.nrf_dfu_command_req) refers to memseta.o(.text) for __aeabi_memclr4
    dfu_req_handling.o(i.nrf_dfu_command_req) refers to memcpya.o(.text) for __aeabi_memcpy
    dfu_req_handling.o(i.nrf_dfu_command_req) refers to crc32.o(i.crc32_compute) for crc32_compute
    dfu_req_handling.o(i.nrf_dfu_command_req) refers to nrf_log_frontend.o(i.nrf_log_frontend_hexdump) for nrf_log_frontend_hexdump
    dfu_req_handling.o(i.nrf_dfu_command_req) refers to dfu_req_handling.o(i.dfu_decode_commmand) for dfu_decode_commmand
    dfu_req_handling.o(i.nrf_dfu_command_req) refers to dfu_req_handling.o(i.dfu_handle_signed_command) for dfu_handle_signed_command
    dfu_req_handling.o(i.nrf_dfu_command_req) refers to nrf_dfu_settings.o(.bss) for s_dfu_settings
    dfu_req_handling.o(i.nrf_dfu_command_req) refers to dfu_req_handling.o(.data) for .data
    dfu_req_handling.o(i.nrf_dfu_command_req) refers to dfu_req_handling.o(.bss) for .bss
    dfu_req_handling.o(i.nrf_dfu_data_req) refers to nrf_log_frontend.o(i.nrf_log_frontend_std_0) for nrf_log_frontend_std_0
    dfu_req_handling.o(i.nrf_dfu_data_req) refers to nrf_log_frontend.o(i.nrf_log_frontend_std_3) for nrf_log_frontend_std_3
[...]
    nrf_drv_rng_stop                         0x00078bf9   Thumb Code    14  nrf_drv_rng.o(i.nrf_drv_rng_stop)
    i.nrf_gpio_cfg                           0x00078c0c   Section        0  boards.o(i.nrf_gpio_cfg)
    nrf_gpio_cfg                             0x00078c0d   Thumb Code    36  boards.o(i.nrf_gpio_cfg)
    i.nrf_gpio_cfg_output                    0x00078c30   Section        0  nrf_ble_dfu.o(i.nrf_gpio_cfg_output)
    nrf_gpio_cfg_output                      0x00078c31   Thumb Code    16  nrf_ble_dfu.o(i.nrf_gpio_cfg_output)
    i.nrf_gpio_pin_set                       0x00078c40   Section        0  nrf_ble_dfu.o(i.nrf_gpio_pin_set)
    nrf_gpio_pin_set                         0x00078c41   Thumb Code    14  nrf_ble_dfu.o(i.nrf_gpio_pin_set)
    i.nrf_gpio_pin_write                     0x00078c4e   Section        0  boards.o(i.nrf_gpio_pin_write)
    nrf_gpio_pin_write                       0x00078c4f   Thumb Code    22  boards.o(i.nrf_gpio_pin_write)
    i.nrf_log_backend_hexdump_handler_get    0x00078c64   Section        0  nrf_log_backend_serial.o(i.nrf_log_backend_hexdump_handler_get)
    i.nrf_log_backend_init                   0x00078c6c   Section        0  nrf_log_backend_serial.o(i.nrf_log_backend_init)
    i.nrf_log_backend_serial_hexdump_handler 0x00078c90   Section        0  nrf_log_backend_serial.o(i.nrf_log_backend_serial_hexdump_handler)
    nrf_log_backend_serial_hexdump_handler   0x00078c91   Thumb Code   284  nrf_log_backend_serial.o(i.nrf_log_backend_serial_hexdump_handler)
    i.nrf_log_backend_serial_std_handler     0x00078dac   Section        0  nrf_log_backend_serial.o(i.nrf_log_backend_serial_std_handler)
    nrf_log_backend_serial_std_handler       0x00078dad   Thumb Code   264  nrf_log_backend_serial.o(i.nrf_log_backend_serial_std_handler)
    i.nrf_log_backend_std_handler_get        0x00078eb4   Section        0  nrf_log_backend_serial.o(i.nrf_log_backend_std_handler_get)
    i.nrf_log_direct_feed                    0x00078ebc   Section        0  nrf_log_frontend.o(i.nrf_log_direct_feed)
    nrf_log_direct_feed                      0x00078ebd   Thumb Code    20  nrf_log_frontend.o(i.nrf_log_direct_feed)
    i.nrf_log_frontend_hexdump               0x00078ed4   Section        0  nrf_log_frontend.o(i.nrf_log_frontend_hexdump)
    i.nrf_log_frontend_std_0                 0x00078f08   Section        0  nrf_log_frontend.o(i.nrf_log_frontend_std_0)
    i.nrf_log_frontend_std_1                 0x00078f10   Section        0  nrf_log_frontend.o(i.nrf_log_frontend_std_1)
    i.nrf_log_frontend_std_2                 0x00078f1e   Section        0  nrf_log_frontend.o(i.nrf_log_frontend_std_2)
    i.nrf_log_frontend_std_3                 0x00078f2e   Section        0  nrf_log_frontend.o(i.nrf_log_frontend_std_3)
    i.nrf_log_frontend_std_5                 0x00078f40   Section        0  nrf_log_frontend.o(i.nrf_log_frontend_std_5)
    i.nrf_log_handlers_set                   0x00078f5c   Section        0  nrf_log_frontend.o(i.nrf_log_handlers_set)
    i.nrf_log_init                           0x00078f68   Section        0  nrf_log_frontend.o(i.nrf_log_init)
    i.nrf_nvmc_page_erase                    0x00078f8c   Section        0  nrf_nvmc.o(i.nrf_nvmc_page_erase)
    i.nrf_nvmc_write_words                   0x00078fbc   Section        0  nrf_nvmc.o(i.nrf_nvmc_write_words)
    i.nrf_queue_is_full                      0x00078ff8   Section        0  nrf_queue.o(i.nrf_queue_is_full)
    i.nrf_queue_next_idx                     0x00079016   Section        0  nrf_queue.o(i.nrf_queue_next_idx)
    nrf_queue_next_idx                       0x00079017   Thumb Code    14  nrf_queue.o(i.nrf_queue_next_idx)
    i.nrf_queue_push                         0x00079024   Section        0  nrf_queue.o(i.nrf_queue_push)
    i.on_ble_evt                             0x000790d8   Section        0  nrf_ble_dfu.o(i.on_ble_evt)
    on_ble_evt                               0x000790d9   Thumb Code   234  nrf_ble_dfu.o(i.on_ble_evt)
    i.on_ctrl_pt_write                       0x0007920c   Section        0  nrf_ble_dfu.o(i.on_ctrl_pt_write)
    on_ctrl_pt_write                         0x0007920d   Thumb Code   294  nrf_ble_dfu.o(i.on_ctrl_pt_write)
    i.on_dfu_complete                        0x000793fc   Section        0  dfu_req_handling.o(i.on_dfu_complete)
    on_dfu_complete                          0x000793fd   Thumb Code    38  dfu_req_handling.o(i.on_dfu_complete)
    i.on_operation_success                   0x00079448   Section        0  fstorage.o(i.on_operation_success)
    on_operation_success                     0x00079449   Thumb Code    80  fstorage.o(i.on_operation_success)
    i.on_rw_authorize_req                    0x0007949c   Section        0  nrf_ble_dfu.o(i.on_rw_authorize_req)
    on_rw_authorize_req                      0x0007949d   Thumb Code   142  nrf_ble_dfu.o(i.on_rw_authorize_req)
    i.on_write                               0x00079530   Section        0  nrf_ble_dfu.o(i.on_write)
    on_write                                 0x00079531   Thumb Code   102  nrf_ble_dfu.o(i.on_write)
    i.pb_dec_bytes                           0x000795c0   Section        0  pb_decode.o(i.pb_dec_bytes)
    pb_dec_bytes                             0x000795c1   Thumb Code    64  pb_decode.o(i.pb_dec_bytes)
    i.pb_dec_fixed32                         0x00079600   Section        0  pb_decode.o(i.pb_dec_fixed32)
    pb_dec_fixed32                           0x00079601   Thumb Code     6  pb_decode.o(i.pb_dec_fixed32)
    i.pb_dec_fixed64                         0x00079606   Section        0  pb_decode.o(i.pb_dec_fixed64)
    pb_dec_fixed64                           0x00079607   Thumb Code     6  pb_decode.o(i.pb_dec_fixed64)
    i.pb_dec_string                          0x0007960c   Section        0  pb_decode.o(i.pb_dec_string)
    pb_dec_string                            0x0007960d   Thumb Code    62  pb_decode.o(i.pb_dec_string)
    i.pb_dec_submessage                      0x0007964a   Section        0  pb_decode.o(i.pb_dec_submessage)
    pb_dec_submessage                        0x0007964b   Thumb Code    64  pb_decode.o(i.pb_dec_submessage)
    i.pb_dec_svarint                         0x0007968a   Section        0  pb_decode.o(i.pb_dec_svarint)
    pb_dec_svarint                           0x0007968b   Thumb Code    88  pb_decode.o(i.pb_dec_svarint)
    i.pb_dec_uvarint                         0x000796e2   Section        0  pb_decode.o(i.pb_dec_uvarint)
    pb_dec_uvarint                           0x000796e3   Thumb Code    88  pb_decode.o(i.pb_dec_uvarint)
    i.pb_dec_varint                          0x0007973a   Section        0  pb_decode.o(i.pb_dec_varint)
    pb_dec_varint                            0x0007973b   Thumb Code    90  pb_decode.o(i.pb_dec_varint)
    i.pb_decode                              0x00079794   Section        0  pb_decode.o(i.pb_decode)
    i.pb_decode_fixed32                      0x000797b2   Section        0  pb_decode.o(i.pb_decode_fixed32)
    i.pb_decode_fixed64                      0x000797d2   Section        0  pb_decode.o(i.pb_decode_fixed64)
    i.pb_decode_noinit                       0x00079830   Section        0  pb_decode.o(i.pb_decode_noinit)
    i.pb_decode_svarint                      0x000799b6   Section        0  pb_decode.o(i.pb_decode_svarint)
    i.pb_decode_tag                          0x000799f0   Section        0  pb_decode.o(i.pb_decode_tag)
    i.pb_decode_varint                       0x00079a32   Section        0  pb_decode.o(i.pb_decode_varint)
    i.pb_decode_varint32                     0x00079a7c   Section        0  pb_decode.o(i.pb_decode_varint32)
    pb_decode_varint32                       0x00079a7d   Thumb Code    76  pb_decode.o(i.pb_decode_varint32)
    i.pb_decoding_callback                   0x00079ac8   Section        0  dfu_req_handling.o(i.pb_decoding_callback)
    pb_decoding_callback                     0x00079ac9   Thumb Code    34  dfu_req_handling.o(i.pb_decoding_callback)
    i.pb_field_iter_begin                    0x00079b14   Section        0  pb_common.o(i.pb_field_iter_begin)
    i.pb_field_iter_find                     0x00079b36   Section        0  pb_common.o(i.pb_field_iter_find)
    i.pb_field_iter_next                     0x00079b64   Section        0  pb_common.o(i.pb_field_iter_next)
    i.pb_field_set_to_default                0x00079be4   Section        0  pb_decode.o(i.pb_field_set_to_default)
    pb_field_set_to_default                  0x00079be5   Thumb Code   164  pb_decode.o(i.pb_field_set_to_default)
    i.pb_istream_from_buffer                 0x00079c88   Section        0  pb_decode.o(i.pb_istream_from_buffer)
    i.pb_make_string_substream               0x00079c9c   Section        0  pb_decode.o(i.pb_make_string_substream)
    i.pb_message_set_to_defaults             0x00079cd2   Section        0  pb_decode.o(i.pb_message_set_to_defaults)
    pb_message_set_to_defaults               0x00079cd3   Thumb Code    38  pb_decode.o(i.pb_message_set_to_defaults)
    i.pb_read                                0x00079cf8   Section        0  pb_decode.o(i.pb_read)
    i.pb_readbyte                            0x00079d50   Section        0  pb_decode.o(i.pb_readbyte)
    pb_readbyte                              0x00079d51   Thumb Code    32  pb_decode.o(i.pb_readbyte)
    i.pb_skip_field                          0x00079d70   Section        0  pb_decode.o(i.pb_skip_field)
    i.queue_advance                          0x00079dcc   Section        0  fstorage.o(i.queue_advance)
    queue_advance                            0x00079dcd   Thumb Code    36  fstorage.o(i.queue_advance)
    i.queue_get_next_free                    0x00079df8   Section        0  fstorage.o(i.queue_get_next_free)
    queue_get_next_free                      0x00079df9   Thumb Code    52  fstorage.o(i.queue_get_next_free)
    i.queue_process                          0x00079e30   Section        0  fstorage.o(i.queue_process)
    queue_process                            0x00079e31   Thumb Code   104  fstorage.o(i.queue_process)
    i.queue_start                            0x00079ea0   Section        0  fstorage.o(i.queue_start)
    queue_start                              0x00079ea1   Thumb Code    22  fstorage.o(i.queue_start)
    i.queue_utilization_get                  0x00079ebc   Section        0  nrf_queue.o(i.queue_utilization_get)
    queue_utilization_get                    0x00079ebd   Thumb Code    22  nrf_queue.o(i.queue_utilization_get)
    i.ram_end_address_get                    0x00079ed2   Section        0  softdevice_handler.o(i.ram_end_address_get)
    ram_end_address_get                      0x00079ed3   Thumb Code    16  softdevice_handler.o(i.ram_end_address_get)
    i.read_raw_value                         0x00079ee2   Section        0  pb_decode.o(i.read_raw_value)
    read_raw_value                           0x00079ee3   Thumb Code    98  pb_decode.o(i.read_raw_value)
    i.response_crc_cmd_send                  0x00079f44   Section        0  nrf_ble_dfu.o(i.response_crc_cmd_send)
    response_crc_cmd_send                    0x00079f45   Thumb Code    98  nrf_ble_dfu.o(i.response_crc_cmd_send)
    i.response_select_object_cmd_send        0x00079ff0   Section        0  nrf_ble_dfu.o(i.response_select_object_cmd_send)
    response_select_object_cmd_send          0x00079ff1   Thumb Code   112  nrf_ble_dfu.o(i.response_select_object_cmd_send)
    i.response_send                          0x0007a06c   Section        0  nrf_ble_dfu.o(i.response_send)
    response_send                            0x0007a06d   Thumb Code    72  nrf_ble_dfu.o(i.response_send)
    i.rtc1_stop                              0x0007a0e8   Section        0  app_timer.o(i.rtc1_stop)
    rtc1_stop                                0x0007a0e9   Thumb Code    52  app_timer.o(i.rtc1_stop)
    i.sd_nvic_EnableIRQ                      0x0007a124   Section        0  softdevice_handler.o(i.sd_nvic_EnableIRQ)
    sd_nvic_EnableIRQ                        0x0007a125   Thumb Code   106  softdevice_handler.o(i.sd_nvic_EnableIRQ)
    i.send_event                             0x0007a194   Section        0  fstorage.o(i.send_event)
    send_event                               0x0007a195   Thumb Code    76  fstorage.o(i.send_event)
    i.send_hvx                               0x0007a1e0   Section        0  nrf_ble_dfu.o(i.send_hvx)
    send_hvx                                 0x0007a1e1   Thumb Code    36  nrf_ble_dfu.o(i.send_hvx)
    i.serial_tx                              0x0007a208   Section        0  nrf_log_backend_serial.o(i.serial_tx)
    serial_tx                                0x0007a209   Thumb Code    46  nrf_log_backend_serial.o(i.serial_tx)
    i.sha256_final                           0x0007a236   Section        0  sha256.o(i.sha256_final)
    i.sha256_init                            0x0007a348   Section        0  sha256.o(i.sha256_init)
    i.sha256_transform                       0x0007a39c   Section        0  sha256.o(i.sha256_transform)
    i.sha256_update                          0x0007a4c8   Section        0  sha256.o(i.sha256_update)
    i.softdevice_ble_evt_handler_set         0x0007a51c   Section        0  softdevice_handler.o(i.softdevice_ble_evt_handler_set)
    i.softdevice_enable                      0x0007a530   Section        0  softdevice_handler.o(i.softdevice_enable)
    i.softdevice_enable_get_default_config   0x0007a5d0   Section        0  softdevice_handler.o(i.softdevice_enable_get_default_config)
    i.softdevice_evt_get                     0x0007a5f6   Section        0  softdevice_handler_appsh.o(i.softdevice_evt_get)
    i.softdevice_evt_schedule                0x0007a608   Section        0  softdevice_handler_appsh.o(i.softdevice_evt_schedule)
    i.softdevice_fault_handler               0x0007a618   Section        0  softdevice_handler.o(i.softdevice_fault_handler)
    i.softdevice_handler_init                0x0007a61c   Section        0  softdevice_handler.o(i.softdevice_handler_init)
    i.softdevice_handler_is_enabled          0x0007a67c   Section        0  softdevice_handler.o(i.softdevice_handler_is_enabled)
    i.softdevice_sys_evt_handler_set         0x0007a688   Section        0  softdevice_handler.o(i.softdevice_sys_evt_handler_set)
    i.timer_list_handler                     0x0007a69c   Section        0  app_timer.o(i.timer_list_handler)
    timer_list_handler                       0x0007a69d   Thumb Code   134  app_timer.o(i.timer_list_handler)
    i.timer_list_insert                      0x0007a728   Section        0  app_timer.o(i.timer_list_insert)
    timer_list_insert                        0x0007a729   Thumb Code    56  app_timer.o(i.timer_list_insert)
    i.timer_stop_op_schedule                 0x0007a764   Section        0  app_timer.o(i.timer_stop_op_schedule)
    timer_stop_op_schedule                   0x0007a765   Thumb Code    68  app_timer.o(i.timer_stop_op_schedule)
    i.timer_timeouts_check                   0x0007a7ac   Section        0  app_timer.o(i.timer_timeouts_check)
    timer_timeouts_check                     0x0007a7ad   Thumb Code   124  app_timer.o(i.timer_timeouts_check)
    i.timestamp_process                      0x0007a830   Section        0  nrf_log_backend_serial.o(i.timestamp_process)
    timestamp_process                        0x0007a831   Thumb Code    44  nrf_log_backend_serial.o(i.timestamp_process)
    i.uint32_encode                          0x0007a864   Section        0  nrf_ble_dfu.o(i.uint32_encode)
    uint32_encode                            0x0007a865   Thumb Code    18  nrf_ble_dfu.o(i.uint32_encode)
    i.update_timeout_handler                 0x0007a878   Section        0  ble_conn_params.o(i.update_timeout_handler)
    update_timeout_handler                   0x0007a879   Thumb Code    88  ble_conn_params.o(i.update_timeout_handler)
    i.user_op_alloc                          0x0007a8d8   Section        0  app_timer.o(i.user_op_alloc)
    user_op_alloc                            0x0007a8d9   Thumb Code    42  app_timer.o(i.user_op_alloc)
    i.wait_for_queue                         0x0007a908   Section        0  nrf_dfu_settings.o(i.wait_for_queue)
    wait_for_queue                           0x0007a909   Thumb Code    26  nrf_dfu_settings.o(i.wait_for_queue)
    .constdata                               0x0007a958   Section        1  dfu-cc.pb.o(.constdata)
    .constdata                               0x0007a95c   Section       36  dfu-cc.pb.o(.constdata)
    .constdata                               0x0007a980   Section      120  dfu-cc.pb.o(.constdata)
    .constdata                               0x0007a9f8   Section       24  dfu-cc.pb.o(.constdata)
    .constdata                               0x0007aa10   Section       48  dfu-cc.pb.o(.constdata)
    .constdata                               0x0007aa40   Section       48  dfu-cc.pb.o(.constdata)
    .constdata                               0x0007aa70   Section       36  dfu-cc.pb.o(.constdata)
    .constdata                               0x0007aa94   Section       64  dfu_public_key.o(.constdata)
    .constdata                               0x0007aad4   Section        8  dfu_req_handling.o(.constdata)
    crypto_key_pk                            0x0007aad4   Data           8  dfu_req_handling.o(.constdata)
    .constdata                               0x0007aadc   Section        8  boards.o(.constdata)
    m_board_led_list                         0x0007aadc   Data           4  boards.o(.constdata)
    m_board_btn_list                         0x0007aae0   Data           4  boards.o(.constdata)
    .constdata                               0x0007aae4   Section        4  ble_conn_params.o(.constdata)
    m_conn_params_timer_id                   0x0007aae4   Data           4  ble_conn_params.o(.constdata)
    .constdata                               0x0007aae8   Section       20  nrf_ble_dfu.o(.constdata)
    .constdata                               0x0007aafc   Section       16  nrf_dfu_flash.o(.constdata)
    .constdata                               0x0007ab0c   Section       64  nrf_dfu_mbr.o(.constdata)
    .constdata                               0x0007ab4c   Section       24  nrf_drv_rng.o(.constdata)
    m_default_config                         0x0007ab4c   Data           2  nrf_drv_rng.o(.constdata)
    m_rand_pool                              0x0007ab50   Data          20  nrf_drv_rng.o(.constdata)
    .constdata                               0x0007ab64   Section      256  sha256.o(.constdata)
    k                                        0x0007ab64   Data         256  sha256.o(.constdata)
    .constdata                               0x0007ac64   Section       36  pb_decode.o(.constdata)
    PB_DECODERS                              0x0007ac64   Data          36  pb_decode.o(.constdata)
    .constdata                               0x0007ac88   Section      129  ctype_o.o(.constdata)
    .constdata                               0x0007ad0c   Section        4  ctype_o.o(.constdata)
    table                                    0x0007ad0c   Data           4  ctype_o.o(.constdata)
    .conststring                             0x0007ad10   Section      317  dfu_req_handling.o(.conststring)
    .conststring                             0x0007ae50   Section       81  nrf_ble_dfu.o(.conststring)
    .conststring                             0x0007aea4   Section       66  nrf_dfu_settings.o(.conststring)
    .conststring                             0x0007aee8   Section      431  nrf_dfu_utils.o(.conststring)
    .conststring                             0x0007b098   Section       66  softdevice_handler.o(.conststring)
    [Anonymous Symbol]                       0x0007b0dc   Section        0  micro_ecc_lib_uECC.c.o(.rodata.curve_secp256r1)
    curve_secp256r1                          0x0007b0dc   Data         176  micro_ecc_lib_uECC.c.o(.rodata.curve_secp256r1)
    dfu_trans                                0x0007b1ac   Section        8  nrf_ble_dfu.o(dfu_trans)
    __tagsym$$used                           0x0007b1ac   Number         0  nrf_ble_dfu.o(dfu_trans)
    dfu_trans                                0x0007b1ac   Data           8  nrf_ble_dfu.o(dfu_trans)
    .ARM.__AT_0x0007E000                     0x0007e000   Section     4096  nrf_dfu_settings.o(.ARM.__AT_0x0007E000)
    __tagsym$$used                           0x0007e000   Number         0  nrf_dfu_settings.o(.ARM.__AT_0x0007E000)
    .ARM.__AT_0x0007F000                     0x0007f000   Section     4096  nrf_dfu_settings.o(.ARM.__AT_0x0007F000)
    __tagsym$$used                           0x0007f000   Number         0  nrf_dfu_settings.o(.ARM.__AT_0x0007F000)
    .ARM.__AT_0x10001014                     0x10001014   Section        4  nrf_bootloader_info.o(.ARM.__AT_0x10001014)
    .ARM.__AT_0x10001018                     0x10001018   Section        4  nrf_dfu_settings.o(.ARM.__AT_0x10001018)
    .data                                    0x20002c00   Section       36  dfu_req_handling.o(.data)
    cur_obj_type                             0x20002c00   Data           1  dfu_req_handling.o(.data)
    m_current_data_buffer                    0x20002c01   Data           1  dfu_req_handling.o(.data)
    m_valid_init_packet_present              0x20002c02   Data           1  dfu_req_handling.o(.data)
    m_data_buf_pos                           0x20002c04   Data           2  dfu_req_handling.o(.data)
    m_flash_operations_pending               0x20002c08   Data           4  dfu_req_handling.o(.data)
    m_firmware_start_addr                    0x20002c0c   Data           4  dfu_req_handling.o(.data)
    m_firmware_size_req                      0x20002c10   Data           4  dfu_req_handling.o(.data)
    crypto_sig                               0x20002c14   Data           8  dfu_req_handling.o(.data)
    hash_data                                0x20002c1c   Data           8  dfu_req_handling.o(.data)
    .data                                    0x20002c24   Section       20  ble_conn_params.o(.data)
    m_change_param                           0x20002c24   Data           1  ble_conn_params.o(.data)
    m_update_count                           0x20002c25   Data           1  ble_conn_params.o(.data)
    m_conn_handle                            0x20002c26   Data           2  ble_conn_params.o(.data)
    m_preferred_conn_params                  0x20002c28   Data           8  ble_conn_params.o(.data)
    m_current_conn_params                    0x20002c30   Data           8  ble_conn_params.o(.data)
    .data                                    0x20002c38   Section       12  nrf_ble_dfu.o(.data)
    m_conn_handle                            0x20002c38   Data           2  nrf_ble_dfu.o(.data)
    m_pkt_notif_target                       0x20002c3a   Data           2  nrf_ble_dfu.o(.data)
    m_pkt_notif_target_cnt                   0x20002c3c   Data           2  nrf_ble_dfu.o(.data)
    m_flags                                  0x20002c40   Data           4  nrf_ble_dfu.o(.data)
    .data                                    0x20002c44   Section        4  nrf_dfu_flash.o(.data)
    m_flags                                  0x20002c44   Data           4  nrf_dfu_flash.o(.data)
    .data                                    0x20002c48   Section        8  nrf_dfu_settings.o(.data)
    flash_operation_pending                  0x20002c48   Data           1  nrf_dfu_settings.o(.data)
    m_callback                               0x20002c4c   Data           4  nrf_dfu_settings.o(.data)
    .data                                    0x20002c50   Section       16  app_scheduler.o(.data)
    m_queue_start_index                      0x20002c50   Data           1  app_scheduler.o(.data)
    m_queue_end_index                        0x20002c51   Data           1  app_scheduler.o(.data)
    m_queue_event_size                       0x20002c52   Data           2  app_scheduler.o(.data)
    m_queue_size                             0x20002c54   Data           2  app_scheduler.o(.data)
    m_queue_event_headers                    0x20002c58   Data           4  app_scheduler.o(.data)
    m_queue_event_data                       0x20002c5c   Data           4  app_scheduler.o(.data)
    .data                                    0x20002c60   Section       32  app_timer.o(.data)
    m_ticks_elapsed_q_read_ind               0x20002c60   Data           1  app_timer.o(.data)
    m_ticks_elapsed_q_write_ind              0x20002c61   Data           1  app_timer.o(.data)
    m_rtc1_running                           0x20002c62   Data           1  app_timer.o(.data)
    m_rtc1_reset                             0x20002c63   Data           1  app_timer.o(.data)
    mp_timer_id_head                         0x20002c64   Data           4  app_timer.o(.data)
    m_ticks_latest                           0x20002c68   Data           4  app_timer.o(.data)
    m_evt_schedule_func                      0x20002c6c   Data           4  app_timer.o(.data)
    m_op_queue                               0x20002c70   Data           8  app_timer.o(.data)
    m_ticks_elapsed                          0x20002c78   Data           8  app_timer.o(.data)
    .data                                    0x20002c80   Section        2  fstorage.o(.data)
    m_flags                                  0x20002c80   Data           1  fstorage.o(.data)
    m_retry_count                            0x20002c81   Data           1  fstorage.o(.data)
    .data                                    0x20002c82   Section        2  nrf_log_backend_serial.o(.data)
    m_initialized                            0x20002c82   Data           1  nrf_log_backend_serial.o(.data)
    m_blocking_mode                          0x20002c83   Data           1  nrf_log_backend_serial.o(.data)
    .data                                    0x20002c84   Section       20  softdevice_handler.o(.data)
    m_softdevice_enabled                     0x20002c84   Data           1  softdevice_handler.o(.data)
    m_suspended                              0x20002c85   Data           1  softdevice_handler.o(.data)
    m_ble_evt_buffer_size                    0x20002c86   Data           2  softdevice_handler.o(.data)
    m_evt_schedule_func                      0x20002c88   Data           4  softdevice_handler.o(.data)
    mp_ble_evt_buffer                        0x20002c8c   Data           4  softdevice_handler.o(.data)
    m_ble_evt_handler                        0x20002c90   Data           4  softdevice_handler.o(.data)
    m_sys_evt_handler                        0x20002c94   Data           4  softdevice_handler.o(.data)
    .data                                    0x20002c98   Section        4  system_nrf52.o(.data)
    __tagsym$$used                           0x20002c98   Number         0  system_nrf52.o(.data)
    fs_data                                  0x20002c9c   Section       16  nrf_dfu_flash.o(fs_data)
    __tagsym$$used                           0x20002c9c   Number         0  nrf_dfu_flash.o(fs_data)
    fs_dfu_config                            0x20002c9c   Data          16  nrf_dfu_flash.o(fs_data)
    .bss                                     0x20002cac   Section     1436  dfu_req_handling.o(.bss)
    packet                                   0x20002cac   Data         300  dfu_req_handling.o(.bss)
    m_data_buf                               0x20002dd8   Data        1024  dfu_req_handling.o(.bss)
    hash                                     0x200031d8   Data          32  dfu_req_handling.o(.bss)
    sig                                      0x200031f8   Data          64  dfu_req_handling.o(.bss)
    stream                                   0x20003238   Data          16  dfu_req_handling.o(.bss)
    .bss                                     0x20003248   Section       32  ble_conn_params.o(.bss)
    m_conn_params_timer_id_data              0x20003248   Data          32  ble_conn_params.o(.bss)
    .bss                                     0x20003268   Section       28  ble_conn_params.o(.bss)
    m_conn_params_config                     0x20003268   Data          28  ble_conn_params.o(.bss)
    .bss                                     0x20003284   Section      115  nrf_ble_dfu.o(.bss)
    BLE_EVT_BUFFER                           0x20003284   Data          80  nrf_ble_dfu.o(.bss)
    m_dfu                                    0x200032d4   Data          20  nrf_ble_dfu.o(.bss)
    m_notif_buffer                           0x200032e8   Data          15  nrf_ble_dfu.o(.bss)
    .bss                                     0x200032f8   Section      456  nrf_dfu.o(.bss)
    APP_TIMER_BUF                            0x200032f8   Data         120  nrf_dfu.o(.bss)
    APP_SCHED_BUF                            0x20003370   Data         336  nrf_dfu.o(.bss)
    .bss                                     0x200034c0   Section      696  nrf_dfu_settings.o(.bss)
    temp_dfu_settings                        0x200034c0   Data         348  nrf_dfu_settings.o(.bss)
    .bss                                     0x20003778   Section       33  nrf_drv_rng.o(.bss)
    m_rand_pool_nrf_queue_buffer             0x20003778   Data          33  nrf_drv_rng.o(.bss)
    .bss                                     0x2000379c   Section       12  nrf_drv_rng.o(.bss)
    m_rand_pool_nrf_queue_cb                 0x2000379c   Data          12  nrf_drv_rng.o(.bss)
    .bss                                     0x200037a8   Section       12  app_util_platform.o(.bss)
    .bss                                     0x200037b4   Section      104  fstorage.o(.bss)
    m_queue                                  0x200037b4   Data         104  fstorage.o(.bss)
    .bss                                     0x2000381c   Section       28  nrf_log_frontend.o(.bss)
    m_log_data                               0x2000381c   Data          28  nrf_log_frontend.o(.bss)
    .bss                                     0x20003838   Section      648  segger_rtt.o(.bss)
    _acUpBuffer                              0x20003838   Data         512  segger_rtt.o(.bss)
    _acDownBuffer                            0x20003a38   Data          16  segger_rtt.o(.bss)
    STACK                                    0x20003ac0   Section     8192  arm_startup_nrf52.o(STACK)

    Global Symbols

    Symbol Name                              Value     Ov Type        Size  Object(Section)

    BuildAttributes$$THM_ISAv4$E$P$D$K$B$S$7EM$VFPi3$EXTD16$VFPS$VFMA$PE$A:L22UL41UL21$X:L11$S22US41US21$IEEE1$IW$USESV6$~STKCKD$USESV7$~SHL$OSPACE$ROPI$IEEEX$EBA8$MICROLIB$REQ8$PRES8$EABIv2 0x00000000   Number         0  anon$$obj.o ABSOLUTE
    __ARM_use_no_argv                        0x00000000   Number         0  main.o ABSOLUTE
    _printf_a                                0x00000000   Number         0  stubs.o ABSOLUTE
    _printf_c                                0x00000000   Number         0  stubs.o ABSOLUTE
    _printf_charcount                        0x00000000   Number         0  stubs.o ABSOLUTE
    _printf_d                                0x00000000   Number         0  stubs.o ABSOLUTE
    _printf_e                                0x00000000   Number         0  stubs.o ABSOLUTE
    _printf_f                                0x00000000   Number         0  stubs.o ABSOLUTE
    _printf_flags                            0x00000000   Number         0  stubs.o ABSOLUTE
    _printf_fp_dec                           0x00000000   Number         0  stubs.o ABSOLUTE
    _printf_fp_hex                           0x00000000   Number         0  stubs.o ABSOLUTE
    _printf_g                                0x00000000   Number         0  stubs.o ABSOLUTE
    _printf_i                                0x00000000   Number         0  stubs.o ABSOLUTE
    _printf_int_dec                          0x00000000   Number         0  stubs.o ABSOLUTE
    _printf_l                                0x00000000   Number         0  stubs.o ABSOLUTE
    _printf_lc                               0x00000000   Number         0  stubs.o ABSOLUTE
    _printf_ll                               0x00000000   Number         0  stubs.o ABSOLUTE
    _printf_lld                              0x00000000   Number         0  stubs.o ABSOLUTE
    _printf_lli                              0x00000000   Number         0  stubs.o ABSOLUTE
    _printf_llo                              0x00000000   Number         0  stubs.o ABSOLUTE
    _printf_llu                              0x00000000   Number         0  stubs.o ABSOLUTE
    _printf_llx                              0x00000000   Number         0  stubs.o ABSOLUTE
    _printf_longlong_dec                     0x00000000   Number         0  stubs.o ABSOLUTE
    _printf_longlong_hex                     0x00000000   Number         0  stubs.o ABSOLUTE
    _printf_longlong_oct                     0x00000000   Number         0  stubs.o ABSOLUTE
    _printf_ls                               0x00000000   Number         0  stubs.o ABSOLUTE
    _printf_mbtowc                           0x00000000   Number         0  stubs.o ABSOLUTE
    _printf_n                                0x00000000   Number         0  stubs.o ABSOLUTE
    _printf_o                                0x00000000   Number         0  stubs.o ABSOLUTE
    _printf_p                                0x00000000   Number         0  stubs.o ABSOLUTE
    _printf_percent                          0x00000000   Number         0  stubs.o ABSOLUTE
    _printf_pre_padding                      0x00000000   Number         0  stubs.o ABSOLUTE
    _printf_return_value                     0x00000000   Number         0  stubs.o ABSOLUTE
    _printf_s                                0x00000000   Number         0  stubs.o ABSOLUTE
    _printf_sizespec                         0x00000000   Number         0  stubs.o ABSOLUTE
    _printf_str                              0x00000000   Number         0  stubs.o ABSOLUTE
    _printf_truncate_signed                  0x00000000   Number         0  stubs.o ABSOLUTE
    _printf_truncate_unsigned                0x00000000   Number         0  stubs.o ABSOLUTE
    _printf_u                                0x00000000   Number         0  stubs.o ABSOLUTE
    _printf_wc                               0x00000000   Number         0  stubs.o ABSOLUTE
    _printf_wctomb                           0x00000000   Number         0  stubs.o ABSOLUTE
    _printf_widthprec                        0x00000000   Number         0  stubs.o ABSOLUTE
    _printf_x                                0x00000000   Number         0  stubs.o ABSOLUTE
    __cpp_initialize__aeabi_                  - Undefined Weak Reference
    __cxa_finalize                            - Undefined Weak Reference
    __decompress                              - Undefined Weak Reference
    _clock_init                               - Undefined Weak Reference
    _microlib_exit                            - Undefined Weak Reference
    __Vectors_Size                           0x00000400   Number         0  arm_startup_nrf52.o ABSOLUTE
    Image$$ER_IROM1$$Base                    0x00073000   Number         0  anon$$obj.o ABSOLUTE
    __Vectors                                0x00073000   Data           4  arm_startup_nrf52.o(RESET)
    __Vectors_End                            0x00073400   Data           0  arm_startup_nrf52.o(RESET)
    __main                                   0x00073401   Thumb Code     0  entry.o(.ARM.Collect$$$$00000000)
    _main_stk                                0x00073401   Thumb Code     0  entry2.o(.ARM.Collect$$$$00000001)
    _main_scatterload                        0x00073405   Thumb Code     0  entry5.o(.ARM.Collect$$$$00000004)
    __main_after_scatterload                 0x00073409   Thumb Code     0  entry5.o(.ARM.Collect$$$$00000004)
    _main_clock                              0x00073409   Thumb Code     0  entry7b.o(.ARM.Collect$$$$00000008)
    _main_cpp_init                           0x00073409   Thumb Code     0  entry8b.o(.ARM.Collect$$$$0000000A)
    _main_init                               0x00073409   Thumb Code     0  entry9a.o(.ARM.Collect$$$$0000000B)
    __rt_final_cpp                           0x00073411   Thumb Code     0  entry10a.o(.ARM.Collect$$$$0000000D)
    __rt_final_exit                          0x00073411   Thumb Code     0  entry11a.o(.ARM.Collect$$$$0000000F)
    __asm___26_nrf_bootloader_app_start_c_5c9f33f9__nrf_bootloader_app_start_impl 0x00073415   Thumb Code    52  nrf_bootloader_app_start.o(.emb_text)
    Reset_Handler                            0x00073449   Thumb Code     8  arm_startup_nrf52.o(.text)
    NMI_Handler                              0x00073451   Thumb Code     2  arm_startup_nrf52.o(.text)
    HardFault_Handler                        0x00073453   Thumb Code     2  arm_startup_nrf52.o(.text)
    MemoryManagement_Handler                 0x00073455   Thumb Code     2  arm_startup_nrf52.o(.text)
    BusFault_Handler                         0x00073457   Thumb Code     2  arm_startup_nrf52.o(.text)
    UsageFault_Handler                       0x00073459   Thumb Code     2  arm_startup_nrf52.o(.text)
    SVC_Handler                              0x0007345b   Thumb Code     2  arm_startup_nrf52.o(.text)
    DebugMon_Handler                         0x0007345d   Thumb Code     2  arm_startup_nrf52.o(.text)
    PendSV_Handler                           0x0007345f   Thumb Code     2  arm_startup_nrf52.o(.text)
    SysTick_Handler                          0x00073461   Thumb Code     2  arm_startup_nrf52.o(.text)
    CCM_AAR_IRQHandler                       0x00073463   Thumb Code     0  arm_startup_nrf52.o(.text)
    COMP_LPCOMP_IRQHandler                   0x00073463   Thumb Code     0  arm_startup_nrf52.o(.text)
    ECB_IRQHandler                           0x00073463   Thumb Code     0  arm_startup_nrf52.o(.text)
    FPU_IRQHandler                           0x00073463   Thumb Code     0  arm_startup_nrf52.o(.text)
    GPIOTE_IRQHandler                        0x00073463   Thumb Code     0  arm_startup_nrf52.o(.text)
    I2S_IRQHandler                           0x00073463   Thumb Code     0  arm_startup_nrf52.o(.text)
    MWU_IRQHandler                           0x00073463   Thumb Code     0  arm_startup_nrf52.o(.text)
    NFCT_IRQHandler                          0x00073463   Thumb Code     0  arm_startup_nrf52.o(.text)
    PDM_IRQHandler                           0x00073463   Thumb Code     0  arm_startup_nrf52.o(.text)
    POWER_CLOCK_IRQHandler                   0x00073463   Thumb Code     0  arm_startup_nrf52.o(.text)
    PWM0_IRQHandler                          0x00073463   Thumb Code     0  arm_startup_nrf52.o(.text)
    PWM1_IRQHandler                          0x00073463   Thumb Code     0  arm_startup_nrf52.o(.text)
    PWM2_IRQHandler                          0x00073463   Thumb Code     0  arm_startup_nrf52.o(.text)
    QDEC_IRQHandler                          0x00073463   Thumb Code     0  arm_startup_nrf52.o(.text)
    RADIO_IRQHandler                         0x00073463   Thumb Code     0  arm_startup_nrf52.o(.text)
    RTC0_IRQHandler                          0x00073463   Thumb Code     0  arm_startup_nrf52.o(.text)
    RTC2_IRQHandler                          0x00073463   Thumb Code     0  arm_startup_nrf52.o(.text)
    SAADC_IRQHandler                         0x00073463   Thumb Code     0  arm_startup_nrf52.o(.text)
    SPIM0_SPIS0_TWIM0_TWIS0_SPI0_TWI0_IRQHandler 0x00073463   Thumb Code     0  arm_startup_nrf52.o(.text)
    SPIM1_SPIS1_TWIM1_TWIS1_SPI1_TWI1_IRQHandler 0x00073463   Thumb Code     0  arm_startup_nrf52.o(.text)
    SPIM2_SPIS2_SPI2_IRQHandler              0x00073463   Thumb Code     0  arm_startup_nrf52.o(.text)
    SWI1_EGU1_IRQHandler                     0x00073463   Thumb Code     0  arm_startup_nrf52.o(.text)
    SWI3_EGU3_IRQHandler                     0x00073463   Thumb Code     0  arm_startup_nrf52.o(.text)
    SWI4_EGU4_IRQHandler                     0x00073463   Thumb Code     0  arm_startup_nrf52.o(.text)
    SWI5_EGU5_IRQHandler                     0x00073463   Thumb Code     0  arm_startup_nrf52.o(.text)
    TEMP_IRQHandler                          0x00073463   Thumb Code     0  arm_startup_nrf52.o(.text)
    TIMER0_IRQHandler                        0x00073463   Thumb Code     0  arm_startup_nrf52.o(.text)
    TIMER1_IRQHandler                        0x00073463   Thumb Code     0  arm_startup_nrf52.o(.text)
    TIMER2_IRQHandler                        0x00073463   Thumb Code     0  arm_startup_nrf52.o(.text)
    TIMER3_IRQHandler                        0x00073463   Thumb Code     0  arm_startup_nrf52.o(.text)
    TIMER4_IRQHandler                        0x00073463   Thumb Code     0  arm_startup_nrf52.o(.text)
    UARTE0_UART0_IRQHandler                  0x00073463   Thumb Code     0  arm_startup_nrf52.o(.text)
    WDT_IRQHandler                           0x00073463   Thumb Code     0  arm_startup_nrf52.o(.text)
    __aeabi_llsl                             0x0007346d   Thumb Code    30  llshl.o(.text)
    _ll_shift_l                              0x0007346d   Thumb Code     0  llshl.o(.text)
    __rt_ctype_table                         0x0007348d   Thumb Code     4  ctype_o.o(.text)
    __aeabi_memcpy                           0x00073495   Thumb Code    36  memcpya.o(.text)
    __aeabi_memcpy4                          0x00073495   Thumb Code     0  memcpya.o(.text)
    __aeabi_memcpy8                          0x00073495   Thumb Code     0  memcpya.o(.text)
    __aeabi_memset                           0x000734b9   Thumb Code    14  memseta.o(.text)
    __aeabi_memset4                          0x000734b9   Thumb Code     0  memseta.o(.text)
    __aeabi_memset8                          0x000734b9   Thumb Code     0  memseta.o(.text)
    __aeabi_memclr                           0x000734c7   Thumb Code     4  memseta.o(.text)
    __aeabi_memclr4                          0x000734c7   Thumb Code     0  memseta.o(.text)
    __aeabi_memclr8                          0x000734c7   Thumb Code     0  memseta.o(.text)
    memset                                   0x000734cb   Thumb Code    18  memseta.o(.text)
    strlen                                   0x000734dd   Thumb Code    14  strlen.o(.text)
    memcmp                                   0x000734eb   Thumb Code    26  memcmp.o(.text)
    strcpy                                   0x00073505   Thumb Code    18  strcpy.o(.text)
    __aeabi_uldivmod                         0x00073517   Thumb Code    98  uldiv.o(.text)
    __scatterload                            0x00073579   Thumb Code    28  init.o(.text)
    __scatterload_rt2                        0x00073579   Thumb Code     0  init.o(.text)
    __aeabi_llsr                             0x0007359d   Thumb Code    32  llushr.o(.text)
    _ll_ushift_r                             0x0007359d   Thumb Code     0  llushr.o(.text)
    uECC_secp256r1                           0x000738ad   Thumb Code     8  micro_ecc_lib_uECC.c.o(.text.uECC_secp256r1)
    uECC_verify                              0x000738b5   Thumb Code   724  micro_ecc_lib_uECC.c.o(.text.uECC_verify)
    uECC_vli_add                             0x00073b91   Thumb Code    88  micro_ecc_lib_uECC.c.o(.text.uECC_vli_add)
    uECC_vli_clear                           0x00073be9   Thumb Code    24  micro_ecc_lib_uECC.c.o(.text.uECC_vli_clear)
    uECC_vli_equal                           0x00073c2b   Thumb Code    42  micro_ecc_lib_uECC.c.o(.text.uECC_vli_equal)
    uECC_vli_isZero                          0x00073c55   Thumb Code    30  micro_ecc_lib_uECC.c.o(.text.uECC_vli_isZero)
    uECC_vli_mmod                            0x00073c75   Thumb Code   316  micro_ecc_lib_uECC.c.o(.text.uECC_vli_mmod)
    uECC_vli_modAdd                          0x00073db1   Thumb Code    50  micro_ecc_lib_uECC.c.o(.text.uECC_vli_modAdd)
    uECC_vli_modInv                          0x00073de3   Thumb Code   268  micro_ecc_lib_uECC.c.o(.text.uECC_vli_modInv)
    uECC_vli_modMult                         0x00073eef   Thumb Code    36  micro_ecc_lib_uECC.c.o(.text.uECC_vli_modMult)
    uECC_vli_modMult_fast                    0x00073f13   Thumb Code    32  micro_ecc_lib_uECC.c.o(.text.uECC_vli_modMult_fast)
    uECC_vli_modSquare_fast                  0x00073f33   Thumb Code    32  micro_ecc_lib_uECC.c.o(.text.uECC_vli_modSquare_fast)
    uECC_vli_modSub                          0x00073f53   Thumb Code    36  micro_ecc_lib_uECC.c.o(.text.uECC_vli_modSub)
    uECC_vli_mult                            0x00073f77   Thumb Code   786  micro_ecc_lib_uECC.c.o(.text.uECC_vli_mult)
    uECC_vli_numBits                         0x00074289   Thumb Code    68  micro_ecc_lib_uECC.c.o(.text.uECC_vli_numBits)
    uECC_vli_rshift1                         0x000742cd   Thumb Code    26  micro_ecc_lib_uECC.c.o(.text.uECC_vli_rshift1)
    uECC_vli_set                             0x000742e7   Thumb Code    26  micro_ecc_lib_uECC.c.o(.text.uECC_vli_set)
    uECC_vli_square                          0x00074301   Thumb Code   652  micro_ecc_lib_uECC.c.o(.text.uECC_vli_square)
    uECC_vli_sub                             0x00074591   Thumb Code    94  micro_ecc_lib_uECC.c.o(.text.uECC_vli_sub)
    uECC_vli_testBit                         0x000745f1   Thumb Code    18  micro_ecc_lib_uECC.c.o(.text.uECC_vli_testBit)
    RNG_IRQHandler                           0x000748fd   Thumb Code    82  nrf_drv_rng.o(i.RNG_IRQHandler)
    RTC1_IRQHandler                          0x00074961   Thumb Code    32  app_timer.o(i.RTC1_IRQHandler)
    SEGGER_RTT_Init                          0x00074985   Thumb Code    14  segger_rtt.o(i.SEGGER_RTT_Init)
    SEGGER_RTT_WriteNoLock                   0x00074999   Thumb Code    86  segger_rtt.o(i.SEGGER_RTT_WriteNoLock)
    SWI0_EGU0_IRQHandler                     0x000749f5   Thumb Code     4  app_timer.o(i.SWI0_EGU0_IRQHandler)
    SWI2_EGU2_IRQHandler                     0x000749f9   Thumb Code    32  softdevice_handler.o(i.SWI2_EGU2_IRQHandler)
    SystemInit                               0x00074a1d   Thumb Code   610  system_nrf52.o(i.SystemInit)
    __0snprintf$8                            0x00074dd1   Thumb Code    44  printf8.o(i.__0snprintf$8)
    __1snprintf$8                            0x00074dd1   Thumb Code     0  printf8.o(i.__0snprintf$8)
    __2snprintf                              0x00074dd1   Thumb Code     0  printf8.o(i.__0snprintf$8)
    __scatterload_copy                       0x00074e01   Thumb Code    14  handlers.o(i.__scatterload_copy)
    __scatterload_null                       0x00074e0f   Thumb Code     2  handlers.o(i.__scatterload_null)
    __scatterload_zeroinit                   0x00074e11   Thumb Code    14  handlers.o(i.__scatterload_zeroinit)
    app_error_fault_handler                  0x0007538d   Thumb Code    16  main.o(i.app_error_fault_handler)
    app_error_handler_bare                   0x000753d1   Thumb Code    14  main.o(i.app_error_handler_bare)
    app_sched_event_put                      0x00075405   Thumb Code   154  app_scheduler.o(i.app_sched_event_put)
    app_sched_execute                        0x000754a5   Thumb Code    58  app_scheduler.o(i.app_sched_execute)
    app_sched_init                           0x000754e5   Thumb Code    40  app_scheduler.o(i.app_sched_init)
    app_timer_create                         0x00075511   Thumb Code    32  app_timer.o(i.app_timer_create)
    app_timer_evt_schedule                   0x0007554d   Thumb Code    18  app_timer_appsh.o(i.app_timer_evt_schedule)
    app_timer_init                           0x00075565   Thumb Code   102  app_timer.o(i.app_timer_init)
    app_timer_start                          0x000755d5   Thumb Code   128  app_timer.o(i.app_timer_start)
    app_timer_stop                           0x0007565d   Thumb Code    26  app_timer.o(i.app_timer_stop)
    app_util_critical_region_enter           0x0007567d   Thumb Code    64  app_util_platform.o(i.app_util_critical_region_enter)
    app_util_critical_region_exit            0x000756c5   Thumb Code    46  app_util_platform.o(i.app_util_critical_region_exit)
    ble_conn_params_init                     0x000756f9   Thumb Code    72  ble_conn_params.o(i.ble_conn_params_init)
    ble_conn_params_on_ble_evt               0x00075751   Thumb Code   120  ble_conn_params.o(i.ble_conn_params_on_ble_evt)
    ble_conn_params_stop                     0x000757d5   Thumb Code     8  ble_conn_params.o(i.ble_conn_params_stop)
    ble_dfu_init                             0x000757e1   Thumb Code    98  nrf_ble_dfu.o(i.ble_dfu_init)
    ble_dfu_transport_close                  0x0007584d   Thumb Code    98  nrf_ble_dfu.o(i.ble_dfu_transport_close)
    ble_dfu_transport_init                   0x0007590d   Thumb Code   130  nrf_ble_dfu.o(i.ble_dfu_transport_init)
    ble_srv_is_notification_enabled          0x000759af   Thumb Code     8  ble_srv_common.o(i.ble_srv_is_notification_enabled)
    bsp_board_led_off                        0x00075a41   Thumb Code    10  boards.o(i.bsp_board_led_off)
    bsp_board_led_on                         0x00075a51   Thumb Code    10  boards.o(i.bsp_board_led_on)
    bsp_board_leds_init                      0x00075a61   Thumb Code    38  boards.o(i.bsp_board_leds_init)
    bsp_board_leds_off                       0x00075a8d   Thumb Code    18  boards.o(i.bsp_board_leds_off)
    crc32_compute                            0x00075bf9   Thumb Code    54  crc32.o(i.crc32_compute)
    ecc_p256_verify                          0x0007635d   Thumb Code    74  ecc.o(i.ecc_p256_verify)
    fs_erase                                 0x000763e9   Thumb Code   110  fstorage.o(i.fs_erase)
    fs_fake_init                             0x000764b9   Thumb Code    14  fstorage.o(i.fs_fake_init)
    fs_queue_is_full                         0x000764cd   Thumb Code    16  fstorage.o(i.fs_queue_is_full)
    fs_store                                 0x000764e1   Thumb Code   124  fstorage.o(i.fs_store)
    fs_sys_event_handler                     0x00076561   Thumb Code    96  fstorage.o(i.fs_sys_event_handler)
    intern_softdevice_events_execute         0x00076635   Thumb Code   118  softdevice_handler.o(i.intern_softdevice_events_execute)
    main                                     0x00076869   Thumb Code    66  main.o(i.main)
    nrf_bootloader_app_start                 0x000768dd   Thumb Code    82  nrf_bootloader_app_start.o(i.nrf_bootloader_app_start)
    nrf_bootloader_init                      0x00076a29   Thumb Code    30  nrf_bootloader.o(i.nrf_bootloader_init)
    nrf_crypto_hash_compute                  0x00076a8d   Thumb Code    76  nrf_crypto.o(i.nrf_crypto_hash_compute)
    nrf_crypto_verify                        0x00076ad9   Thumb Code    46  nrf_crypto.o(i.nrf_crypto_verify)
    nrf_dfu_app_is_valid                     0x00076e29   Thumb Code    70  nrf_dfu_utils.o(i.nrf_dfu_app_is_valid)
    nrf_dfu_continue                         0x0007739d   Thumb Code    60  nrf_dfu_utils.o(i.nrf_dfu_continue)
    nrf_dfu_enter_check                      0x00077a9d   Thumb Code    50  nrf_dfu.o(i.nrf_dfu_enter_check)
    nrf_dfu_find_cache                       0x00077ad5   Thumb Code   244  nrf_dfu_utils.o(i.nrf_dfu_find_cache)
    nrf_dfu_flash_erase                      0x00077d7d   Thumb Code   178  nrf_dfu_flash.o(i.nrf_dfu_flash_erase)
    nrf_dfu_flash_init                       0x00077eb9   Thumb Code    56  nrf_dfu_flash.o(i.nrf_dfu_flash_init)
    nrf_dfu_flash_store                      0x00077f71   Thumb Code   160  nrf_dfu_flash.o(i.nrf_dfu_flash_store)
    nrf_dfu_init                             0x00078081   Thumb Code   178  nrf_dfu.o(i.nrf_dfu_init)
    nrf_dfu_mbr_compare                      0x00078261   Thumb Code    24  nrf_dfu_mbr.o(i.nrf_dfu_mbr_compare)
    nrf_dfu_mbr_copy_bl                      0x0007827d   Thumb Code    22  nrf_dfu_mbr.o(i.nrf_dfu_mbr_copy_bl)
    nrf_dfu_mbr_copy_sd                      0x00078295   Thumb Code    32  nrf_dfu_mbr.o(i.nrf_dfu_mbr_copy_sd)
    nrf_dfu_mbr_init_sd                      0x000782b9   Thumb Code    18  nrf_dfu_mbr.o(i.nrf_dfu_mbr_init_sd)
    nrf_dfu_req_handler_init                 0x000784c5   Thumb Code    70  dfu_req_handling.o(i.nrf_dfu_req_handler_init)
    nrf_dfu_req_handler_on_req               0x00078515   Thumb Code    68  dfu_req_handling.o(i.nrf_dfu_req_handler_on_req)
    nrf_dfu_settings_calculate_crc           0x0007884d   Thumb Code    10  nrf_dfu_settings.o(i.nrf_dfu_settings_calculate_crc)
    nrf_dfu_settings_init                    0x0007885d   Thumb Code    88  nrf_dfu_settings.o(i.nrf_dfu_settings_init)
    nrf_dfu_settings_write                   0x000788ed   Thumb Code   152  nrf_dfu_settings.o(i.nrf_dfu_settings_write)
    nrf_dfu_transports_close                 0x00078a8d   Thumb Code    68  nrf_dfu_transport.o(i.nrf_dfu_transports_close)
    nrf_dfu_transports_init                  0x00078b41   Thumb Code    66  nrf_dfu_transport.o(i.nrf_dfu_transports_init)
    nrf_dfu_wait                             0x00078bf5   Thumb Code     4  nrf_dfu.o(i.nrf_dfu_wait)
    nrf_log_backend_hexdump_handler_get      0x00078c65   Thumb Code     4  nrf_log_backend_serial.o(i.nrf_log_backend_hexdump_handler_get)
    nrf_log_backend_init                     0x00078c6d   Thumb Code    30  nrf_log_backend_serial.o(i.nrf_log_backend_init)
    nrf_log_backend_std_handler_get          0x00078eb5   Thumb Code     4  nrf_log_backend_serial.o(i.nrf_log_backend_std_handler_get)
    nrf_log_frontend_hexdump                 0x00078ed5   Thumb Code    48  nrf_log_frontend.o(i.nrf_log_frontend_hexdump)
    nrf_log_frontend_std_0                   0x00078f09   Thumb Code     8  nrf_log_frontend.o(i.nrf_log_frontend_std_0)
    nrf_log_frontend_std_1                   0x00078f11   Thumb Code    14  nrf_log_frontend.o(i.nrf_log_frontend_std_1)
    nrf_log_frontend_std_2                   0x00078f1f   Thumb Code    16  nrf_log_frontend.o(i.nrf_log_frontend_std_2)
    nrf_log_frontend_std_3                   0x00078f2f   Thumb Code    18  nrf_log_frontend.o(i.nrf_log_frontend_std_3)
    nrf_log_frontend_std_5                   0x00078f41   Thumb Code    28  nrf_log_frontend.o(i.nrf_log_frontend_std_5)
    nrf_log_handlers_set                     0x00078f5d   Thumb Code     8  nrf_log_frontend.o(i.nrf_log_handlers_set)
    nrf_log_init                             0x00078f69   Thumb Code    34  nrf_log_frontend.o(i.nrf_log_init)
    nrf_nvmc_page_erase                      0x00078f8d   Thumb Code    38  nrf_nvmc.o(i.nrf_nvmc_page_erase)
    nrf_nvmc_write_words                     0x00078fbd   Thumb Code    52  nrf_nvmc.o(i.nrf_nvmc_write_words)
    nrf_queue_is_full                        0x00078ff9   Thumb Code    30  nrf_queue.o(i.nrf_queue_is_full)
    nrf_queue_push                           0x00079025   Thumb Code   178  nrf_queue.o(i.nrf_queue_push)
    pb_decode                                0x00079795   Thumb Code    30  pb_decode.o(i.pb_decode)
    pb_decode_fixed32                        0x000797b3   Thumb Code    32  pb_decode.o(i.pb_decode_fixed32)
    pb_decode_fixed64                        0x000797d3   Thumb Code    92  pb_decode.o(i.pb_decode_fixed64)
    pb_decode_noinit                         0x00079831   Thumb Code   390  pb_decode.o(i.pb_decode_noinit)
    pb_decode_svarint                        0x000799b7   Thumb Code    58  pb_decode.o(i.pb_decode_svarint)
    pb_decode_tag                            0x000799f1   Thumb Code    66  pb_decode.o(i.pb_decode_tag)
    pb_decode_varint                         0x00079a33   Thumb Code    74  pb_decode.o(i.pb_decode_varint)
    pb_field_iter_begin                      0x00079b15   Thumb Code    34  pb_common.o(i.pb_field_iter_begin)
    pb_field_iter_find                       0x00079b37   Thumb Code    46  pb_common.o(i.pb_field_iter_find)
    pb_field_iter_next                       0x00079b65   Thumb Code   128  pb_common.o(i.pb_field_iter_next)
    pb_istream_from_buffer                   0x00079c89   Thumb Code    14  pb_decode.o(i.pb_istream_from_buffer)
    pb_make_string_substream                 0x00079c9d   Thumb Code    54  pb_decode.o(i.pb_make_string_substream)
    pb_read                                  0x00079cf9   Thumb Code    84  pb_decode.o(i.pb_read)
    pb_skip_field                            0x00079d71   Thumb Code    90  pb_decode.o(i.pb_skip_field)
    sha256_final                             0x0007a237   Thumb Code   272  sha256.o(i.sha256_final)
    sha256_init                              0x0007a349   Thumb Code    50  sha256.o(i.sha256_init)
    sha256_transform                         0x0007a39d   Thumb Code   294  sha256.o(i.sha256_transform)
    sha256_update                            0x0007a4c9   Thumb Code    84  sha256.o(i.sha256_update)
    softdevice_ble_evt_handler_set           0x0007a51d   Thumb Code    14  softdevice_handler.o(i.softdevice_ble_evt_handler_set)
    softdevice_enable                        0x0007a531   Thumb Code    60  softdevice_handler.o(i.softdevice_enable)
    softdevice_enable_get_default_config     0x0007a5d1   Thumb Code    38  softdevice_handler.o(i.softdevice_enable_get_default_config)
    softdevice_evt_get                       0x0007a5f7   Thumb Code    18  softdevice_handler_appsh.o(i.softdevice_evt_get)
    softdevice_evt_schedule                  0x0007a609   Thumb Code    10  softdevice_handler_appsh.o(i.softdevice_evt_schedule)
    softdevice_fault_handler                 0x0007a619   Thumb Code     4  softdevice_handler.o(i.softdevice_fault_handler)
    softdevice_handler_init                  0x0007a61d   Thumb Code    88  softdevice_handler.o(i.softdevice_handler_init)
    softdevice_handler_is_enabled            0x0007a67d   Thumb Code     6  softdevice_handler.o(i.softdevice_handler_is_enabled)
    softdevice_sys_evt_handler_set           0x0007a689   Thumb Code    14  softdevice_handler.o(i.softdevice_sys_evt_handler_set)
    dfu_init_command_is_debug_default        0x0007a958   Data           1  dfu-cc.pb.o(.constdata)
    dfu_hash_fields                          0x0007a95c   Data          36  dfu-cc.pb.o(.constdata)
    dfu_init_command_fields                  0x0007a980   Data         120  dfu-cc.pb.o(.constdata)
    dfu_reset_command_fields                 0x0007a9f8   Data          24  dfu-cc.pb.o(.constdata)
    dfu_command_fields                       0x0007aa10   Data          48  dfu-cc.pb.o(.constdata)
    dfu_signed_command_fields                0x0007aa40   Data          48  dfu-cc.pb.o(.constdata)
    dfu_packet_fields                        0x0007aa70   Data          36  dfu-cc.pb.o(.constdata)
    pk                                       0x0007aa94   Data          64  dfu_public_key.o(.constdata)
    __ctype_table                            0x0007ac88   Data         129  ctype_o.o(.constdata)
    Region$$Table$$Base                      0x0007b18c   Number         0  anon$$obj.o(Region$$Table)
    Region$$Table$$Limit                     0x0007b1ac   Number         0  anon$$obj.o(Region$$Table)
    dfu_trans$$Base                          0x0007b1ac   Number         0  nrf_ble_dfu.o(dfu_trans)
    dfu_trans$$Limit                         0x0007b1b4   Number         0  nrf_ble_dfu.o(dfu_trans)
    m_mbr_params_page                        0x0007e000   Data        4096  nrf_dfu_settings.o(.ARM.__AT_0x0007E000)
    m_dfu_settings_buffer                    0x0007f000   Data        4096  nrf_dfu_settings.o(.ARM.__AT_0x0007F000)
    m_uicr_bootloader_start_address          0x10001014   Data           4  nrf_bootloader_info.o(.ARM.__AT_0x10001014)
    m_uicr_mbr_params_page_address           0x10001018   Data           4  nrf_dfu_settings.o(.ARM.__AT_0x10001018)
    Image$$RW_IRAM1$$Base                    0x20002c00   Number         0  anon$$obj.o ABSOLUTE
    SystemCoreClock                          0x20002c98   Data           4  system_nrf52.o(.data)
    fs_data$$Base                            0x20002c9c   Number         0  nrf_dfu_flash.o(fs_data)
    fs_data$$Limit                           0x20002cac   Number         0  nrf_dfu_flash.o(fs_data)
    s_dfu_settings                           0x2000361c   Data         348  nrf_dfu_settings.o(.bss)
    nrf_nvic_state                           0x200037a8   Data          12  app_util_platform.o(.bss)
    _SEGGER_RTT                              0x20003a48   Data         120  segger_rtt.o(.bss)
    __initial_sp                             0x20005ac0   Data           0  arm_startup_nrf52.o(STACK)



==============================================================================

Memory Map of the image

  Image Entry point : 0x00073401

  Load Region LR_IROM1 (Base: 0x00073000, Size: 0x00008260, Max: 0x0000b000, ABSOLUTE)

    Execution Region ER_IROM1 (Base: 0x00073000, Size: 0x000081b4, Max: 0x0000b000, ABSOLUTE)

    Base Addr    Size         Type   Attr      Idx    E Section Name        Object

    0x00073000   0x00000400   Data   RO         3181    RESET               arm_startup_nrf52.o
    0x00073400   0x00000000   Code   RO         3330  * .ARM.Collect$$$$00000000  mc_w.l(entry.o)
    0x00073400   0x00000004   Code   RO         3638    .ARM.Collect$$$$00000001  mc_w.l(entry2.o)
    0x00073404   0x00000004   Code   RO         3641    .ARM.Collect$$$$00000004  mc_w.l(entry5.o)
    0x00073408   0x00000000   Code   RO         3643    .ARM.Collect$$$$00000008  mc_w.l(entry7b.o)
    0x00073408   0x00000000   Code   RO         3645    .ARM.Collect$$$$0000000A  mc_w.l(entry8b.o)
    0x00073408   0x00000008   Code   RO         3646    .ARM.Collect$$$$0000000B  mc_w.l(entry9a.o)
    0x00073410   0x00000000   Code   RO         3648    .ARM.Collect$$$$0000000D  mc_w.l(entry10a.o)
    0x00073410   0x00000000   Code   RO         3650    .ARM.Collect$$$$0000000F  mc_w.l(entry11a.o)
    0x00073410   0x00000004   Code   RO         3639    .ARM.Collect$$$$00002712  mc_w.l(entry2.o)
    0x00073414   0x00000034   Code   RO         1003    .emb_text           nrf_bootloader_app_start.o
    0x00073448   0x00000024   Code   RO         3182    .text               arm_startup_nrf52.o
    0x0007346c   0x0000001e   Code   RO         3333    .text               mc_w.l(llshl.o)
    0x0007348a   0x00000002   PAD
    0x0007348c   0x00000008   Code   RO         3335    .text               mc_w.l(ctype_o.o)
    0x00073494   0x00000024   Code   RO         3363    .text               mc_w.l(memcpya.o)
    0x000734b8   0x00000024   Code   RO         3367    .text               mc_w.l(memseta.o)
    0x000734dc   0x0000000e   Code   RO         3369    .text               mc_w.l(strlen.o)
    0x000734ea   0x0000001a   Code   RO         3371    .text               mc_w.l(memcmp.o)
    0x00073504   0x00000012   Code   RO         3373    .text               mc_w.l(strcpy.o)
    0x00073516   0x00000062   Code   RO         3657    .text               mc_w.l(uldiv.o)
    0x00073578   0x00000024   Code   RO         3670    .text               mc_w.l(init.o)
    0x0007359c   0x00000020   Code   RO         3673    .text               mc_w.l(llushr.o)
    0x000735bc   0x000000ca   Code   RO         3269    .text.XYcZ_add      micro_ecc_lib_nrf52.lib(micro_ecc_lib_uECC.c.o)
    0x00073686   0x0000003e   Code   RO         3270    .text.apply_z       micro_ecc_lib_nrf52.lib(micro_ecc_lib_uECC.c.o)
    0x000736c4   0x0000000c   Code   RO         3225    .text.bcopy         micro_ecc_lib_nrf52.lib(micro_ecc_lib_uECC.c.o)
    0x000736d0   0x00000088   Code   RO         3242    .text.bits2int      micro_ecc_lib_nrf52.lib(micro_ecc_lib_uECC.c.o)
    0x00073758   0x00000154   Code   RO         3265    .text.double_jacobian_default  micro_ecc_lib_nrf52.lib(micro_ecc_lib_uECC.c.o)
    0x000738ac   0x00000008   Code   RO         3277    .text.uECC_secp256r1  micro_ecc_lib_nrf52.lib(micro_ecc_lib_uECC.c.o)
    0x000738b4   0x000002d4   Code   RO         3290    .text.uECC_verify   micro_ecc_lib_nrf52.lib(micro_ecc_lib_uECC.c.o)
    0x00073b88   0x00000008   PAD
    0x00073b90   0x00000058   Code   RO         3231    .text.uECC_vli_add  micro_ecc_lib_nrf52.lib(micro_ecc_lib_uECC.c.o)
    0x00073be8   0x00000018   Code   RO         3240    .text.uECC_vli_clear  micro_ecc_lib_nrf52.lib(micro_ecc_lib_uECC.c.o)
    0x00073c00   0x0000002a   Code   RO         3226    .text.uECC_vli_cmp_unsafe  micro_ecc_lib_nrf52.lib(micro_ecc_lib_uECC.c.o)
    0x00073c2a   0x0000002a   Code   RO         3251    .text.uECC_vli_equal  micro_ecc_lib_nrf52.lib(micro_ecc_lib_uECC.c.o)
    0x00073c54   0x0000001e   Code   RO         3243    .text.uECC_vli_isZero  micro_ecc_lib_nrf52.lib(micro_ecc_lib_uECC.c.o)
    0x00073c72   0x00000002   PAD
    0x00073c74   0x0000013c   Code   RO         3259    .text.uECC_vli_mmod  micro_ecc_lib_nrf52.lib(micro_ecc_lib_uECC.c.o)
    0x00073db0   0x00000032   Code   RO         3257    .text.uECC_vli_modAdd  micro_ecc_lib_nrf52.lib(micro_ecc_lib_uECC.c.o)
    0x00073de2   0x0000010c   Code   RO         3271    .text.uECC_vli_modInv  micro_ecc_lib_nrf52.lib(micro_ecc_lib_uECC.c.o)
    0x00073eee   0x00000024   Code   RO         3260    .text.uECC_vli_modMult  micro_ecc_lib_nrf52.lib(micro_ecc_lib_uECC.c.o)
    0x00073f12   0x00000020   Code   RO         3261    .text.uECC_vli_modMult_fast  micro_ecc_lib_nrf52.lib(micro_ecc_lib_uECC.c.o)
    0x00073f32   0x00000020   Code   RO         3263    .text.uECC_vli_modSquare_fast  micro_ecc_lib_nrf52.lib(micro_ecc_lib_uECC.c.o)
    0x00073f52   0x00000024   Code   RO         3258    .text.uECC_vli_modSub  micro_ecc_lib_nrf52.lib(micro_ecc_lib_uECC.c.o)
    0x00073f76   0x00000312   Code   RO         3234    .text.uECC_vli_mult  micro_ecc_lib_nrf52.lib(micro_ecc_lib_uECC.c.o)
    0x00074288   0x00000044   Code   RO         3246    .text.uECC_vli_numBits  micro_ecc_lib_nrf52.lib(micro_ecc_lib_uECC.c.o)
    0x000742cc   0x0000001a   Code   RO         3253    .text.uECC_vli_rshift1  micro_ecc_lib_nrf52.lib(micro_ecc_lib_uECC.c.o)
    0x000742e6   0x0000001a   Code   RO         3247    .text.uECC_vli_set  micro_ecc_lib_nrf52.lib(micro_ecc_lib_uECC.c.o)
    0x00074300   0x0000028c   Code   RO         3235    .text.uECC_vli_square  micro_ecc_lib_nrf52.lib(micro_ecc_lib_uECC.c.o)
    0x0007458c   0x00000004   PAD
    0x00074590   0x00000060   Code   RO         3233    .text.uECC_vli_sub  micro_ecc_lib_nrf52.lib(micro_ecc_lib_uECC.c.o)
    0x000745f0   0x00000012   Code   RO         3244    .text.uECC_vli_testBit  micro_ecc_lib_nrf52.lib(micro_ecc_lib_uECC.c.o)
    0x00074602   0x00000002   PAD
    0x00074604   0x000001b0   Code   RO         3250    .text.vli_mmod_fast_secp256r1  micro_ecc_lib_nrf52.lib(micro_ecc_lib_uECC.c.o)
    0x000747b4   0x0000003a   Code   RO         3254    .text.vli_modInv_update  micro_ecc_lib_nrf52.lib(micro_ecc_lib_uECC.c.o)
    0x000747ee   0x0000005a   Code   RO         3264    .text.x_side_default  micro_ecc_lib_nrf52.lib(micro_ecc_lib_uECC.c.o)
    0x00074848   0x00000016   Code   RO         1680    i.NVIC_ClearPendingIRQ  app_timer.o
    0x0007485e   0x00000016   Code   RO         2807    i.NVIC_DisableIRQ   softdevice_handler.o
    0x00074874   0x00000016   Code   RO         1681    i.NVIC_EnableIRQ    app_timer.o
    0x0007488a   0x00000016   Code   RO         2808    i.NVIC_EnableIRQ    softdevice_handler.o
    0x000748a0   0x00000016   Code   RO         1682    i.NVIC_SetPendingIRQ  app_timer.o
    0x000748b6   0x00000020   Code   RO         1683    i.NVIC_SetPriority  app_timer.o
    0x000748d6   0x00000002   PAD
    0x000748d8   0x00000024   Code   RO          330    i.NVIC_SystemReset  main.o
    0x000748fc   0x00000064   Code   RO         1447    i.RNG_IRQHandler    nrf_drv_rng.o
    0x00074960   0x00000024   Code   RO         1684    i.RTC1_IRQHandler   app_timer.o
    0x00074984   0x00000014   Code   RO         2658    i.SEGGER_RTT_Init   segger_rtt.o
    0x00074998   0x0000005c   Code   RO         2667    i.SEGGER_RTT_WriteNoLock  segger_rtt.o
    0x000749f4   0x00000004   Code   RO         1685    i.SWI0_EGU0_IRQHandler  app_timer.o
    0x000749f8   0x00000024   Code   RO         2809    i.SWI2_EGU2_IRQHandler  softdevice_handler.o
    0x00074a1c   0x0000029c   Code   RO         3190    i.SystemInit        system_nrf52.o
    0x00074cb8   0x00000068   Code   RO         2670    i._DoInit           segger_rtt.o
    0x00074d20   0x00000016   Code   RO         2671    i._GetAvailWriteSpace  segger_rtt.o
    0x00074d36   0x0000005a   Code   RO         2673    i._WriteBlocking    segger_rtt.o
    0x00074d90   0x0000003e   Code   RO         2674    i._WriteNoCheck     segger_rtt.o
    0x00074dce   0x00000002   PAD
    0x00074dd0   0x00000030   Code   RO         3585    i.__0snprintf$8     mc_w.l(printf8.o)
    0x00074e00   0x0000000e   Code   RO         3682    i.__scatterload_copy  mc_w.l(handlers.o)
    0x00074e0e   0x00000002   Code   RO         3683    i.__scatterload_null  mc_w.l(handlers.o)
    0x00074e10   0x0000000e   Code   RO         3684    i.__scatterload_zeroinit  mc_w.l(handlers.o)
    0x00074e1e   0x00000002   PAD
    0x00074e20   0x00000024   Code   RO         2810    i.__sd_nvic_app_accessible_irq  softdevice_handler.o
    0x00074e44   0x00000410   Code   RO         3591    i._printf_core      mc_w.l(printf8.o)
    0x00075254   0x00000024   Code   RO         3592    i._printf_post_padding  mc_w.l(printf8.o)
    0x00075278   0x0000002e   Code   RO         3593    i._printf_pre_padding  mc_w.l(printf8.o)
    0x000752a6   0x00000016   Code   RO         3594    i._snputc           mc_w.l(printf8.o)
    0x000752bc   0x00000070   Code   RO          788    i.advertising_init  nrf_ble_dfu.o
    0x0007532c   0x00000060   Code   RO          789    i.advertising_start  nrf_ble_dfu.o
    0x0007538c   0x00000044   Code   RO          331    i.app_error_fault_handler  main.o
    0x000753d0   0x00000034   Code   RO          332    i.app_error_handler_bare  main.o
    0x00075404   0x000000a0   Code   RO         1629    i.app_sched_event_put  app_scheduler.o
    0x000754a4   0x00000040   Code   RO         1630    i.app_sched_execute  app_scheduler.o
    0x000754e4   0x0000002c   Code   RO         1631    i.app_sched_init    app_scheduler.o
    0x00075510   0x00000024   Code   RO         1688    i.app_timer_create  app_timer.o
    0x00075534   0x00000018   Code   RO         1836    i.app_timer_evt_get  app_timer_appsh.o
    0x0007554c   0x00000018   Code   RO         1837    i.app_timer_evt_schedule  app_timer_appsh.o
    0x00075564   0x00000070   Code   RO         1689    i.app_timer_init    app_timer.o
    0x000755d4   0x00000088   Code   RO         1690    i.app_timer_start   app_timer.o
    0x0007565c   0x00000020   Code   RO         1691    i.app_timer_stop    app_timer.o
    0x0007567c   0x00000048   Code   RO         1865    i.app_util_critical_region_enter  app_util_platform.o
    0x000756c4   0x00000034   Code   RO         1866    i.app_util_critical_region_exit  app_util_platform.o
    0x000756f8   0x00000058   Code   RO          648    i.ble_conn_params_init  ble_conn_params.o
    0x00075750   0x00000084   Code   RO          649    i.ble_conn_params_on_ble_evt  ble_conn_params.o
    0x000757d4   0x0000000c   Code   RO          650    i.ble_conn_params_stop  ble_conn_params.o
    0x000757e0   0x0000006c   Code   RO          790    i.ble_dfu_init      nrf_ble_dfu.o
    0x0007584c   0x000000c0   Code   RO          791    i.ble_dfu_transport_close  nrf_ble_dfu.o
    0x0007590c   0x00000090   Code   RO          792    i.ble_dfu_transport_init  nrf_ble_dfu.o
    0x0007599c   0x00000012   Code   RO          793    i.ble_evt_dispatch  nrf_ble_dfu.o
    0x000759ae   0x00000008   Code   RO          727    i.ble_srv_is_notification_enabled  ble_srv_common.o
    0x000759b6   0x00000002   PAD
    0x000759b8   0x00000088   Code   RO          794    i.ble_stack_init    nrf_ble_dfu.o
    0x00075a40   0x00000010   Code   RO          429    i.bsp_board_led_off  boards.o
    0x00075a50   0x00000010   Code   RO          430    i.bsp_board_led_on  boards.o
    0x00075a60   0x0000002c   Code   RO          432    i.bsp_board_leds_init  boards.o
    0x00075a8c   0x00000012   Code   RO          433    i.bsp_board_leds_off  boards.o
    0x00075a9e   0x00000012   Code   RO         2441    i.buf_len_update    nrf_log_backend_serial.o
    0x00075ab0   0x0000001c   Code   RO         3006    i.buf_read          pb_decode.o
    0x00075acc   0x00000020   Code   RO         2014    i.check_config      fstorage.o
    0x00075aec   0x000000ac   Code   RO         1693    i.compare_reg_update  app_timer.o
    0x00075b98   0x00000004   Code   RO          795    i.conn_params_error_handler  nrf_ble_dfu.o
    0x00075b9c   0x0000005c   Code   RO          651    i.conn_params_negotiation  ble_conn_params.o
    0x00075bf8   0x0000003c   Code   RO         1917    i.crc32_compute     crc32.o
    0x00075c34   0x0000007e   Code   RO         3007    i.decode_callback_field  pb_decode.o
    0x00075cb2   0x0000001a   Code   RO         3008    i.decode_field      pb_decode.o
    0x00075ccc   0x000000e0   Code   RO         3009    i.decode_static_field  pb_decode.o
    0x00075dac   0x00000014   Code   RO         1235    i.delay_operation   nrf_dfu_settings.o
    0x00075dc0   0x00000084   Code   RO          796    i.dfu_ctrl_pt_add   nrf_ble_dfu.o
    0x00075e44   0x00000010   Code   RO           51    i.dfu_data_write_handler  dfu_req_handling.o
    0x00075e54   0x00000090   Code   RO           52    i.dfu_decode_commmand  dfu_req_handling.o
    0x00075ee4   0x00000340   Code   RO           53    i.dfu_handle_prevalidate  dfu_req_handling.o
    0x00076224   0x0000009c   Code   RO           54    i.dfu_handle_signed_command  dfu_req_handling.o
    0x000762c0   0x00000082   Code   RO          797    i.dfu_pkt_char_add  nrf_ble_dfu.o
    0x00076342   0x00000002   PAD
    0x00076344   0x00000018   Code   RO         1236    i.dfu_settings_write_callback  nrf_dfu_settings.o
    0x0007635c   0x0000004a   Code   RO         1946    i.ecc_p256_verify   ecc.o
    0x000763a6   0x00000002   PAD
    0x000763a8   0x00000040   Code   RO         1694    i.elapsed_ticks_acquire  app_timer.o
    0x000763e8   0x00000074   Code   RO         2015    i.fs_erase          fstorage.o
    0x0007645c   0x0000005c   Code   RO         1114    i.fs_evt_handler    nrf_dfu_flash.o
    0x000764b8   0x00000014   Code   RO         2016    i.fs_fake_init      fstorage.o
    0x000764cc   0x00000014   Code   RO         2019    i.fs_queue_is_full  fstorage.o
    0x000764e0   0x00000080   Code   RO         2021    i.fs_store          fstorage.o
    0x00076560   0x00000068   Code   RO         2022    i.fs_sys_event_handler  fstorage.o
    0x000765c8   0x0000006c   Code   RO          798    i.gap_params_init   nrf_ble_dfu.o
    0x00076634   0x0000007c   Code   RO         2811    i.intern_softdevice_events_execute  softdevice_handler.o
    0x000766b0   0x0000001c   Code   RO          652    i.is_conn_params_ok  ble_conn_params.o
    0x000766cc   0x0000000c   Code   RO         1948    i.is_word_aligned   ecc.o
    0x000766d8   0x0000002e   Code   RO         3010    i.iter_from_extension  pb_decode.o
    0x00076706   0x00000002   PAD
    0x00076708   0x000000a8   Code   RO         1695    i.list_deletions_handler  app_timer.o
    0x000767b0   0x000000b8   Code   RO         1696    i.list_insertions_handler  app_timer.o
    0x00076868   0x00000074   Code   RO          333    i.main              main.o
    0x000768dc   0x0000014c   Code   RO         1004    i.nrf_bootloader_app_start  nrf_bootloader_app_start.o
    0x00076a28   0x00000064   Code   RO          967    i.nrf_bootloader_init  nrf_bootloader.o
    0x00076a8c   0x0000004c   Code   RO         2221    i.nrf_crypto_hash_compute  nrf_crypto.o
    0x00076ad8   0x0000002e   Code   RO         2226    i.nrf_crypto_verify  nrf_crypto.o
    0x00076b06   0x00000002   PAD
    0x00076b08   0x0000008c   Code   RO          799    i.nrf_delay_us      nrf_ble_dfu.o
    0x00076b94   0x0000008c   Code   RO         1237    i.nrf_delay_us      nrf_dfu_settings.o
    0x00076c20   0x0000008c   Code   RO         1697    i.nrf_delay_us      app_timer.o
    0x00076cac   0x0000017c   Code   RO         1342    i.nrf_dfu_app_continue  nrf_dfu_utils.o
    0x00076e28   0x000000d8   Code   RO         1343    i.nrf_dfu_app_is_valid  nrf_dfu_utils.o
    0x00076f00   0x000000f8   Code   RO         1344    i.nrf_dfu_bl_continue  nrf_dfu_utils.o
    0x00076ff8   0x000003a4   Code   RO           55    i.nrf_dfu_command_req  dfu_req_handling.o
    0x0007739c   0x00000060   Code   RO         1345    i.nrf_dfu_continue  nrf_dfu_utils.o
    0x000773fc   0x00000144   Code   RO         1346    i.nrf_dfu_continue_bank  nrf_dfu_utils.o
    0x00077540   0x0000055c   Code   RO           56    i.nrf_dfu_data_req  dfu_req_handling.o
    0x00077a9c   0x00000038   Code   RO         1052    i.nrf_dfu_enter_check  nrf_dfu.o
    0x00077ad4   0x000002a8   Code   RO         1347    i.nrf_dfu_find_cache  nrf_dfu_utils.o
    0x00077d7c   0x0000013c   Code   RO         1115    i.nrf_dfu_flash_erase  nrf_dfu_flash.o
    0x00077eb8   0x000000b8   Code   RO         1117    i.nrf_dfu_flash_init  nrf_dfu_flash.o
    0x00077f70   0x00000110   Code   RO         1118    i.nrf_dfu_flash_store  nrf_dfu_flash.o
    0x00078080   0x000001c8   Code   RO         1053    i.nrf_dfu_init      nrf_dfu.o
    0x00078248   0x00000018   Code   RO         1348    i.nrf_dfu_invalidate_bank  nrf_dfu_utils.o
    0x00078260   0x0000001c   Code   RO         1183    i.nrf_dfu_mbr_compare  nrf_dfu_mbr.o
    0x0007827c   0x00000016   Code   RO         1184    i.nrf_dfu_mbr_copy_bl  nrf_dfu_mbr.o
    0x00078292   0x00000002   PAD
    0x00078294   0x00000024   Code   RO         1185    i.nrf_dfu_mbr_copy_sd  nrf_dfu_mbr.o
    0x000782b8   0x00000018   Code   RO         1186    i.nrf_dfu_mbr_init_sd  nrf_dfu_mbr.o
    0x000782d0   0x000001f4   Code   RO           57    i.nrf_dfu_postvalidate  dfu_req_handling.o
    0x000784c4   0x00000050   Code   RO           58    i.nrf_dfu_req_handler_init  dfu_req_handling.o
    0x00078514   0x00000068   Code   RO           59    i.nrf_dfu_req_handler_on_req  dfu_req_handling.o
    0x0007857c   0x000000a0   Code   RO         1349    i.nrf_dfu_sd_bl_continue  nrf_dfu_utils.o
    0x0007861c   0x00000230   Code   RO         1350    i.nrf_dfu_sd_continue_impl  nrf_dfu_utils.o
    0x0007884c   0x00000010   Code   RO         1238    i.nrf_dfu_settings_calculate_crc  nrf_dfu_settings.o
    0x0007885c   0x00000090   Code   RO         1239    i.nrf_dfu_settings_init  nrf_dfu_settings.o
    0x000788ec   0x000001a0   Code   RO         1240    i.nrf_dfu_settings_write  nrf_dfu_settings.o
    0x00078a8c   0x000000b4   Code   RO         1308    i.nrf_dfu_transports_close  nrf_dfu_transport.o
    0x00078b40   0x000000b4   Code   RO         1309    i.nrf_dfu_transports_init  nrf_dfu_transport.o
    0x00078bf4   0x00000004   Code   RO         1054    i.nrf_dfu_wait      nrf_dfu.o
    0x00078bf8   0x00000014   Code   RO         1455    i.nrf_drv_rng_stop  nrf_drv_rng.o
    0x00078c0c   0x00000024   Code   RO          437    i.nrf_gpio_cfg      boards.o
    0x00078c30   0x00000010   Code   RO          800    i.nrf_gpio_cfg_output  nrf_ble_dfu.o
    0x00078c40   0x0000000e   Code   RO          801    i.nrf_gpio_pin_set  nrf_ble_dfu.o
    0x00078c4e   0x00000016   Code   RO          438    i.nrf_gpio_pin_write  boards.o
    0x00078c64   0x00000008   Code   RO         2443    i.nrf_log_backend_hexdump_handler_get  nrf_log_backend_serial.o
    0x00078c6c   0x00000024   Code   RO         2444    i.nrf_log_backend_init  nrf_log_backend_serial.o
    0x00078c90   0x0000011c   Code   RO         2445    i.nrf_log_backend_serial_hexdump_handler  nrf_log_backend_serial.o
    0x00078dac   0x00000108   Code   RO         2446    i.nrf_log_backend_serial_std_handler  nrf_log_backend_serial.o
    0x00078eb4   0x00000008   Code   RO         2447    i.nrf_log_backend_std_handler_get  nrf_log_backend_serial.o
    0x00078ebc   0x00000018   Code   RO         2533    i.nrf_log_direct_feed  nrf_log_frontend.o
    0x00078ed4   0x00000034   Code   RO         2535    i.nrf_log_frontend_hexdump  nrf_log_frontend.o
    0x00078f08   0x00000008   Code   RO         2537    i.nrf_log_frontend_std_0  nrf_log_frontend.o
    0x00078f10   0x0000000e   Code   RO         2538    i.nrf_log_frontend_std_1  nrf_log_frontend.o
    0x00078f1e   0x00000010   Code   RO         2539    i.nrf_log_frontend_std_2  nrf_log_frontend.o
    0x00078f2e   0x00000012   Code   RO         2540    i.nrf_log_frontend_std_3  nrf_log_frontend.o
    0x00078f40   0x0000001c   Code   RO         2542    i.nrf_log_frontend_std_5  nrf_log_frontend.o
    0x00078f5c   0x0000000c   Code   RO         2545    i.nrf_log_handlers_set  nrf_log_frontend.o
    0x00078f68   0x00000022   Code   RO         2546    i.nrf_log_init      nrf_log_frontend.o
    0x00078f8a   0x00000002   PAD
    0x00078f8c   0x00000030   Code   RO         1554    i.nrf_nvmc_page_erase  nrf_nvmc.o
    0x00078fbc   0x0000003c   Code   RO         1558    i.nrf_nvmc_write_words  nrf_nvmc.o
    0x00078ff8   0x0000001e   Code   RO         2281    i.nrf_queue_is_full  nrf_queue.o
    0x00079016   0x0000000e   Code   RO         2282    i.nrf_queue_next_idx  nrf_queue.o
    0x00079024   0x000000b2   Code   RO         2284    i.nrf_queue_push    nrf_queue.o
    0x000790d6   0x00000002   PAD
    0x000790d8   0x00000134   Code   RO          802    i.on_ble_evt        nrf_ble_dfu.o
    0x0007920c   0x000001f0   Code   RO          803    i.on_ctrl_pt_write  nrf_ble_dfu.o
    0x000793fc   0x0000004c   Code   RO           60    i.on_dfu_complete   dfu_req_handling.o
    0x00079448   0x00000054   Code   RO         2023    i.on_operation_success  fstorage.o
    0x0007949c   0x00000094   Code   RO          804    i.on_rw_authorize_req  nrf_ble_dfu.o
    0x00079530   0x00000090   Code   RO          805    i.on_write          nrf_ble_dfu.o
    0x000795c0   0x00000040   Code   RO         3012    i.pb_dec_bytes      pb_decode.o
    0x00079600   0x00000006   Code   RO         3013    i.pb_dec_fixed32    pb_decode.o
    0x00079606   0x00000006   Code   RO         3014    i.pb_dec_fixed64    pb_decode.o
    0x0007960c   0x0000003e   Code   RO         3015    i.pb_dec_string     pb_decode.o
    0x0007964a   0x00000040   Code   RO         3016    i.pb_dec_submessage  pb_decode.o
    0x0007968a   0x00000058   Code   RO         3017    i.pb_dec_svarint    pb_decode.o
    0x000796e2   0x00000058   Code   RO         3018    i.pb_dec_uvarint    pb_decode.o
    0x0007973a   0x0000005a   Code   RO         3019    i.pb_dec_varint     pb_decode.o
    0x00079794   0x0000001e   Code   RO         3020    i.pb_decode         pb_decode.o
    0x000797b2   0x00000020   Code   RO         3022    i.pb_decode_fixed32  pb_decode.o
    0x000797d2   0x0000005c   Code   RO         3023    i.pb_decode_fixed64  pb_decode.o
    0x0007982e   0x00000002   PAD
    0x00079830   0x00000186   Code   RO         3024    i.pb_decode_noinit  pb_decode.o
    0x000799b6   0x0000003a   Code   RO         3025    i.pb_decode_svarint  pb_decode.o
    0x000799f0   0x00000042   Code   RO         3026    i.pb_decode_tag     pb_decode.o
    0x00079a32   0x0000004a   Code   RO         3027    i.pb_decode_varint  pb_decode.o
    0x00079a7c   0x0000004c   Code   RO         3028    i.pb_decode_varint32  pb_decode.o
    0x00079ac8   0x0000004c   Code   RO           61    i.pb_decoding_callback  dfu_req_handling.o
    0x00079b14   0x00000022   Code   RO         2979    i.pb_field_iter_begin  pb_common.o
    0x00079b36   0x0000002e   Code   RO         2980    i.pb_field_iter_find  pb_common.o
    0x00079b64   0x00000080   Code   RO         2981    i.pb_field_iter_next  pb_common.o
    0x00079be4   0x000000a4   Code   RO         3029    i.pb_field_set_to_default  pb_decode.o
    0x00079c88   0x00000014   Code   RO         3030    i.pb_istream_from_buffer  pb_decode.o
    0x00079c9c   0x00000036   Code   RO         3031    i.pb_make_string_substream  pb_decode.o
    0x00079cd2   0x00000026   Code   RO         3032    i.pb_message_set_to_defaults  pb_decode.o
    0x00079cf8   0x00000058   Code   RO         3033    i.pb_read           pb_decode.o
    0x00079d50   0x00000020   Code   RO         3034    i.pb_readbyte       pb_decode.o
    0x00079d70   0x0000005a   Code   RO         3035    i.pb_skip_field     pb_decode.o
    0x00079dca   0x00000002   PAD
    0x00079dcc   0x0000002c   Code   RO         2024    i.queue_advance     fstorage.o
    0x00079df8   0x00000038   Code   RO         2025    i.queue_get_next_free  fstorage.o
    0x00079e30   0x00000070   Code   RO         2026    i.queue_process     fstorage.o
    0x00079ea0   0x0000001c   Code   RO         2027    i.queue_start       fstorage.o
    0x00079ebc   0x00000016   Code   RO         2290    i.queue_utilization_get  nrf_queue.o
    0x00079ed2   0x00000010   Code   RO         2812    i.ram_end_address_get  softdevice_handler.o
    0x00079ee2   0x00000062   Code   RO         3036    i.read_raw_value    pb_decode.o
    0x00079f44   0x000000ac   Code   RO          806    i.response_crc_cmd_send  nrf_ble_dfu.o
    0x00079ff0   0x0000007c   Code   RO          807    i.response_select_object_cmd_send  nrf_ble_dfu.o
    0x0007a06c   0x0000007c   Code   RO          808    i.response_send     nrf_ble_dfu.o
    0x0007a0e8   0x0000003c   Code   RO         1698    i.rtc1_stop         app_timer.o
    0x0007a124   0x00000070   Code   RO         2814    i.sd_nvic_EnableIRQ  softdevice_handler.o
    0x0007a194   0x0000004c   Code   RO         2028    i.send_event        fstorage.o
    0x0007a1e0   0x00000028   Code   RO          809    i.send_hvx          nrf_ble_dfu.o
    0x0007a208   0x0000002e   Code   RO         2448    i.serial_tx         nrf_log_backend_serial.o
    0x0007a236   0x00000110   Code   RO         2394    i.sha256_final      sha256.o
    0x0007a346   0x00000002   PAD
    0x0007a348   0x00000054   Code   RO         2395    i.sha256_init       sha256.o
    0x0007a39c   0x0000012c   Code   RO         2396    i.sha256_transform  sha256.o
    0x0007a4c8   0x00000054   Code   RO         2397    i.sha256_update     sha256.o
    0x0007a51c   0x00000014   Code   RO         2815    i.softdevice_ble_evt_handler_set  softdevice_handler.o
    0x0007a530   0x000000a0   Code   RO         2816    i.softdevice_enable  softdevice_handler.o
    0x0007a5d0   0x00000026   Code   RO         2817    i.softdevice_enable_get_default_config  softdevice_handler.o
    0x0007a5f6   0x00000012   Code   RO         2952    i.softdevice_evt_get  softdevice_handler_appsh.o
    0x0007a608   0x00000010   Code   RO         2953    i.softdevice_evt_schedule  softdevice_handler_appsh.o
    0x0007a618   0x00000004   Code   RO         2818    i.softdevice_fault_handler  softdevice_handler.o
    0x0007a61c   0x00000060   Code   RO         2819    i.softdevice_handler_init  softdevice_handler.o
    0x0007a67c   0x0000000c   Code   RO         2820    i.softdevice_handler_is_enabled  softdevice_handler.o
    0x0007a688   0x00000014   Code   RO         2825    i.softdevice_sys_evt_handler_set  softdevice_handler.o
    0x0007a69c   0x0000008c   Code   RO         1699    i.timer_list_handler  app_timer.o
    0x0007a728   0x0000003c   Code   RO         1700    i.timer_list_insert  app_timer.o
    0x0007a764   0x00000048   Code   RO         1701    i.timer_stop_op_schedule  app_timer.o
    0x0007a7ac   0x00000084   Code   RO         1702    i.timer_timeouts_check  app_timer.o
    0x0007a830   0x00000034   Code   RO         2449    i.timestamp_process  nrf_log_backend_serial.o
    0x0007a864   0x00000012   Code   RO          810    i.uint32_encode     nrf_ble_dfu.o
    0x0007a876   0x00000002   PAD
    0x0007a878   0x00000060   Code   RO          653    i.update_timeout_handler  ble_conn_params.o
    0x0007a8d8   0x00000030   Code   RO         1703    i.user_op_alloc     app_timer.o
    0x0007a908   0x00000050   Code   RO         1241    i.wait_for_queue    nrf_dfu_settings.o
    0x0007a958   0x00000001   Data   RO            1    .constdata          dfu-cc.pb.o
    0x0007a959   0x00000003   PAD
    0x0007a95c   0x00000024   Data   RO            2    .constdata          dfu-cc.pb.o
    0x0007a980   0x00000078   Data   RO            3    .constdata          dfu-cc.pb.o
    0x0007a9f8   0x00000018   Data   RO            4    .constdata          dfu-cc.pb.o
    0x0007aa10   0x00000030   Data   RO            5    .constdata          dfu-cc.pb.o
    0x0007aa40   0x00000030   Data   RO            6    .constdata          dfu-cc.pb.o
    0x0007aa70   0x00000024   Data   RO            7    .constdata          dfu-cc.pb.o
    0x0007aa94   0x00000040   Data   RO           36    .constdata          dfu_public_key.o
    0x0007aad4   0x00000008   Data   RO           63    .constdata          dfu_req_handling.o
    0x0007aadc   0x00000008   Data   RO          439    .constdata          boards.o
    0x0007aae4   0x00000004   Data   RO          656    .constdata          ble_conn_params.o
    0x0007aae8   0x00000014   Data   RO          812    .constdata          nrf_ble_dfu.o
    0x0007aafc   0x00000010   Data   RO         1120    .constdata          nrf_dfu_flash.o
    0x0007ab0c   0x00000040   Data   RO         1188    .constdata          nrf_dfu_mbr.o
    0x0007ab4c   0x00000018   Data   RO         1459    .constdata          nrf_drv_rng.o
    0x0007ab64   0x00000100   Data   RO         2398    .constdata          sha256.o
    0x0007ac64   0x00000024   Data   RO         3037    .constdata          pb_decode.o
    0x0007ac88   0x00000081   Data   RO         3336    .constdata          mc_w.l(ctype_o.o)
    0x0007ad09   0x00000003   PAD
    0x0007ad0c   0x00000004   Data   RO         3337    .constdata          mc_w.l(ctype_o.o)
    0x0007ad10   0x0000013d   Data   RO           64    .conststring        dfu_req_handling.o
    0x0007ae4d   0x00000003   PAD
    0x0007ae50   0x00000051   Data   RO          813    .conststring        nrf_ble_dfu.o
    0x0007aea1   0x00000003   PAD
    0x0007aea4   0x00000042   Data   RO         1246    .conststring        nrf_dfu_settings.o
    0x0007aee6   0x00000002   PAD
    0x0007aee8   0x000001af   Data   RO         1351    .conststring        nrf_dfu_utils.o
    0x0007b097   0x00000001   PAD
    0x0007b098   0x00000042   Data   RO         2826    .conststring        softdevice_handler.o
    0x0007b0da   0x00000002   PAD
    0x0007b0dc   0x000000b0   Data   RO         3305    .rodata.curve_secp256r1  micro_ecc_lib_nrf52.lib(micro_ecc_lib_uECC.c.o)
    0x0007b18c   0x00000020   Data   RO         3680    Region$$Table       anon$$obj.o
    0x0007b1ac   0x00000008   Data   RO          815    dfu_trans           nrf_ble_dfu.o


    Execution Region RW_IRAM1 (Base: 0x20002c00, Size: 0x00002ec0, Max: 0x0000d380, ABSOLUTE)

    Base Addr    Size         Type   Attr      Idx    E Section Name        Object

    0x20002c00   0x00000024   Data   RW           65    .data               dfu_req_handling.o
    0x20002c24   0x00000014   Data   RW          657    .data               ble_conn_params.o
    0x20002c38   0x0000000c   Data   RW          814    .data               nrf_ble_dfu.o
    0x20002c44   0x00000004   Data   RW         1121    .data               nrf_dfu_flash.o
    0x20002c48   0x00000008   Data   RW         1247    .data               nrf_dfu_settings.o
    0x20002c50   0x00000010   Data   RW         1633    .data               app_scheduler.o
    0x20002c60   0x00000020   Data   RW         1704    .data               app_timer.o
    0x20002c80   0x00000002   Data   RW         2030    .data               fstorage.o
    0x20002c82   0x00000002   Data   RW         2451    .data               nrf_log_backend_serial.o
    0x20002c84   0x00000014   Data   RW         2827    .data               softdevice_handler.o
    0x20002c98   0x00000004   Data   RW         3191    .data               system_nrf52.o
    0x20002c9c   0x00000010   Data   RW         1122    fs_data             nrf_dfu_flash.o
    0x20002cac   0x0000059c   Zero   RW           62    .bss                dfu_req_handling.o
    0x20003248   0x00000020   Zero   RW          654    .bss                ble_conn_params.o
    0x20003268   0x0000001c   Zero   RW          655    .bss                ble_conn_params.o
    0x20003284   0x00000073   Zero   RW          811    .bss                nrf_ble_dfu.o
    0x200032f7   0x00000001   PAD
    0x200032f8   0x000001c8   Zero   RW         1055    .bss                nrf_dfu.o
    0x200034c0   0x000002b8   Zero   RW         1245    .bss                nrf_dfu_settings.o
    0x20003778   0x00000021   Zero   RW         1457    .bss                nrf_drv_rng.o
    0x20003799   0x00000003   PAD
    0x2000379c   0x0000000c   Zero   RW         1458    .bss                nrf_drv_rng.o
    0x200037a8   0x0000000c   Zero   RW         1869    .bss                app_util_platform.o
    0x200037b4   0x00000068   Zero   RW         2029    .bss                fstorage.o
    0x2000381c   0x0000001c   Zero   RW         2548    .bss                nrf_log_frontend.o
    0x20003838   0x00000288   Zero   RW         2675    .bss                segger_rtt.o
    0x20003ac0   0x00002000   Zero   RW         3179    STACK               arm_startup_nrf52.o



  Load Region LR$$.ARM.__AT_0x0007E000 (Base: 0x0007e000, Size: 0x00000000, Max: 0x00001000, ABSOLUTE)

    Execution Region ER$$.ARM.__AT_0x0007E000 (Base: 0x0007e000, Size: 0x00001000, Max: 0x00001000, ABSOLUTE, UNINIT)

    Base Addr    Size         Type   Attr      Idx    E Section Name        Object

    0x0007e000   0x00001000   Zero   RW         1242    .ARM.__AT_0x0007E000  nrf_dfu_settings.o



  Load Region LR$$.ARM.__AT_0x0007F000 (Base: 0x0007f000, Size: 0x00000000, Max: 0x00001000, ABSOLUTE)

    Execution Region ER$$.ARM.__AT_0x0007F000 (Base: 0x0007f000, Size: 0x00001000, Max: 0x00001000, ABSOLUTE, UNINIT)

    Base Addr    Size         Type   Attr      Idx    E Section Name        Object

    0x0007f000   0x00001000   Zero   RW         1243    .ARM.__AT_0x0007F000  nrf_dfu_settings.o



  Load Region LR$$.ARM.__AT_0x10001014 (Base: 0x10001014, Size: 0x00000004, Max: 0x00000004, ABSOLUTE)

    Execution Region ER$$.ARM.__AT_0x10001014 (Base: 0x10001014, Size: 0x00000004, Max: 0x00000004, ABSOLUTE, UNINIT)

    Base Addr    Size         Type   Attr      Idx    E Section Name        Object

    0x10001014   0x00000004   Data   RW         1031    .ARM.__AT_0x10001014  nrf_bootloader_info.o



  Load Region LR$$.ARM.__AT_0x10001018 (Base: 0x10001018, Size: 0x00000004, Max: 0x00000004, ABSOLUTE)

    Execution Region ER$$.ARM.__AT_0x10001018 (Base: 0x10001018, Size: 0x00000004, Max: 0x00000004, ABSOLUTE, UNINIT)

    Base Addr    Size         Type   Attr      Idx    E Section Name        Object

    0x10001018   0x00000004   Data   RW         1244    .ARM.__AT_0x10001018  nrf_dfu_settings.o

